Open Watcom Linker Version 1.9
Portions Copyright (c) 1985-2002 Sybase, Inc. All Rights Reserved.
Created on:       20/10/13 19:14:56
Executable Image: laba41.exe
creating a Windows NT character-mode executable


                        +------------+
                        |   Groups   |
                        +------------+

Group                           Address              Size
=====                           =======              ====

.idata                          00416000             00000786
DGROUP                          00417000             000130f0



                        +--------------+
                        |   Segments   |
                        +--------------+

Segment                Class          Group          Address         Size
=======                =====          =====          =======         ====

BEGTEXT                CODE           AUTO           00401000        00000007
_TEXT                  CODE           AUTO           00401010        00014038
TRANSFER CODE          CODE           AUTO           00415048        0000019e
.idata                 .idata         .idata         00416000        00000786
_NULL                  BEGDATA        DGROUP         00417000        00000004
_AFTERNULL             BEGDATA        DGROUP         00417004        00000000
CONST                  DATA           DGROUP         00417010        000001e0
_DATA                  DATA           DGROUP         004171f0        000010a8
CONST2                 DATA           DGROUP         00418298        00000000
XIB                    DATA           DGROUP         00418298        00000000
XI                     DATA           DGROUP         00418298        0000004e
XIE                    DATA           DGROUP         004182e6        00000000
YIB                    DATA           DGROUP         004182e6        00000000
YI                     DATA           DGROUP         004182e6        00000030
YIE                    DATA           DGROUP         00418316        00000000
TIB                    DATA           DGROUP         00418316        00000000
TI                     DATA           DGROUP         00418316        00000000
TIE                    DATA           DGROUP         00418316        00000000
DATA                   DATA           DGROUP         00418316        00000000
DATA32                 DATA           DGROUP         00418318        0000011c
CONST32                CONST          DGROUP         00419000        00000000
_BSS                   BSS            DGROUP         00419000        000010f0
BSS32                  BSS            DGROUP         0041a0f0        00000000
STACK                  STACK          DGROUP         0041a0f0        00010000


                        +----------------+
                        |   Memory Map   |
                        +----------------+

* = unreferenced symbol
+ = symbol only referenced locally

Address        Symbol
=======        ======

Module: laba41.obj(C:\Users\angry\OneDrive\Desktop\lab4.1\laba41.for)
00401010+      F
00401041+      G
0040106d+      EL
004010a4+      ELM
00401119+      ELMM
00401187       FMAIN
Module: D:\WATCOM/lib386\math387r.lib(exp87)
00401617*      exp_
004015b0*      __@DEXP1
004015b8       IF@EXP
004015b8*      IF@DEXP
004015ba       __@DEXP
Module: D:\WATCOM/lib386/nt\flib7.lib(setunit.c)
00401630       RT@SetUnit
Module: D:\WATCOM/lib386/nt\flib7.lib(setfile.c)
00401670       RT@SetFile
Module: D:\WATCOM/lib386/nt\flib7.lib(exopen.c)
00401dc0       RT@IOOpen
00417250+      _AccModTab
00417260+      _FormTab
0041726c+      _OpStatTab
00417280+      _BlnkTab
0041728c+      _RecFmTab
0041729c+      _CCtrlTab
004172a8+      _ActionTab
004172b8+      _ShareTab
Module: D:\WATCOM/lib386/nt\flib7.lib(setfmt.c)
00401de0       RT@SetFmt
Module: D:\WATCOM/lib386/nt\flib7.lib(cowrite)
00401e00       RT@IOWrite
00401e0f*      RT@OutLOG1
00401e21*      RT@OutLOG4
00401e2f*      RT@OutINT1
00401e41*      RT@OutINT2
00401e51*      RT@OutINT4
00401e60       RT@OutREAL
00401e70*      RT@OutDBLE
00401e80*      RT@OutXTND
00401e90*      RT@OutCPLX
00401ea6*      RT@OutDBCX
00401ebc*      RT@OutXTCX
00401ed2       RT@OutCHAR
00401ed7*      RT@OutSTR
00401edc*      RT@PrtArr
00401ee1*      RT@PrtChArr
Module: D:\WATCOM/lib386/nt\flib7.lib(cortns)
004172d0*      _FRT_SaveESP
00401ef1*      SwitchToGen
00401f0f       SwitchToRT
00401f2d       RdWrCommon
00401fd1       IOType_
00401fef       IOChar
0040200a       IOStr
0040201f       IOArr
0040203a       IOChArr
0040205c       RT@EndIO
Module: D:\WATCOM/lib386/nt\flib7.lib(coread)
00402066       RT@IORead
00402075*      RT@InpLOG1
00402084*      RT@InpLOG4
00402093*      RT@InpINT1
004020a2*      RT@InpINT2
004020b1       RT@InpINT4
004020c0*      RT@InpREAL
004020cf*      RT@InpDBLE
004020de*      RT@InpXTND
004020ed*      RT@InpCPLX
004020fc*      RT@InpDBCX
0040210b*      RT@InpXTCX
0040211a*      RT@InpCHAR
0040211f*      RT@InpSTR
00402124*      RT@InpArr
00402129*      RT@InpChArr
Module: D:\WATCOM/lib386\math387r.lib(fchop87)
00402130       __CHP
Module: D:\WATCOM/lib386/nt\flib7.lib(exclose.c)
00402240       RT@IOClose
Module: D:\WATCOM/lib386/nt\flib7.lib(pause.c)
00402270       RT@Pause
00417300*      LG@PAUSE_HOOK
Module: D:\WATCOM/lib386/nt\clib3r.lib(cstrtwnt)
004022b4       _cstart_
004022b4*      mainCRTStartup
Module: D:\WATCOM/lib386/nt\clib3r.lib(_8087)
00417304       __8087
00417305       __real87
Module: D:\WATCOM/lib386/nt\emu387.lib(386)
00402310       __init_387_emulator
00402311*      __fini_387_emulator
Module: D:\WATCOM/lib386/nt\flib7.lib(initeng.c)
00419000       __init_english
Module: D:\WATCOM/lib386/nt\flib7.lib(initerr.c)
00419004       __init_error
Module: D:\WATCOM/lib386\math387r.lib(math87e.c)
00402320       __math87_err_
Module: D:\WATCOM/lib386/nt\flib7.lib(setiocb.c)
00402390       RT@SetIOCB
Module: D:\WATCOM/lib386/nt\flib7.lib(rdata.c)
00419010       _IORslt
00419020       _FmtBuff
00419024*      _Fmt_revert
00419028*      _Fmt_start
0041902c*      _Fmt_paren_level
00419030*      _Fmt_charptr
00419034*      _FmtEmStruct
00419038       _IOTypeRtn
0041903c*      _Fmt_end
00419040*      _Fmt_rep_spec
00419044       _FmtRoutine
00419048       _IOCB
0041904c       _Files
00419050*      _Fmt_delimited
Module: D:\WATCOM/lib386/nt\flib7.lib(rtutls.c)
00402440       FindFtnFile_
00402530       RChkAlloc_
00402560       F_Connect_
004025e0       ConnectFile_
004025f0       GetFileInfo_
004026e0       DiscoFile_
00402750*      ChkFileName_
00402780+      ChkLogFile_
004027c0       ChkIOOperation_
00402800       GetIOErr_
00402810       ChkIOErr_
00402830       ChkUnitId_
00402870*      ChkConnected_
00402890       SetEOF_
004028c0       ClearEOF_
00402900       SysEOF_
00402930       IsFixed_
00402940       IsCarriage_
00402950*      ChkRecordStructure_
00402980*      ChkSequential_
004029a0*      ChkExist_
004029d0       StrItem_
Module: D:\WATCOM/lib386/nt\flib7.lib(exutil.c)
00402a50       FindKWord_
00402ae0*      ClrBuff_
00417308       _SpecId
Module: D:\WATCOM/lib386/nt\flib7.lib(ioerr.c)
00402b30       IOErr_
Module: D:\WATCOM/lib386/nt\flib7.lib(rtsysutl.c)
00402bc0       GetSysIOInfo_
00402be0       GetSysFileInfo_
00402c10       IsDevice_
00402de0       OpenAction_
00402e20*      DfltRecType_
00402e40+      _FileAttrs_
00402f00       CloseFile_
00402f70       Scrtched_
00402f90       CloseDeleteFile_
00402fe0       Errf_
00403000       FPutBuff_
00403070       FGetBuff_
004030c0       SeekFile_
004030e0       NoEOF_
004030f0       SysClearEOF_
00403100       SameFile_
00403110*      Rewindf_
00403130       SysCreateFile_
00403170       CheckLogicalRecord_
00403190       SkipLogicalRecord_
004031b0*      BackSpacef_
004031e0*      EndFilef_
00403220       GetIOErrMsg_
00403260       ReportNExist_
00403280       ReportEOF_
00403290       WaitForEnter_
Module: D:\WATCOM/lib386/nt\flib7.lib(runmain.c)
004032a0*      __InitUnit6CC_
004032b0       __DevicesCC_
004032c0*      __InitAllowCommaSeparator_
004032d0       __AllowCommaSep_
004032e0+      _InitIO_
00403350+      CloseAllFiles_
00403390*      _FiniEx_
00403390       RunExit_
004033d0       RunEntry_
Module: D:\WATCOM/lib386/nt\flib7.lib(rdwr.c)
00403400       DoOpen_
00403430+      _AllocBuffer_
00403470       IOPrologue_
004036b0       UpdateRecNum_
Module: D:\WATCOM/lib386/nt\flib7.lib(iomain.c)
004036f0       __ReleaseIOSys_
00403710       IOMain_
Module: D:\WATCOM/lib386/nt\flib7.lib(rfmtexec.c)
004041f0       R_FExec_
Module: D:\WATCOM/lib386/nt\flib7.lib(exwrite.c)
00404290       DoWrite_
Module: D:\WATCOM/lib386/nt\clib3r.lib(crwdata)
00417378       __osmajor
00417379       __osminor
0041737a       __osbuild
0041737c       __osver
00417380       __winmajor
00417384       __winminor
00417388       __winver
00417344       __LpDllName
00417348       __LpwCmdLine
0041734c       __LpwPgmName
00417350       __LpwDllName
0041733c       __LpCmdLine
00417340       __LpPgmName
00417334*      __dynend
00417338       __curbrk
00417354*      __STACKLOW
00417358       __STACKTOP
0041735c       __ASTACKSIZ
00417360       __ASTACKPTR
00417364*      __cbyte
00417368*      __cbyte2
0041736c*      __child
00417372       __Envptr
00417376*      __Envseg
00417370       __no87
0041738c       ___FPE_handler
Module: D:\WATCOM/lib386/nt\flib7.lib(thrdutil.c)
00404320*      __InitMultiThreadIO_
00417394       ___SwitchStkLow
Module: D:\WATCOM/lib386/nt\flib7.lib(exread.c)
004043b0       DoRead_
Module: D:\WATCOM/lib386/nt\flib7.lib(rtinit.c)
00417398       ___FAppType
0041739c       __ExceptionInit
004173a0       __ExceptionFini
004043f0*      __InitFThreadData_
00404430+      RTSysFini_
00404440       RTSysInit_
004173a8       __AccessFIO
004173ac       __ReleaseFIO
004173b0       __PartialReleaseFIO
00419058       ___FThreadDataOffset
004182b6*      ___fthread_data_size
Module: D:\WATCOM/lib386/nt\flib7.lib(rterr.c)
004173b4+      _TraceRoutine
004044c0       FlushStdUnit_
00404510+      WriteErr_
004045e0       ErrHandler_
00404620       RTErr_
004173c0+      LG@ERR_HOOK
Module: D:\WATCOM/lib386/nt\flib7.lib(stdio.c)
00404660       StdBuffer_
00404680       StdWrite_
00404760       StdFlush_
00404790       StdWriteNL_
Module: D:\WATCOM/lib386/nt\clib3r.lib(main2wnt.c)
004047c0       __NTMain
Module: D:\WATCOM/lib386/nt\clib3r.lib(segdefns)
00401003       ___begtext
00417000*      __nullarea
00418298       __Start_XI
004182e6       __End_XI
004182e6       __Start_YI
00418316       __End_YI
Module: D:\WATCOM/lib386/nt\clib3r.lib(chk8087.c)
00404840*      _fpreset_
00404880       __chk8087_
00404890*      __init_8087_
Module: D:\WATCOM/lib386/nt\flib7.lib(english.c)
004048e0       __UseEnglishCharSet_
Module: D:\WATCOM/lib386/nt\flib7.lib(errincl.c)
004049f0       __InitError_
004177cc+      _PGroupTable
004177d0+      _PErrWord
Module: D:\WATCOM/lib386/nt\flib7.lib(_matherr.c)
00404a10*      __imath2err_
00404a50*      __amath1err_
00404a80*      __amath2err_
00404ab0       __math2err_
00404bc0       __math1err_
00404bd0*      __zmath2err_
00404c30*      __qmath2err_
Module: D:\WATCOM/lib386/nt\clib3r.lib(mainwnt.c)
004177d4       ___TlsIndex
004177d8       ___FirstThreadData
004177dc       ___GetThreadPtr
004177e0       __AccessFileH
004177e4       __ReleaseFileH
004177e8       __AccessIOB
004177ec       __ReleaseIOB
004177f0       __AccessNHeap
004177f4       __AccessFHeap
004177f8       __ReleaseNHeap
00404cb0*      __threadid_
00404cd0+      __sig_null_rtn_
00404ce0+      __NTInit_
00404ec0+      __NTFini_
00404f20       __NTMainInit_
00404f80       __exit_
004177fc       __ReleaseFHeap
00417800       __AccessTDList
00417804       __ReleaseTDList
00417808       __AccessFList
0041780c       __ReleaseFList
00417810       __ThreadExitRtn
00417814       ___sig_init_rtn
00417818       ___sig_fini_rtn
0041781c       ___process_fini
00419068       ___Is_DLL
Module: D:\WATCOM/lib386/nt\flib7.lib(ioinit.c)
00404fe0       IOSysInit_
Module: D:\WATCOM/lib386/nt\flib7.lib(fdutil.c)
00405010       LocFile_
00405020       LocUnit_
00405050       ExtractInfo_
Module: D:\WATCOM/lib386/nt\flib7.lib(rstdio.c)
00405180       _InitStandardInput_
004051b0       _InitStandardOutput_
Module: D:\WATCOM/lib386/nt\flib7.lib(rmemmgr.c)
004051e0       RMemAlloc_
004051f0       RMemFree_
Module: D:\WATCOM/lib386/nt\clib3r.lib(memset.c)
00405200       memset_
Module: D:\WATCOM/lib386/nt\flib7.lib(deffname.c)
00417824       _DefFName
Module: D:\WATCOM/lib386/nt\flib7.lib(stracc.c)
00405220       TrimStr_
00405260       GetStr_
Module: D:\WATCOM/lib386/nt\flib7.lib(spawn.c)
00405290       Spawn_
004052f0       Suicide_
Module: D:\WATCOM/lib386/nt\clib3r.lib(memicmp.c)
00405330       memicmp_
Module: D:\WATCOM/lib386/nt\flib7.lib(blderr.c)
004053f0       Substitute_
004055b0       ErrCodOrg_
Module: D:\WATCOM/lib386/nt\clib3r.lib(accsswnt.c)
004055c0       access_
Module: D:\WATCOM/lib386/nt\clib3r.lib(fullpath.c)
00405600+      _sys_fullpath_
00405680       _fullpath_
Module: D:\WATCOM/lib386/nt\clib3r.lib(fstatwnt.c)
004056f0       fstat_
Module: D:\WATCOM/lib386/nt\flib7.lib(poserr.c)
00405a50       Errorf_
00405a70*      EOFile_
00405a90       ErrorMsg_
00405ad0       FSetTrunc_
00405ae0       FSetSysErr_
00405b00       FSetErr_
00405b20       FSetEof_
00405b40       IOOk_
Module: D:\WATCOM/lib386/nt\clib3r.lib(statwnt.c)
00405c65       stat_
Module: D:\WATCOM/lib386/nt\flib7.lib(posopen.c)
00405ea0       InitStd_
00405f60       SetIOBufferSize_
00405f80+      _AllocFile_
00406070       Openf_
00406160       Closef_
Module: D:\WATCOM/lib386/nt\flib7.lib(posdat.c)
00417a14       _FStdIn
00417a18       _FStdOut
00417a1c       _FStdErr
Module: D:\WATCOM/lib386/nt\flib7.lib(posflush.c)
004061e0       FlushBuffer_
Module: D:\WATCOM/lib386/nt\flib7.lib(posdel.c)
00406290       Scratchf_
Module: D:\WATCOM/lib386/nt\clib3r.lib(nodefwin.c)
00417a20*      __WindowsIsWindowedHandle
00417a24*      __WindowsRemoveWindowedHandle
00417a28*      __WindowsNewWindow
00417a2c*      __WindowsCloseWindow
00417a30*      __WindowsSetAbout
00417a34*      __WindowsSetAppTitle
00417a38*      __WindowsSetConTitle
00417a3c*      __WindowsDestroyOnClose
00417a40*      __WindowsYieldControl
00417a44*      __WindowsShutDown
00417a48*      __WindowsStdin
00417a4c       __WindowsStdout
00417a50*      __WindowsKbhit
00417a54*      __WindowsGetch
00417a58*      __WindowsGetche
00417a5c*      __WindowsPutch
004062b0*      _dwShutDown_
004062b0*      _dwYield_
004062b0*      _dwSetConTitle_
004062b0*      _dwSetAppTitle_
004062b0*      _dwSetAboutDlg_
004062b0       _dwDeleteOnClose_
00417a60*      __WindowsExitRtn
00419684*      __init_default_win
Module: D:\WATCOM/lib386/nt\flib7.lib(posput.c)
004062c0       FPutRec_
00406300       ChopFile_
00406350*      PutRec_
00406470       writebytes_
004064f0       SysWrite_
Module: D:\WATCOM/lib386/nt\flib7.lib(posget.c)
00406630       readbytes_
00406700       SysRead_
00406b70       FGetRec_
00406ba0*      GetRec_
00406bc0       GetStdChar_
00406c10       FCheckLogical_
00406c90       FSkipLogical_
00406d60*      FGetVarRecLen_
Module: D:\WATCOM/lib386/nt\flib7.lib(posseek.c)
00406e50       FSeekRec_
00406e90       CurrFileOffset_
00406e90       FGetFilePos_
00406eb0       SysSeek_
004070a0*      FSeekAbs_
Module: D:\WATCOM/lib386/nt\clib3r.lib(stricmp.c)
004070b0       stricmp_
Module: D:\WATCOM/lib386/nt\flib7.lib(posrew.c)
004070f0       FRewind_
Module: D:\WATCOM/lib386/nt\flib7.lib(posback.c)
00407160       FBackspace_
Module: D:\WATCOM/lib386/nt\flib7.lib(postrunc.c)
00407240       FTruncate_
Module: D:\WATCOM/lib386/nt\clib3r.lib(errno.c)
00407260       __get_errno_ptr_
00407270*      __get_doserrno_ptr_
Module: D:\WATCOM/lib386/nt\flib7.lib(sdfile.c)
00417a64*      _FFCtrlSeq
00417a66*      _SkipCtrlSeq
00417a68       _NormalCtrlSeq
00417a6a       _SDTermIn
00417a6e       _SDTermOut
00417a72*      _SDPrtName
Module: D:\WATCOM/lib386/nt\flib7.lib(wrutils.c)
00407280       F_SendData_
004072e0*      SendLine_
004072f0       SendEOR_
00407380*      SendInt_
004073b0       SendStr_
004073d0+      SendWSLStr_
004073f0       SendChar_
00407410       Drop_
004075d0       IOItemResult_
Module: D:\WATCOM/lib386/nt\flib7.lib(rfmtutil.c)
00407680       R_ChkType_
004076b0       R_NewRec_
004076f0       R_ChkIType_
00407720       R_ChkFType_
00407750       R_ChkRecLen_
00407770+      GetLen_
004077b0       R_FOStr_
004077c0*      FOString_
00407830       R_FIStr_
004078f0       R_FOLog_
00407940       R_FILog_
00407a20       R_FIFloat_
00407c10       GetReal_
00407d20       R_FOF_
00407da0       R_FOE_
00407ee0+      FmtH2B_
00407fd0       R_FIHex_
00408150       R_FOHex_
00408160*      FOHex_
00408260       R_FIInt_
00408370       R_FOInt_
004085d0       R_FOG_
00408850+      ChkBuffLen_
Module: D:\WATCOM/lib386/nt\flib7.lib(arrayio.c)
00408910       ArrayIOType_
Module: D:\WATCOM/lib386/nt\flib7.lib(unfmtout.c)
00408a70       UnFmtOut_
Module: D:\WATCOM/lib386/nt\flib7.lib(freeout.c)
00408ec0       FreeOut_
00417a78+      _OutRtn
Module: D:\WATCOM/lib386/nt\flib7.lib(unfmtin.c)
00408fa0       UnFmtIn_
00409040+      NextUnFmtRec_
Module: D:\WATCOM/lib386/nt\flib7.lib(freein.c)
00409420+      GetNum_
00409620       FreeIn_
00409630*      DoFreeIn_
00409660+      BumpComma_
00409690+      Blanks_
004096b0+      CheckEor_
Module: D:\WATCOM/lib386/nt\flib7.lib(rttraps.c)
00409db0       __EnableF77RTExceptionHandling_
00409dc0       R_TrapInit_
00409e50       R_TrapFini_
00409e60*      __InitExceptionVectors_
Module: D:\WATCOM/lib386/nt\flib7.lib(errrtns.c)
00419688       ___ErrorFini
0041968c       ___ErrorInit
00419690       ___BldErrMsg
Module: D:\WATCOM/lib386/nt\clib3r.lib(atexit.c)
00409e80       atexit_
Module: D:\WATCOM/lib386/nt\clib3r.lib(regdata.c)
00409ee0       __RegisterThreadDataSize_
Module: D:\WATCOM/lib386/nt\flib7.lib(errutil.c)
00409f10       BldErrCode_
00409f70*      MsgFormat_
00409fa0*      MsgBuffer_
00417aac+      _PGrpCodes
Module: D:\WATCOM/lib386/nt\clib3r.lib(enterdb.c)
00409fd0       __EnterWVIDEO_
00417ab0       ___WD_Present
Module: D:\WATCOM/lib386/nt\clib3r.lib(iob.c)
00417ab4       ___iob
00417cbc       __fmode
00419718       ___OpenStreams
0041971c       ___ClosedStreams
Module: D:\WATCOM/lib386/nt\clib3r.lib(setmd.c)
0040a000       setmode_
Module: D:\WATCOM/lib386/nt\clib3r.lib(write.c)
0040a340       write_
Module: D:\WATCOM/lib386/nt\clib3r.lib(initrtns.c)
0040a5b0       __InitRtns
0040a600       __FiniRtns
Module: D:\WATCOM/lib386/nt\clib3r.lib(mthrdini.c)
0040a660       __InitThreadData_
00417cc0       ___ThreadDataSize
Module: D:\WATCOM/lib386/nt\clib3r.lib(cmain386.c)
0040a690       __CMain
Module: D:\WATCOM/lib386/nt\clib3r.lib(dosseg)
00001234       __DOSseg__
Module: D:\WATCOM/lib386/nt\clib3r.lib(8087cw.c)
00417cc4       __8087cw
Module: D:\WATCOM/lib386/nt\clib3r.lib(save8087.c)
00417cc8       ___Save8087
00417ccc       ___Rest8087
Module: D:\WATCOM/lib386/nt\clib3r.lib(init8087)
0040a6d4       __x87id
Module: D:\WATCOM/lib386/nt\flib7.lib(csetinfo.c)
00419720       _CharSetInfo
Module: D:\WATCOM/lib386/nt\flib7.lib(errmsg.c)
0040aa40       _GroupTable
0040aaf0       _ErrWord
Module: D:\WATCOM/lib386/nt\clib3r.lib(hdlman.c)
00417cd0+      ___NHandles
00417cd4+      ___OSHandles
00417cd8+      ___FakeHandles
0040b120+      __growPOSIXHandles_
0040b1c0       __allocPOSIXHandle_
0040b280       __freePOSIXHandle_
0040b2a0       __getOSHandle_
0040b2b0       __setOSHandle_
0040b300+      __NTGetFakeHandle_
0040b370       __initPOSIXHandles_
0040b450*      __set_handles_
0040b460*      _grow_handles_
Module: D:\WATCOM/lib386/nt\clib3r.lib(environ.c)
00419734       ___env_mask
00419738       _environ
0041973c       __wenviron
Module: D:\WATCOM/lib386/nt\clib3r.lib(getmodfn.c)
0040b4a0       __lib_GetModuleFileNameW_
Module: D:\WATCOM/lib386/nt\clib3r.lib(strdup.c)
0040b540       __clib_strdup_
Module: D:\WATCOM/lib386/nt\clib3r.lib(istable.c)
0040b580       __IsTable
Module: D:\WATCOM/lib386/nt\clib3r.lib(ustrdup.c)
0040b681       __clib_wcsdup_
Module: D:\WATCOM/lib386/nt\clib3r.lib(nfree.c)
0040b6b0       _nfree_
0040b6b0       free_
00419740       ___MiniHeapFreeRover
Module: D:\WATCOM/lib386/nt\clib3r.lib(excptwnt.c)
0040be20+      ___ReportException@4
0040c270       __DefaultExceptionHandler_
0040c2b0+      ___ExceptionFilter
0040c4c0       __NewExceptionFilter_
0040c4f0       __DoneExceptionFilter_
00417ce4       ___oscode_check_func
00417ce8       ___raise_func
00419744*      _sw
00419748       ___ExceptionHandled
00419749+      ___ReportInvoked
Module: D:\WATCOM/lib386/nt\clib3r.lib(stklmwnt.c)
0040c530       __init_stack_limits_
Module: D:\WATCOM/lib386/nt\clib3r.lib(getenv.c)
0040c5a0       getenv_
Module: D:\WATCOM/lib386/nt\clib3r.lib(ltoa.c)
0040c630       ultoa_
0040c680       ltoa_
Module: D:\WATCOM/lib386/nt\clib3r.lib(nmalloc.c)
0040c6b0       _nmalloc_
0040c6b0       malloc_
00417d00       ___nheapbeg
00417d04       ___MiniHeapRover
00417d08       ___LargestSizeB4MiniHeapRover
Module: D:\WATCOM/lib386/nt\clib3r.lib(__stos)
0040c7b0       __STOSB
0040c7e7*      __STOSD
Module: D:\WATCOM/lib386/nt\clib3r.lib(setjmp)
0040c854       _setjmp_
0040c88d       longjmp_
Module: D:\WATCOM/lib386/nt\clib3r.lib(exit.c)
0040c915+      __null_int23_exit_
0040c916       exit_
0040c966*      _exit_
00417d0c+      ___int23_exit
00417d10+      ___FPE_handler_exit
Module: D:\WATCOM/lib386/nt\clib3r.lib(memmove.c)
0040c980       memmove_
Module: D:\WATCOM/lib386/nt\clib3r.lib(itoa.c)
0040c9e0       utoa_
0040ca30       itoa_
Module: D:\WATCOM/lib386/nt\clib3r.lib(fgtattr.c)
0040ca60       __fixed_GetFileAttributesA_
Module: D:\WATCOM/lib386/nt\clib3r.lib(dosret.c)
0040cb00*      _dosretax_
0040cb10*      _dosret0_
0040cb20       __set_errno_dos_
0040cb50*      __set_errno_dos_reterr_
0040cb60       __set_errno_nt_
0040cb70*      __set_errno_nt_reterr_
Module: D:\WATCOM/lib386/nt\clib3r.lib(seterrno.c)
0040cb84       __set_errno_
0040cb92*      __set_EDOM_
0040cba0       __set_ERANGE_
0040cbae*      __set_EINVAL_
0040cbc1       __set_doserrno_
Module: D:\WATCOM/lib386/nt\clib3r.lib(gtcwdwnt.c)
0040cbd0       getcwd_
Module: D:\WATCOM/lib386/nt\clib3r.lib(iomode.c)
0040cc60       __GetIOMode_
0040cc80       __SetIOMode_nogrow_
00417e18       ___NFiles
00417e1c       ___init_mode
00417e6c       ___io_mode
Module: D:\WATCOM/lib386/nt\clib3r.lib(iomodtty.c)
0040cca0       __ChkTTYIOMode_
0040cce0       __IOMode_
Module: D:\WATCOM/lib386/nt\clib3r.lib(ntdirinf.c)
0040cd00       __MakeDOSDT_
0040cd30*      __FromDOSDT_
0040cd60*      __GetNTDirInfo_
0040cda0*      __NTFindNextFileWithAttr_
Module: D:\WATCOM/lib386/nt\clib3r.lib(d2ttime.c)
0040ce00       _d2ttime_
Module: D:\WATCOM/lib386/nt\clib3r.lib(strerror.c)
0040d1a0       strerror_
0040d1c0*      _strerror_
0040d290*      _doserror_
00417e70+      __sys_errlist
00417f14+      __sys_nerr
Module: D:\WATCOM/lib386/nt\clib3r.lib(_strcmp)
0040d2c0       strcmp_
Module: D:\WATCOM/lib386/nt\clib3r.lib(mbspbrk.c)
0040d400       _mbspbrk_
Module: D:\WATCOM/lib386/nt\clib3r.lib(mbsinc.c)
0040d450       _mbsinc_
Module: D:\WATCOM/lib386/nt\clib3r.lib(tolower.c)
0040d480       tolower_
Module: D:\WATCOM/lib386/nt\clib3r.lib(stiomode.c)
0040d490       __grow_iomode_
0040d560+      __shrink_iomode_
0040d5a0       __SetIOMode_
Module: D:\WATCOM/lib386/nt\clib3r.lib(close.c)
0040d610       close_
Module: D:\WATCOM/lib386/nt\clib3r.lib(openwnt.c)
0040d830*      open_
0040d850       sopen_
Module: D:\WATCOM/lib386/nt\clib3r.lib(lseek.c)
0040d880       lseek_
Module: D:\WATCOM/lib386/nt\flib7.lib(poscc.c)
0040d8d0*      __LineFeedWithFormFeed_
0040d8e0       FSetCC_
Module: D:\WATCOM/lib386/nt\clib3r.lib(unlnkwnt.c)
0040d940       unlink_
Module: D:\WATCOM/lib386/nt\clib3r.lib(chsizwnt.c)
0040d9c0       chsize_
Module: D:\WATCOM/lib386/nt\clib3r.lib(read.c)
0040dab0       read_
Module: D:\WATCOM/lib386/nt\flib7.lib(ifile.c)
0040dc40       SendIFBuff_
0040dc70       NextIFBuff_
Module: D:\WATCOM/lib386/nt\flib7.lib(cctrl.c)
0040dca0       CheckCCtrl_
Module: D:\WATCOM/lib386/nt\flib7.lib(rdutils.c)
0040dd10       NextRec_
Module: D:\WATCOM/lib386/nt\flib7.lib(undefcg.c)
0040deb0       OutLogCG_
0040dec0       OutIntCG_
0040df00+      FmtRealCG_
0040df30+      FmtDoubleCG_
0040df60+      FmtExtendedCG_
0040df90+      UndefIntCG_
0040df90+      UndefLogCG_
0040df90+      UndefExtendedCG_
0040df90+      UndefDoubleCG_
0040df90+      UndefRealCG_
0040dfa0+      GetRealCG_
00417f20       _FmtRealRtn
00417f24       _FmtDoubleRtn
00417f28       _FmtExtendedRtn
00417f2c       _SendStrRtn
00417f30       _UndefRealRtn
00417f34       _UndefDoubleRtn
00417f38       _UndefExtendedRtn
00417f3c       _UndefLogRtn
00417f40       _UndefIntRtn
00417f44       _GetRealRtn
Module: D:\WATCOM/lib386/nt\flib7.lib(rfmtlog.c)
0040dfc0       R_FmtLog_
Module: D:\WATCOM/lib386/nt\clib3r.lib(toupper.c)
0040dff0       toupper_
Module: D:\WATCOM/lib386/nt\flib7.lib(fmtcnvt.c)
0040e000       FmtS2I_
0040e130       FmtS2F_
Module: D:\WATCOM/lib386/nt\flib7.lib(fmtrtns.c)
0040e500       R_F2E_
0040e670       R_F2F_
0040e800       SetMaxPrec_
Module: D:\WATCOM/lib386/nt\flib7.lib(flt86.c)
0040e810       _P1d100
0040e818       _P1d_99
Module: D:\WATCOM/lib386\math387r.lib(pow87)
0040e979*      pow_
0040e820       IF@DPOW
0040e820*      IF@POW
Module: D:\WATCOM/lib386/nt\flib7.lib(hexcnv.c)
0040e9a0       Hex_
0040e9c0*      HSToB_
0040ea30       BToHS_
Module: D:\WATCOM/lib386/nt\clib3r.lib(strupr.c)
0040ea80       strupr_
Module: D:\WATCOM/lib386/nt\flib7.lib(unfmtutl.c)
0040eaa0       _SizeVars
Module: D:\WATCOM/lib386/nt\flib7.lib(chrutils.c)
0040eab0       JmpBlanks_
Module: D:\WATCOM/lib386/nt\clib3r.lib(signlwnt.c)
00417f48+      __SignalTable
0040ead0+      __SetSignalFunc_
0040eb20+      __GetSignalFunc_
0040eb50+      __GetSignalOSCode_
0040eb80+      __CheckSignalExCode_
0040ecc0+      __sigabort_
0040ecd0       __sigfpe_handler_
0040ed20       signal_
0040edb0+      raise_
0040ee20+      __SigInit_
0040ee70+      __SigFini_
0040eeb0+      __sig_init_
Module: D:\WATCOM/lib386/nt\flib7.lib(fptraps.c)
0040ef90*      __MaskDefaultFPE_
0040efb0       FPTrapInit_
0040efe0       FPTrapFini_
Module: D:\WATCOM/lib386/nt\clib3r.lib(trdlist.c)
0040f050       __GetThreadData_
0040f0a0       __ReallocThreadData_
0040f190       __AddThreadData_
0040f210       __RemoveThreadData_
0040f270       __ResizeThreadDataList_
0040f2a0       __FreeThreadDataList_
0040f2d0*      __ActiveThreads_
Module: D:\WATCOM/lib386/nt\flib7.lib(errgrp.c)
0040f2f0       _GrpCodes
Module: D:\WATCOM/lib386/nt\clib3r.lib(initfile.c)
0040f3b0       __InitFiles_
Module: D:\WATCOM/lib386/nt\clib3r.lib(ioexit.c)
0040f4b0*      fcloseall_
0040f4c0       __full_io_exit_
Module: D:\WATCOM/lib386/nt\clib3r.lib(stackwnt.c)
0040f4d0       stackavail_
Module: D:\WATCOM/lib386/nt\clib3r.lib(stk)
0040f4e1*      __CHK
0040f4f1*      __STK
0040f510       __STKOVERFLOW_
0040f520*      __GRO
0040f540*      __alloca_probe
Module: D:\WATCOM/lib386/nt\clib3r.lib(cinit.c)
0040f560       __CommonInit_
Module: D:\WATCOM/lib386/nt\clib3r.lib(___argc.c)
00419854       ____Argc
00419858       ____Argv
Module: D:\WATCOM/lib386/nt\flib7.lib(rtmain.c)
0040f570       main_
Module: D:\WATCOM/lib386/nt\clib3r.lib(nrealloc.c)
0040f590*      _nrealloc_
0040f590       realloc_
Module: D:\WATCOM/lib386/nt\clib3r.lib(setenvp.c)
0040f610       __setenvp_
0040f6d0       __freeenvp_
Module: D:\WATCOM/lib386/nt\clib3r.lib(ustrlen.c)
0040f71d       wcslen_
Module: D:\WATCOM/lib386/nt\clib3r.lib(memcpy.c)
0040f730       memcpy_
Module: D:\WATCOM/lib386/nt\clib3r.lib(mem.c)
0040f750       __MemAllocator
0040f800       __MemFree
Module: D:\WATCOM/lib386/nt\clib3r.lib(conutwnt.c)
0040f950*      __NTRealKey_
0040fa00*      __NTConsoleInput_
0040fa10       __NTConsoleOutput_
Module: D:\WATCOM/lib386/nt\clib3r.lib(fclex387.c)
0040fa20       _ClearFPE_
Module: D:\WATCOM/lib386/nt\clib3r.lib(mbterm.c)
0040fa30       _mbterm_
Module: D:\WATCOM/lib386/nt\clib3r.lib(mbsnextc.c)
0040fa70       _mbsnextc_
Module: D:\WATCOM/lib386/nt\clib3r.lib(mbcupper.c)
0040fab0       _mbctoupper_
Module: D:\WATCOM/lib386/nt\clib3r.lib(alphabet.c)
0041718c       ___Alphabet
Module: D:\WATCOM/lib386/nt\clib3r.lib(nmemneed.c)
0040fae0       __nmemneed_
Module: D:\WATCOM/lib386/nt\clib3r.lib(grownear.c)
0040fc50       __ExpandDGROUP_
Module: D:\WATCOM/lib386/nt\clib3r.lib(ljmphdl.c)
00417fcc       ___longjmp_handler
Module: D:\WATCOM/lib386/nt\clib3r.lib(isattwnt.c)
0040fc80       isatty_
Module: D:\WATCOM/lib386/nt\clib3r.lib(strncpy.c)
0040fca0       strncpy_
Module: D:\WATCOM/lib386/nt\clib3r.lib(mktime.c)
0040fce0       mktime_
Module: D:\WATCOM/lib386/nt\clib3r.lib(mbschr.c)
0040fd70       _mbschr_
Module: D:\WATCOM/lib386/nt\clib3r.lib(mbisdbcs.c)
00419860       ___IsDBCS
Module: D:\WATCOM/lib386/nt\clib3r.lib(mbislead.c)
0040fdd0*      _ismbblead_
00419864       ___MBCSIsTable
Module: D:\WATCOM/lib386/nt\clib3r.lib(_clsewnt.c)
0040fdf0       __close_
Module: D:\WATCOM/lib386/nt\clib3r.lib(ntfio.c)
0040fe50*      __GetNTCreateAttr_
0040fe90       __GetNTAccessAttr_
0040fec0       __GetNTShareAttr_
Module: D:\WATCOM/lib386/nt\clib3r.lib(umaskval.c)
00417fd0       ___umaskval
Module: D:\WATCOM/lib386/nt\clib3r.lib(__lseek.c)
0040ff20       __lseek_
Module: D:\WATCOM/lib386/nt\flib7.lib(expchk.c)
0040ff60       ToFFormat_
Module: D:\WATCOM/lib386/nt\flib7.lib(intarith.c)
0040ffb0       AddIOFlo_
0040ffc0*      SubIOFlo_
0040ffd0       MulIOFlo_
Module: D:\WATCOM/lib386\math387r.lib(strtod.c)
004104f3+      __Strtold_
0041065a       strtod_
Module: D:\WATCOM/lib386\math387r.lib(ldcvt.c)
0041087d       _LDScale10x_
00410e24       __LDcvt_
Module: D:\WATCOM/lib386/nt\clib3r.lib(chipvar)
0041807c       ___chipbug
0041807c       __chipbug
Module: D:\WATCOM/lib386\math387r.lib(pow87e.c)
00411274       __pow87_err_
Module: D:\WATCOM/lib386/nt\clib3r.lib(chipd32.asm)
00411413       __fdiv_fpr
004118d5*      __fdiv_chk
004118e8*      __fdiv_m32
00411935*      __fdiv_m64
00411982*      __fdiv_m32r
004119cf*      __fdiv_m64r
Module: D:\WATCOM/lib386/nt\clib3r.lib(abort.c)
00411a31*      abort_
00411a43       __terminate_
00418080       ___abort
Module: D:\WATCOM/lib386/nt\clib3r.lib(cntrl87.c)
00411a60       _control87_
Module: D:\WATCOM/lib386/nt\clib3r.lib(mthread.c)
00411c40+      __CloseSemaphore_
00411c80+      __AccessIOB_
00411c90+      __ReleaseIOB_
00411ca0+      __AccessFileH_
00411cb0+      __ReleaseFileH_
00411cc0+      __AccessNHeap_
00411cd0+      __ReleaseNHeap_
00411ce0+      __AccessFHeap_
00411cf0+      __ReleaseFHeap_
00411d00+      __AccessTDList_
00411d10+      __ReleaseTDList_
00411d20+      __AccessFList_
00411d30+      __AccessSemaphore_
00411d90+      __ReleaseFList_
00411da0+      __ReleaseSemaphore_
00411dd0+      __MultipleThread_
00411e20+      __AllocInitThreadData_
00411e70*      __FreeInitThreadData_
00411e80       __NTThreadInit_
00411ef0       __NTAddThread_
00411f40       __NTRemoveThread_
00411fd0       __InitMultipleThread_
00418084+      ___AccessSema4
00418088+      ___ReleaseSema4
0041808c+      ___CloseSema4
Module: D:\WATCOM/lib386/nt\clib3r.lib(xmsgwnt.c)
00412190+      __exit_with_msg_
004121f0       __fatal_runtime_error_
Module: D:\WATCOM/lib386/nt\clib3r.lib(calloc.c)
00412210       calloc_
Module: D:\WATCOM/lib386/nt\clib3r.lib(register.c)
00412240       __initthread_
00412250*      _beginthread_
00412260       _endthread_
00412270*      __RegisterThreadData_
Module: D:\WATCOM/lib386/nt\clib3r.lib(fclose.c)
004122c0+      __doclose_
00412360       __shutdown_stream_
00412380*      fclose_
0041a0d4+      ___RmTmpFileFn
Module: D:\WATCOM/lib386/nt\clib3r.lib(freefp.c)
004123d0       __freefp_
00412420       __purgefp_
Module: D:\WATCOM/lib386/nt\clib3r.lib(argcv.c)
0041a0d8       __argc
0041a0dc       __argv
0041a0e0       ___argv
0041a0e4       ___argc
Module: D:\WATCOM/lib386/nt\clib3r.lib(nmsize.c)
00412450       _nmsize_
00412450*      _msize_
Module: D:\WATCOM/lib386/nt\clib3r.lib(nexpand.c)
00412460       _nexpand_
00412460*      _expand_
004124a0+      __HeapManager_expand_
Module: D:\WATCOM/lib386/nt\clib3r.lib(dofilstr.c)
00412680       __ParsePosixHandleStr_
Module: D:\WATCOM/lib386/nt\clib3r.lib(clearenv.c)
004127a0       clearenv_
Module: D:\WATCOM/lib386/nt\clib3r.lib(mbconv.c)
00412830       _mbvtop_
Module: D:\WATCOM/lib386/nt\clib3r.lib(amblksiz.c)
0041809c       __amblksiz
Module: D:\WATCOM/lib386/nt\clib3r.lib(heapen.c)
00412850*      _heapenable_
004180a0       ___heap_enabled
Module: D:\WATCOM/lib386/nt\clib3r.lib(nheapmin.c)
00412880       _nheapshrink_
00412880*      _nheapmin_
00412880*      _heapmin_
00412880       _heapshrink_
Module: D:\WATCOM/lib386/nt\clib3r.lib(locmktim.c)
00412970       __local_mktime_
Module: D:\WATCOM/lib386/nt\clib3r.lib(gmtime.c)
00412af0       __brktime_
00412bf0+      _gmtime_
00412c10*      gmtime_
Module: D:\WATCOM/lib386/nt\clib3r.lib(tzset.c)
004180a4       ___start_dst
004180c8       ___end_dst
004181f0*      _tzname
004181f8       _timezone
004181fc       _daylight
00418200       ___dst_adjust
00412c80*      __DontCacheOSTZ_
00412c90*      __CacheOSTZ_
00413170+      __parse_tz_
00413560       tzset_
Module: D:\WATCOM/lib386/nt\clib3r.lib(timeutil.c)
004136d0       __isindst_
Module: D:\WATCOM/lib386/nt\clib3r.lib(mbclen.c)
00413a00       _mbclen_
Module: D:\WATCOM/lib386/nt\clib3r.lib(mbccmp.c)
00413a30       _mbccmp_
Module: D:\WATCOM/lib386/nt\clib3r.lib(mbinit.c)
00413aa5       __mbinit_
00418208       ___MBCodePage
Module: D:\WATCOM/lib386\math387r.lib(bufld386)
00413b94       __ZBuf2LD
Module: D:\WATCOM/lib386\math387r.lib(inf_nan.c)
00413c37*      ___f_infinity
00413c3b*      ___f_posqnan
00413c3f       ___d_infinity
00413c47       ___d_posqnan
00413c4f*      ___ld_infinity
00413c57*      ___ld_posqnan
Module: D:\WATCOM/lib386/nt\clib3r.lib(hugeval.c)
00413c60       __HugeValue
Module: D:\WATCOM/lib386\math387r.lib(ldclass.c)
00413c68       __LDClass_
00413cb8*      _FLClass_
Module: D:\WATCOM/lib386/nt\clib3r.lib(chipbug.c)
00413cd0       __verify_pentium_fdiv_bug_
Module: D:\WATCOM/lib386/nt\clib3r.lib(trdalloc.c)
00413d30       __FiniThreadProcessing_
Module: D:\WATCOM/lib386/nt\clib3r.lib(thredwnt.c)
00413df0       __CBeginThread_
00413e90       __CEndThread_
Module: D:\WATCOM/lib386/nt\clib3r.lib(flush.c)
00413ed0       __flush_
Module: D:\WATCOM/lib386/nt\clib3r.lib(initargv.c)
00413fd0       __Init_Argv_
00414020+      _getargv_
004141c0       __Fini_Argv_
Module: D:\WATCOM/lib386/nt\clib3r.lib(strtol.c)
004143f0*      strtoul_
00414400       strtol_
Module: D:\WATCOM/lib386/nt\clib3r.lib(putenv.c)
00414410       putenv_
004146a0       __putenv_
Module: D:\WATCOM/lib386/nt\clib3r.lib(leapyear.c)
00414810       __leapyear_
004171bc       ___diyr
004171d6       ___dilyr
Module: D:\WATCOM/lib386/nt\clib3r.lib(wcstombs.c)
00414850       wcstombs_
Module: D:\WATCOM/lib386/nt\clib3r.lib(fsync.c)
004148f0       fsync_
Module: D:\WATCOM/lib386/nt\clib3r.lib(qwrit.c)
00414940       __qwrite_
Module: D:\WATCOM/lib386/nt\clib3r.lib(histsplt.c)
0041a0ec       ___historical_splitparms
Module: D:\WATCOM/lib386/nt\clib3r.lib(mbslen.c)
00414a20       _mbslen_
Module: D:\WATCOM/lib386/nt\clib3r.lib(mbstowcs.c)
00414a50       mbstowcs_
Module: D:\WATCOM/lib386/nt\clib3r.lib(uputenv.c)
00414ad0*      _wputenv_
00414cf0       __wputenv_
Module: D:\WATCOM/lib386/nt\clib3r.lib(wctomb.c)
00414df0       wctomb_
Module: D:\WATCOM/lib386/nt\clib3r.lib(mbtowc.c)
00414e30       mbtowc_
Module: D:\WATCOM/lib386/nt\clib3r.lib(ustrchr.c)
00414ec0       wcschr_
Module: D:\WATCOM/lib386/nt\clib3r.lib(setenvar.c)
00414ee0       __lib_SetEnvironmentVariableW_
Module: D:\WATCOM/lib386/nt\clib3r.lib(crtwenv.c)
00414fd0       __create_wide_environment_
Module: D:\WATCOM/lib386/nt\clib3r.lib(utoupper.c)
00415038       towupper_


                        +----------------------+
                        |   Imported Symbols   |
                        +----------------------+

Symbol                              Module
======                              ======

_MessageBoxA@16                     USER32.DLL
_GetEnvironmentStringsA@0           KERNEL32.DLL
_GetVersion@0                       KERNEL32.DLL
_GetModuleFileNameA@12              KERNEL32.DLL
_GetCommandLineA@0                  KERNEL32.DLL
_GetCommandLineW@0                  KERNEL32.DLL
_FreeEnvironmentStringsA@4          KERNEL32.DLL
_GetModuleHandleA@4                 KERNEL32.DLL
_ExitProcess@4                      KERNEL32.DLL
_RtlUnwind@16                       KERNEL32.DLL
_GetFullPathNameA@16                KERNEL32.DLL
_GetFileType@4                      KERNEL32.DLL
_GetFileInformationByHandle@8       KERNEL32.DLL
_GetFileTime@16                     KERNEL32.DLL
_GetFileSize@8                      KERNEL32.DLL
_CreateFileA@28                     KERNEL32.DLL
_CloseHandle@4                      KERNEL32.DLL
_GetLastError@0                     KERNEL32.DLL
_GetDriveTypeA@4                    KERNEL32.DLL
_FindFirstFileA@8                   KERNEL32.DLL
_FindClose@4                        KERNEL32.DLL
_SetFilePointer@16                  KERNEL32.DLL
_WriteFile@20                       KERNEL32.DLL
_GetCurrentThreadId@0               KERNEL32.DLL
_SetStdHandle@8                     KERNEL32.DLL
_CreateEventA@16                    KERNEL32.DLL
_GetStdHandle@4                     KERNEL32.DLL
_GetModuleFileNameW@12              KERNEL32.DLL
_MultiByteToWideChar@24             KERNEL32.DLL
_LoadLibraryA@4                     KERNEL32.DLL
_GetProcAddress@8                   KERNEL32.DLL
_SetUnhandledExceptionFilter@4      KERNEL32.DLL
_UnhandledExceptionFilter@4         KERNEL32.DLL
_VirtualQuery@12                    KERNEL32.DLL
_GetFileAttributesA@4               KERNEL32.DLL
_GetCurrentDirectoryA@8             KERNEL32.DLL
_FileTimeToLocalFileTime@8          KERNEL32.DLL
_FileTimeToDosDateTime@12           KERNEL32.DLL
_DosDateTimeToFileTime@12           KERNEL32.DLL
_LocalFileTimeToFileTime@8          KERNEL32.DLL
_FindNextFileA@8                    KERNEL32.DLL
_FormatMessageA@28                  KERNEL32.DLL
_DeleteFileA@4                      KERNEL32.DLL
_SetEndOfFile@4                     KERNEL32.DLL
_ReadFile@20                        KERNEL32.DLL
_SetConsoleCtrlHandler@8            KERNEL32.DLL
_TlsGetValue@4                      KERNEL32.DLL
_TlsSetValue@8                      KERNEL32.DLL
_CharUpperA@4                       USER32.DLL
_VirtualAlloc@16                    KERNEL32.DLL
_InitializeCriticalSection@4        KERNEL32.DLL
_DeleteCriticalSection@4            KERNEL32.DLL
_LeaveCriticalSection@4             KERNEL32.DLL
_EnterCriticalSection@4             KERNEL32.DLL
_SetLastError@4                     KERNEL32.DLL
_TlsAlloc@0                         KERNEL32.DLL
_TlsFree@4                          KERNEL32.DLL
_VirtualFree@12                     KERNEL32.DLL
_GetTimeZoneInformation@4           KERNEL32.DLL
_GetACP@0                           KERNEL32.DLL
_GetOEMCP@0                         KERNEL32.DLL
_GetCPInfo@8                        KERNEL32.DLL
_CreateThread@24                    KERNEL32.DLL
_ResumeThread@4                     KERNEL32.DLL
_ExitThread@4                       KERNEL32.DLL
_SetEnvironmentVariableA@8          KERNEL32.DLL
_FlushFileBuffers@4                 KERNEL32.DLL
_WideCharToMultiByte@32             KERNEL32.DLL
_SetEnvironmentVariableW@8          KERNEL32.DLL


                        +--------------------+
                        |   Libraries Used   |
                        +--------------------+

D:\WATCOM/lib386/nt\kernel32.lib
D:\WATCOM/lib386/nt\user32.lib
D:\WATCOM/lib386/nt\flib7.lib
D:\WATCOM/lib386\math387r.lib
D:\WATCOM/lib386/nt\clib3r.lib
D:\WATCOM/lib386/nt\emu387.lib


                        +-----------------------+
                        |   Linker Statistics   |
                        +-----------------------+

Stack size:  00010000 (65536.)
Memory size:  00027a5c (162396.)
Entry point address: 004022b4
Link time: 00:00.87
