Open Watcom Linker Version 1.9
Portions Copyright (c) 1985-2002 Sybase, Inc. All Rights Reserved.
Created on:       20/11/26 21:02:11
Executable Image: 2.exe
creating a Windows NT character-mode executable


                        +------------+
                        |   Groups   |
                        +------------+

Group                           Address              Size
=====                           =======              ====

.idata                          00416000             00000786
DGROUP                          00417000             00013100



                        +--------------+
                        |   Segments   |
                        +--------------+

Segment                Class          Group          Address         Size
=======                =====          =====          =======         ====

BEGTEXT                CODE           AUTO           00401000        00000007
_TEXT                  CODE           AUTO           00401010        00014ba8
TRANSFER CODE          CODE           AUTO           00415bb8        0000019e
.idata                 .idata         .idata         00416000        00000786
_NULL                  BEGDATA        DGROUP         00417000        00000004
_AFTERNULL             BEGDATA        DGROUP         00417004        00000000
CONST                  DATA           DGROUP         00417010        00000378
_DATA                  DATA           DGROUP         00417390        000010ec
XIB                    DATA           DGROUP         0041847c        00000000
XI                     DATA           DGROUP         0041847c        0000004e
XIE                    DATA           DGROUP         004184ca        00000000
YIB                    DATA           DGROUP         004184ca        00000000
YI                     DATA           DGROUP         004184ca        00000030
YIE                    DATA           DGROUP         004184fa        00000000
CONST2                 DATA           DGROUP         004184fc        00000000
DATA32                 DATA           DGROUP         004184fc        00000134
TIB                    DATA           DGROUP         00418630        00000000
TI                     DATA           DGROUP         00418630        00000000
TIE                    DATA           DGROUP         00418630        00000000
DATA                   DATA           DGROUP         00418630        00000000
VAR                    VAR            DGROUP         00419000        00000010
CONST32                CONST          DGROUP         00419010        00000000
_BSS                   BSS            DGROUP         00419010        000010f0
BSS32                  BSS            DGROUP         0041a100        00000000
STACK                  STACK          DGROUP         0041a100        00010000


                        +----------------+
                        |   Memory Map   |
                        +----------------+

* = unreferenced symbol
+ = symbol only referenced locally

Address        Symbol
=======        ======

Module: 2.obj(D:\WATCOM\2\2.for)
00401010+      F
00401041+      G
0040106d+      FF
004010bd+      GG
004010fb+      FX
0040113a+      FXX
0040119f+      GX
004011ce+      GXX
00401203+      NEWTON
00401315+      ELUN
00401350+      TRAPEZE
004013b3+      EL
004013ea+      ELM
0040145f+      RUNGEKUTTA
00401557+      RUNGEKUTTA2
0040164f       FMAIN
00419000+      VAR
Module: D:\WATCOM/lib386\math387r.lib(exp87)
0040205f*      exp_
00401ff8*      __@DEXP1
00402000*      IF@EXP
00402000       IF@DEXP
00402002       __@DEXP
Module: D:\WATCOM/lib386\math387r.lib(trig87)
004020b9*      sin_
004020ad*      cos_
004020da*      tan_
0040206c*      IF@COS
0040206c       IF@DCOS
00402076*      IF@SIN
00402076       IF@DSIN
004020c5*      IF@TAN
004020c5*      IF@DTAN
Module: D:\WATCOM/lib386/nt\flib7.lib(cowrite)
004020e6       RT@IOWrite
004020f5*      RT@OutLOG1
00402107*      RT@OutLOG4
00402115*      RT@OutINT1
00402127*      RT@OutINT2
00402137*      RT@OutINT4
00402146*      RT@OutREAL
00402156       RT@OutDBLE
00402166*      RT@OutXTND
00402176*      RT@OutCPLX
0040218c*      RT@OutDBCX
004021a2*      RT@OutXTCX
004021b8       RT@OutCHAR
004021bd*      RT@OutSTR
004021c2*      RT@PrtArr
004021c7*      RT@PrtChArr
Module: D:\WATCOM/lib386/nt\flib7.lib(cortns)
00417434*      _FRT_SaveESP
004021d7*      SwitchToGen
004021f5       SwitchToRT
00402213       RdWrCommon
004022b7       IOType_
004022d5       IOChar
004022f0       IOStr
00402305       IOArr
00402320       IOChArr
00402342       RT@EndIO
Module: D:\WATCOM/lib386/nt\flib7.lib(setunit.c)
00402350       RT@SetUnit
Module: D:\WATCOM/lib386/nt\flib7.lib(setfile.c)
00402390       RT@SetFile
Module: D:\WATCOM/lib386/nt\flib7.lib(exopen.c)
00402ae0       RT@IOOpen
00417454+      _AccModTab
00417464+      _FormTab
00417470+      _OpStatTab
00417484+      _BlnkTab
00417490+      _RecFmTab
004174a0+      _CCtrlTab
004174ac+      _ActionTab
004174bc+      _ShareTab
Module: D:\WATCOM/lib386/nt\flib7.lib(setfmt.c)
00402b00       RT@SetFmt
Module: D:\WATCOM/lib386/nt\flib7.lib(coread)
00402b20       RT@IORead
00402b2f*      RT@InpLOG1
00402b3e*      RT@InpLOG4
00402b4d*      RT@InpINT1
00402b5c*      RT@InpINT2
00402b6b       RT@InpINT4
00402b7a*      RT@InpREAL
00402b89*      RT@InpDBLE
00402b98*      RT@InpXTND
00402ba7*      RT@InpCPLX
00402bb6*      RT@InpDBCX
00402bc5*      RT@InpXTCX
00402bd4*      RT@InpCHAR
00402bd9*      RT@InpSTR
00402bde*      RT@InpArr
00402be3*      RT@InpChArr
Module: D:\WATCOM/lib386\math387r.lib(fchop87)
00402be8       __CHP
Module: D:\WATCOM/lib386/nt\flib7.lib(exclose.c)
00402cf0       RT@IOClose
Module: D:\WATCOM/lib386/nt\flib7.lib(pause.c)
00402d20       RT@Pause
004174e4*      LG@PAUSE_HOOK
Module: D:\WATCOM/lib386/nt\clib3r.lib(cstrtwnt)
00402d64       _cstart_
00402d64*      mainCRTStartup
Module: D:\WATCOM/lib386/nt\clib3r.lib(_8087)
004174e8       __8087
004174e9       __real87
Module: D:\WATCOM/lib386/nt\emu387.lib(386)
00402dc0       __init_387_emulator
00402dc1*      __fini_387_emulator
Module: D:\WATCOM/lib386/nt\flib7.lib(initeng.c)
00419010       __init_english
Module: D:\WATCOM/lib386/nt\flib7.lib(initerr.c)
00419014       __init_error
Module: D:\WATCOM/lib386\math387r.lib(math87e.c)
00402dd0       __math87_err_
Module: D:\WATCOM/lib386/nt\clib3r.lib(chipvar)
004174ec       ___chipbug
004174ec       __chipbug
Module: D:\WATCOM/lib386/nt\clib3r.lib(chipt32.asm)
00402e3c       __fptan_chk
Module: D:\WATCOM/lib386/nt\flib7.lib(exwrite.c)
00402f60       DoWrite_
Module: D:\WATCOM/lib386/nt\flib7.lib(setiocb.c)
00402f90       RT@SetIOCB
Module: D:\WATCOM/lib386/nt\flib7.lib(rdata.c)
00419020       _IORslt
00419030       _FmtBuff
00419034*      _Fmt_revert
00419038*      _Fmt_start
0041903c*      _Fmt_paren_level
00419040*      _Fmt_charptr
00419044*      _FmtEmStruct
00419048       _IOTypeRtn
0041904c*      _Fmt_end
00419050*      _Fmt_rep_spec
00419054       _FmtRoutine
00419058       _IOCB
0041905c       _Files
00419060*      _Fmt_delimited
Module: D:\WATCOM/lib386/nt\flib7.lib(iomain.c)
00403020       __ReleaseIOSys_
00403040       IOMain_
Module: D:\WATCOM/lib386/nt\clib3r.lib(crwdata)
00417534       __osmajor
00417535       __osminor
00417536       __osbuild
00417538       __osver
0041753c       __winmajor
00417540       __winminor
00417544       __winver
00417500       __LpDllName
00417504       __LpwCmdLine
00417508       __LpwPgmName
0041750c       __LpwDllName
004174f8       __LpCmdLine
004174fc       __LpPgmName
004174f0*      __dynend
004174f4       __curbrk
00417510*      __STACKLOW
00417514       __STACKTOP
00417518       __ASTACKSIZ
0041751c       __ASTACKPTR
00417520*      __cbyte
00417524*      __cbyte2
00417528*      __child
0041752e       __Envptr
00417532*      __Envseg
0041752c       __no87
00417548       ___FPE_handler
Module: D:\WATCOM/lib386/nt\flib7.lib(thrdutil.c)
00403250*      __InitMultiThreadIO_
00417550       ___SwitchStkLow
Module: D:\WATCOM/lib386/nt\flib7.lib(rtutls.c)
00403280       FindFtnFile_
00403370       RChkAlloc_
004033a0       F_Connect_
00403420       ConnectFile_
00403430       GetFileInfo_
00403520       DiscoFile_
00403590*      ChkFileName_
004035c0+      ChkLogFile_
00403600       ChkIOOperation_
00403640       GetIOErr_
00403650       ChkIOErr_
00403670       ChkUnitId_
004036b0*      ChkConnected_
004036d0       SetEOF_
00403700       ClearEOF_
00403740       SysEOF_
00403770       IsFixed_
00403780       IsCarriage_
00403790*      ChkRecordStructure_
004037c0*      ChkSequential_
004037e0*      ChkExist_
00403810       StrItem_
Module: D:\WATCOM/lib386/nt\flib7.lib(exutil.c)
00403890       FindKWord_
00403920*      ClrBuff_
00417554       _SpecId
Module: D:\WATCOM/lib386/nt\flib7.lib(ioerr.c)
00403970       IOErr_
Module: D:\WATCOM/lib386/nt\flib7.lib(rtsysutl.c)
00403a00       GetSysIOInfo_
00403a20       GetSysFileInfo_
00403a50       IsDevice_
00403c20       OpenAction_
00403c60*      DfltRecType_
00403c80+      _FileAttrs_
00403d40       CloseFile_
00403db0       Scrtched_
00403dd0       CloseDeleteFile_
00403e20       Errf_
00403e40       FPutBuff_
00403eb0       FGetBuff_
00403f00       SeekFile_
00403f20       NoEOF_
00403f30       SysClearEOF_
00403f40       SameFile_
00403f50*      Rewindf_
00403f70       SysCreateFile_
00403fb0       CheckLogicalRecord_
00403fd0       SkipLogicalRecord_
00403ff0*      BackSpacef_
00404020*      EndFilef_
00404060       GetIOErrMsg_
004040a0       ReportNExist_
004040c0       ReportEOF_
004040d0       WaitForEnter_
Module: D:\WATCOM/lib386/nt\flib7.lib(runmain.c)
004040e0*      __InitUnit6CC_
004040f0       __DevicesCC_
00404100*      __InitAllowCommaSeparator_
00404110       __AllowCommaSep_
00404120+      _InitIO_
00404190+      CloseAllFiles_
004041d0*      _FiniEx_
004041d0       RunExit_
00404210       RunEntry_
Module: D:\WATCOM/lib386/nt\flib7.lib(rdwr.c)
00404240       DoOpen_
00404270+      _AllocBuffer_
004042b0       IOPrologue_
004044f0       UpdateRecNum_
Module: D:\WATCOM/lib386/nt\flib7.lib(rfmtexec.c)
00404e60       R_FExec_
Module: D:\WATCOM/lib386/nt\flib7.lib(exread.c)
00404f10       DoRead_
Module: D:\WATCOM/lib386/nt\flib7.lib(rtinit.c)
00417580       ___FAppType
00417584       __ExceptionInit
00417588       __ExceptionFini
00404f50*      __InitFThreadData_
00404f90+      RTSysFini_
00404fa0       RTSysInit_
00417590       __AccessFIO
00417594       __ReleaseFIO
00417598       __PartialReleaseFIO
00419068       ___FThreadDataOffset
0041849a*      ___fthread_data_size
Module: D:\WATCOM/lib386/nt\flib7.lib(rterr.c)
0041759c+      _TraceRoutine
00405020       FlushStdUnit_
00405070+      WriteErr_
00405140       ErrHandler_
00405180       RTErr_
004175a8+      LG@ERR_HOOK
Module: D:\WATCOM/lib386/nt\flib7.lib(stdio.c)
004051c0       StdBuffer_
004051e0       StdWrite_
004052c0       StdFlush_
004052f0       StdWriteNL_
Module: D:\WATCOM/lib386/nt\clib3r.lib(main2wnt.c)
00405320       __NTMain
Module: D:\WATCOM/lib386/nt\clib3r.lib(segdefns)
00401003       ___begtext
00417000*      __nullarea
0041847c       __Start_XI
004184ca       __End_XI
004184ca       __Start_YI
004184fa       __End_YI
Module: D:\WATCOM/lib386/nt\clib3r.lib(chk8087.c)
004053a0*      _fpreset_
004053e0       __chk8087_
004053f0*      __init_8087_
Module: D:\WATCOM/lib386/nt\flib7.lib(english.c)
00405440       __UseEnglishCharSet_
Module: D:\WATCOM/lib386/nt\flib7.lib(errincl.c)
00405550       __InitError_
004179b4+      _PGroupTable
004179b8+      _PErrWord
Module: D:\WATCOM/lib386/nt\flib7.lib(_matherr.c)
00405570*      __imath2err_
004055b0*      __amath1err_
004055e0*      __amath2err_
00405610       __math2err_
00405720       __math1err_
00405730*      __zmath2err_
00405790*      __qmath2err_
Module: D:\WATCOM/lib386/nt\clib3r.lib(chipbug.c)
00405800       __verify_pentium_fdiv_bug_
Module: D:\WATCOM/lib386/nt\flib7.lib(unfmtout.c)
00405940       UnFmtOut_
Module: D:\WATCOM/lib386/nt\flib7.lib(freeout.c)
00405d90       FreeOut_
004179bc+      _OutRtn
Module: D:\WATCOM/lib386/nt\clib3r.lib(mainwnt.c)
004179f0       ___TlsIndex
004179f4       ___FirstThreadData
004179f8       ___GetThreadPtr
004179fc       __AccessFileH
00417a00       __ReleaseFileH
00417a04       __AccessIOB
00417a08       __ReleaseIOB
00417a0c       __AccessNHeap
00417a10       __AccessFHeap
00417a14       __ReleaseNHeap
00405e80*      __threadid_
00405ea0+      __sig_null_rtn_
00405eb0+      __NTInit_
00406090+      __NTFini_
004060f0       __NTMainInit_
00406150       __exit_
00417a18       __ReleaseFHeap
00417a1c       __AccessTDList
00417a20       __ReleaseTDList
00417a24       __AccessFList
00417a28       __ReleaseFList
00417a2c       __ThreadExitRtn
00417a30       ___sig_init_rtn
00417a34       ___sig_fini_rtn
00417a38       ___process_fini
00419078       ___Is_DLL
Module: D:\WATCOM/lib386/nt\flib7.lib(ioinit.c)
004061b0       IOSysInit_
Module: D:\WATCOM/lib386/nt\flib7.lib(spawn.c)
004061e0       Spawn_
00406240       Suicide_
Module: D:\WATCOM/lib386/nt\flib7.lib(fdutil.c)
00406280       LocFile_
00406290       LocUnit_
004062c0       ExtractInfo_
Module: D:\WATCOM/lib386/nt\flib7.lib(rstdio.c)
004063f0       _InitStandardInput_
00406420       _InitStandardOutput_
Module: D:\WATCOM/lib386/nt\flib7.lib(rmemmgr.c)
00406450       RMemAlloc_
00406460       RMemFree_
Module: D:\WATCOM/lib386/nt\clib3r.lib(memset.c)
00406470       memset_
Module: D:\WATCOM/lib386/nt\flib7.lib(deffname.c)
00417a40       _DefFName
Module: D:\WATCOM/lib386/nt\flib7.lib(stracc.c)
00406490       TrimStr_
004064d0       GetStr_
Module: D:\WATCOM/lib386/nt\clib3r.lib(memicmp.c)
00406500       memicmp_
Module: D:\WATCOM/lib386/nt\flib7.lib(blderr.c)
004065c0       Substitute_
00406780       ErrCodOrg_
Module: D:\WATCOM/lib386/nt\clib3r.lib(accsswnt.c)
00406790       access_
Module: D:\WATCOM/lib386/nt\clib3r.lib(fullpath.c)
004067d0+      _sys_fullpath_
00406850       _fullpath_
Module: D:\WATCOM/lib386/nt\clib3r.lib(fstatwnt.c)
004068c0       fstat_
Module: D:\WATCOM/lib386/nt\flib7.lib(poserr.c)
00406c20       Errorf_
00406c40*      EOFile_
00406c60       ErrorMsg_
00406ca0       FSetTrunc_
00406cb0       FSetSysErr_
00406cd0       FSetErr_
00406cf0       FSetEof_
00406d10       IOOk_
Module: D:\WATCOM/lib386/nt\clib3r.lib(statwnt.c)
00406e35       stat_
Module: D:\WATCOM/lib386/nt\flib7.lib(posopen.c)
00407070       InitStd_
00407130       SetIOBufferSize_
00407150+      _AllocFile_
00407240       Openf_
00407330       Closef_
Module: D:\WATCOM/lib386/nt\flib7.lib(posdat.c)
00417c30       _FStdIn
00417c34       _FStdOut
00417c38       _FStdErr
Module: D:\WATCOM/lib386/nt\flib7.lib(posflush.c)
004073b0       FlushBuffer_
Module: D:\WATCOM/lib386/nt\flib7.lib(posdel.c)
00407460       Scratchf_
Module: D:\WATCOM/lib386/nt\clib3r.lib(nodefwin.c)
00417c3c*      __WindowsIsWindowedHandle
00417c40*      __WindowsRemoveWindowedHandle
00417c44*      __WindowsNewWindow
00417c48*      __WindowsCloseWindow
00417c4c*      __WindowsSetAbout
00417c50*      __WindowsSetAppTitle
00417c54*      __WindowsSetConTitle
00417c58*      __WindowsDestroyOnClose
00417c5c*      __WindowsYieldControl
00417c60*      __WindowsShutDown
00417c64*      __WindowsStdin
00417c68       __WindowsStdout
00417c6c*      __WindowsKbhit
00417c70*      __WindowsGetch
00417c74*      __WindowsGetche
00417c78*      __WindowsPutch
00407480*      _dwShutDown_
00407480*      _dwYield_
00407480*      _dwSetConTitle_
00407480*      _dwSetAppTitle_
00407480*      _dwSetAboutDlg_
00407480       _dwDeleteOnClose_
00417c7c*      __WindowsExitRtn
00419694*      __init_default_win
Module: D:\WATCOM/lib386/nt\flib7.lib(posput.c)
00407490       FPutRec_
004074d0       ChopFile_
00407520*      PutRec_
00407640       writebytes_
004076c0       SysWrite_
Module: D:\WATCOM/lib386/nt\flib7.lib(posget.c)
00407800       readbytes_
004078d0       SysRead_
00407d40       FGetRec_
00407d70*      GetRec_
00407d90       GetStdChar_
00407de0       FCheckLogical_
00407e60       FSkipLogical_
00407f30*      FGetVarRecLen_
Module: D:\WATCOM/lib386/nt\flib7.lib(posseek.c)
00408020       FSeekRec_
00408060       CurrFileOffset_
00408060       FGetFilePos_
00408080       SysSeek_
00408270*      FSeekAbs_
Module: D:\WATCOM/lib386/nt\clib3r.lib(stricmp.c)
00408280       stricmp_
Module: D:\WATCOM/lib386/nt\flib7.lib(posrew.c)
004082c0       FRewind_
Module: D:\WATCOM/lib386/nt\flib7.lib(posback.c)
00408330       FBackspace_
Module: D:\WATCOM/lib386/nt\flib7.lib(postrunc.c)
00408410       FTruncate_
Module: D:\WATCOM/lib386/nt\clib3r.lib(errno.c)
00408430       __get_errno_ptr_
00408440*      __get_doserrno_ptr_
Module: D:\WATCOM/lib386/nt\flib7.lib(sdfile.c)
00417c80*      _FFCtrlSeq
00417c82*      _SkipCtrlSeq
00417c84       _NormalCtrlSeq
00417c86       _SDTermIn
00417c8a       _SDTermOut
00417c8e*      _SDPrtName
Module: D:\WATCOM/lib386/nt\flib7.lib(wrutils.c)
00408450       F_SendData_
004084b0*      SendLine_
004084c0       SendEOR_
00408550*      SendInt_
00408580       SendStr_
004085a0+      SendWSLStr_
004085c0       SendChar_
004085e0       Drop_
004087a0       IOItemResult_
Module: D:\WATCOM/lib386/nt\flib7.lib(rfmtutil.c)
00408850       R_ChkType_
00408880       R_NewRec_
004088c0       R_ChkIType_
004088f0       R_ChkFType_
00408920       R_ChkRecLen_
00408940+      GetLen_
00408980       R_FOStr_
00408990*      FOString_
00408a00       R_FIStr_
00408ac0       R_FOLog_
00408b10       R_FILog_
00408bf0       R_FIFloat_
00408de0       GetReal_
00408ef0       R_FOF_
00408f70       R_FOE_
004090b0+      FmtH2B_
004091a0       R_FIHex_
00409320       R_FOHex_
00409330*      FOHex_
00409430       R_FIInt_
00409540       R_FOInt_
004097a0       R_FOG_
00409a20+      ChkBuffLen_
Module: D:\WATCOM/lib386/nt\flib7.lib(arrayio.c)
00409ae0       ArrayIOType_
Module: D:\WATCOM/lib386/nt\flib7.lib(unfmtin.c)
00409b60       UnFmtIn_
00409c00+      NextUnFmtRec_
Module: D:\WATCOM/lib386/nt\flib7.lib(freein.c)
00409fe0+      GetNum_
0040a1e0       FreeIn_
0040a1f0*      DoFreeIn_
0040a220+      BumpComma_
0040a250+      Blanks_
0040a270+      CheckEor_
Module: D:\WATCOM/lib386/nt\flib7.lib(rttraps.c)
0040a970       __EnableF77RTExceptionHandling_
0040a980       R_TrapInit_
0040aa10       R_TrapFini_
0040aa20*      __InitExceptionVectors_
Module: D:\WATCOM/lib386/nt\flib7.lib(errrtns.c)
00419698       ___ErrorFini
0041969c       ___ErrorInit
004196a0       ___BldErrMsg
Module: D:\WATCOM/lib386/nt\clib3r.lib(atexit.c)
0040aa40       atexit_
Module: D:\WATCOM/lib386/nt\clib3r.lib(regdata.c)
0040aaa0       __RegisterThreadDataSize_
Module: D:\WATCOM/lib386/nt\flib7.lib(errutil.c)
0040aad0       BldErrCode_
0040ab30*      MsgFormat_
0040ab60*      MsgBuffer_
00417c94+      _PGrpCodes
Module: D:\WATCOM/lib386/nt\clib3r.lib(enterdb.c)
0040ab90       __EnterWVIDEO_
00417c98       ___WD_Present
Module: D:\WATCOM/lib386/nt\clib3r.lib(iob.c)
00417c9c       ___iob
00417ea4       __fmode
00419728       ___OpenStreams
0041972c       ___ClosedStreams
Module: D:\WATCOM/lib386/nt\clib3r.lib(setmd.c)
0040abc0       setmode_
Module: D:\WATCOM/lib386/nt\clib3r.lib(write.c)
0040af00       write_
Module: D:\WATCOM/lib386/nt\clib3r.lib(initrtns.c)
0040b170       __InitRtns
0040b1c0       __FiniRtns
Module: D:\WATCOM/lib386/nt\clib3r.lib(mthrdini.c)
0040b220       __InitThreadData_
00417ea8       ___ThreadDataSize
Module: D:\WATCOM/lib386/nt\clib3r.lib(cmain386.c)
0040b250       __CMain
Module: D:\WATCOM/lib386/nt\clib3r.lib(dosseg)
00001234       __DOSseg__
Module: D:\WATCOM/lib386/nt\clib3r.lib(8087cw.c)
00417eac       __8087cw
Module: D:\WATCOM/lib386/nt\clib3r.lib(save8087.c)
00417eb0       ___Save8087
00417eb4       ___Rest8087
Module: D:\WATCOM/lib386/nt\clib3r.lib(init8087)
0040b294       __x87id
Module: D:\WATCOM/lib386/nt\flib7.lib(csetinfo.c)
00419730       _CharSetInfo
Module: D:\WATCOM/lib386/nt\flib7.lib(errmsg.c)
0040b600       _GroupTable
0040b6b0       _ErrWord
Module: D:\WATCOM/lib386/nt\flib7.lib(unfmtutl.c)
0040bce0       _SizeVars
Module: D:\WATCOM/lib386/nt\flib7.lib(undefcg.c)
0040bd80       OutLogCG_
0040bd90       OutIntCG_
0040bdd0+      FmtRealCG_
0040be00+      FmtDoubleCG_
0040be30+      FmtExtendedCG_
0040be60+      UndefIntCG_
0040be60+      UndefLogCG_
0040be60+      UndefExtendedCG_
0040be60+      UndefDoubleCG_
0040be60+      UndefRealCG_
0040be70+      GetRealCG_
00417eb8       _FmtRealRtn
00417ebc       _FmtDoubleRtn
00417ec0       _FmtExtendedRtn
00417ec4       _SendStrRtn
00417ec8       _UndefRealRtn
00417ecc       _UndefDoubleRtn
00417ed0       _UndefExtendedRtn
00417ed4       _UndefLogRtn
00417ed8       _UndefIntRtn
00417edc       _GetRealRtn
Module: D:\WATCOM/lib386/nt\flib7.lib(cctrl.c)
0040be80       CheckCCtrl_
Module: D:\WATCOM/lib386/nt\clib3r.lib(hdlman.c)
00417ee0+      ___NHandles
00417ee4+      ___OSHandles
00417ee8+      ___FakeHandles
0040bef0+      __growPOSIXHandles_
0040bf90       __allocPOSIXHandle_
0040c050       __freePOSIXHandle_
0040c070       __getOSHandle_
0040c080       __setOSHandle_
0040c0d0+      __NTGetFakeHandle_
0040c140       __initPOSIXHandles_
0040c220*      __set_handles_
0040c230*      _grow_handles_
Module: D:\WATCOM/lib386/nt\clib3r.lib(environ.c)
00419744       ___env_mask
00419748       _environ
0041974c       __wenviron
Module: D:\WATCOM/lib386/nt\clib3r.lib(getmodfn.c)
0040c270       __lib_GetModuleFileNameW_
Module: D:\WATCOM/lib386/nt\clib3r.lib(strdup.c)
0040c310       __clib_strdup_
Module: D:\WATCOM/lib386/nt\clib3r.lib(istable.c)
0040c350       __IsTable
Module: D:\WATCOM/lib386/nt\clib3r.lib(ustrdup.c)
0040c451       __clib_wcsdup_
Module: D:\WATCOM/lib386/nt\clib3r.lib(nfree.c)
0040c480       _nfree_
0040c480       free_
00419750       ___MiniHeapFreeRover
Module: D:\WATCOM/lib386/nt\clib3r.lib(excptwnt.c)
0040cbf0+      ___ReportException@4
0040d040       __DefaultExceptionHandler_
0040d080+      ___ExceptionFilter
0040d290       __NewExceptionFilter_
0040d2c0       __DoneExceptionFilter_
00417ef4       ___oscode_check_func
00417ef8       ___raise_func
00419754*      _sw
00419758       ___ExceptionHandled
00419759+      ___ReportInvoked
Module: D:\WATCOM/lib386/nt\clib3r.lib(stklmwnt.c)
0040d300       __init_stack_limits_
Module: D:\WATCOM/lib386/nt\clib3r.lib(setjmp)
0040d370       _setjmp_
0040d3a9       longjmp_
Module: D:\WATCOM/lib386/nt\clib3r.lib(exit.c)
0040d431+      __null_int23_exit_
0040d432       exit_
0040d482*      _exit_
00417f10+      ___int23_exit
00417f14+      ___FPE_handler_exit
Module: D:\WATCOM/lib386/nt\clib3r.lib(getenv.c)
0040d4a0       getenv_
Module: D:\WATCOM/lib386/nt\clib3r.lib(ltoa.c)
0040d530       ultoa_
0040d580       ltoa_
Module: D:\WATCOM/lib386/nt\clib3r.lib(nmalloc.c)
0040d5b0       _nmalloc_
0040d5b0       malloc_
00417f18       ___nheapbeg
00417f1c       ___MiniHeapRover
00417f20       ___LargestSizeB4MiniHeapRover
Module: D:\WATCOM/lib386/nt\clib3r.lib(__stos)
0040d6b0       __STOSB
0040d6e7*      __STOSD
Module: D:\WATCOM/lib386/nt\clib3r.lib(memmove.c)
0040d760       memmove_
Module: D:\WATCOM/lib386/nt\clib3r.lib(itoa.c)
0040d7c0       utoa_
0040d810       itoa_
Module: D:\WATCOM/lib386/nt\clib3r.lib(fgtattr.c)
0040d840       __fixed_GetFileAttributesA_
Module: D:\WATCOM/lib386/nt\clib3r.lib(dosret.c)
0040d8e0*      _dosretax_
0040d8f0*      _dosret0_
0040d900       __set_errno_dos_
0040d930*      __set_errno_dos_reterr_
0040d940       __set_errno_nt_
0040d950*      __set_errno_nt_reterr_
Module: D:\WATCOM/lib386/nt\clib3r.lib(seterrno.c)
0040d964       __set_errno_
0040d972*      __set_EDOM_
0040d980       __set_ERANGE_
0040d98e*      __set_EINVAL_
0040d9a1       __set_doserrno_
Module: D:\WATCOM/lib386/nt\clib3r.lib(gtcwdwnt.c)
0040d9b0       getcwd_
Module: D:\WATCOM/lib386/nt\clib3r.lib(iomode.c)
0040da40       __GetIOMode_
0040da60       __SetIOMode_nogrow_
00418028       ___NFiles
0041802c       ___init_mode
0041807c       ___io_mode
Module: D:\WATCOM/lib386/nt\clib3r.lib(iomodtty.c)
0040da80       __ChkTTYIOMode_
0040dac0       __IOMode_
Module: D:\WATCOM/lib386/nt\clib3r.lib(ntdirinf.c)
0040dae0       __MakeDOSDT_
0040db10*      __FromDOSDT_
0040db40*      __GetNTDirInfo_
0040db80*      __NTFindNextFileWithAttr_
Module: D:\WATCOM/lib386/nt\clib3r.lib(d2ttime.c)
0040dbe0       _d2ttime_
Module: D:\WATCOM/lib386/nt\clib3r.lib(strerror.c)
0040df80       strerror_
0040dfa0*      _strerror_
0040e070*      _doserror_
00418080+      __sys_errlist
00418124+      __sys_nerr
Module: D:\WATCOM/lib386/nt\clib3r.lib(_strcmp)
0040e0a0       strcmp_
Module: D:\WATCOM/lib386/nt\clib3r.lib(mbspbrk.c)
0040e1e0       _mbspbrk_
Module: D:\WATCOM/lib386/nt\clib3r.lib(mbsinc.c)
0040e230       _mbsinc_
Module: D:\WATCOM/lib386/nt\clib3r.lib(tolower.c)
0040e260       tolower_
Module: D:\WATCOM/lib386/nt\clib3r.lib(stiomode.c)
0040e270       __grow_iomode_
0040e340+      __shrink_iomode_
0040e380       __SetIOMode_
Module: D:\WATCOM/lib386/nt\clib3r.lib(close.c)
0040e3f0       close_
Module: D:\WATCOM/lib386/nt\clib3r.lib(openwnt.c)
0040e610*      open_
0040e630       sopen_
Module: D:\WATCOM/lib386/nt\clib3r.lib(lseek.c)
0040e660       lseek_
Module: D:\WATCOM/lib386/nt\flib7.lib(poscc.c)
0040e6b0*      __LineFeedWithFormFeed_
0040e6c0       FSetCC_
Module: D:\WATCOM/lib386/nt\clib3r.lib(unlnkwnt.c)
0040e720       unlink_
Module: D:\WATCOM/lib386/nt\clib3r.lib(chsizwnt.c)
0040e7a0       chsize_
Module: D:\WATCOM/lib386/nt\clib3r.lib(read.c)
0040e890       read_
Module: D:\WATCOM/lib386/nt\flib7.lib(ifile.c)
0040ea20       SendIFBuff_
0040ea50       NextIFBuff_
Module: D:\WATCOM/lib386/nt\flib7.lib(rdutils.c)
0040ea80       NextRec_
Module: D:\WATCOM/lib386/nt\flib7.lib(rfmtlog.c)
0040eba0       R_FmtLog_
Module: D:\WATCOM/lib386/nt\clib3r.lib(toupper.c)
0040ebd0       toupper_
Module: D:\WATCOM/lib386/nt\flib7.lib(fmtcnvt.c)
0040ebe0       FmtS2I_
0040ed10       FmtS2F_
Module: D:\WATCOM/lib386/nt\flib7.lib(fmtrtns.c)
0040f0e0       R_F2E_
0040f250       R_F2F_
0040f3e0       SetMaxPrec_
Module: D:\WATCOM/lib386/nt\flib7.lib(flt86.c)
0040f3f0       _P1d100
0040f3f8       _P1d_99
Module: D:\WATCOM/lib386\math387r.lib(pow87)
0040f559*      pow_
0040f400       IF@DPOW
0040f400*      IF@POW
Module: D:\WATCOM/lib386/nt\flib7.lib(hexcnv.c)
0040f580       Hex_
0040f5a0*      HSToB_
0040f610       BToHS_
Module: D:\WATCOM/lib386/nt\clib3r.lib(strupr.c)
0040f660       strupr_
Module: D:\WATCOM/lib386/nt\flib7.lib(chrutils.c)
0040f680       JmpBlanks_
Module: D:\WATCOM/lib386/nt\clib3r.lib(signlwnt.c)
00418130+      __SignalTable
0040f6a0+      __SetSignalFunc_
0040f6f0+      __GetSignalFunc_
0040f720+      __GetSignalOSCode_
0040f750+      __CheckSignalExCode_
0040f890+      __sigabort_
0040f8a0       __sigfpe_handler_
0040f8f0       signal_
0040f980+      raise_
0040f9f0+      __SigInit_
0040fa40+      __SigFini_
0040fa80+      __sig_init_
Module: D:\WATCOM/lib386/nt\flib7.lib(fptraps.c)
0040fb60*      __MaskDefaultFPE_
0040fb80       FPTrapInit_
0040fbb0       FPTrapFini_
Module: D:\WATCOM/lib386/nt\clib3r.lib(trdlist.c)
0040fc20       __GetThreadData_
0040fc70       __ReallocThreadData_
0040fd60       __AddThreadData_
0040fde0       __RemoveThreadData_
0040fe40       __ResizeThreadDataList_
0040fe70       __FreeThreadDataList_
0040fea0*      __ActiveThreads_
Module: D:\WATCOM/lib386/nt\flib7.lib(errgrp.c)
0040fec0       _GrpCodes
Module: D:\WATCOM/lib386/nt\clib3r.lib(initfile.c)
0040ff80       __InitFiles_
Module: D:\WATCOM/lib386/nt\clib3r.lib(ioexit.c)
00410080*      fcloseall_
00410090       __full_io_exit_
Module: D:\WATCOM/lib386/nt\clib3r.lib(stackwnt.c)
004100a0       stackavail_
Module: D:\WATCOM/lib386/nt\clib3r.lib(stk)
004100b1*      __CHK
004100c1*      __STK
004100e0       __STKOVERFLOW_
004100f0*      __GRO
00410110*      __alloca_probe
Module: D:\WATCOM/lib386/nt\clib3r.lib(cinit.c)
00410130       __CommonInit_
Module: D:\WATCOM/lib386/nt\clib3r.lib(___argc.c)
00419864       ____Argc
00419868       ____Argv
Module: D:\WATCOM/lib386/nt\flib7.lib(rtmain.c)
00410140       main_
Module: D:\WATCOM/lib386/nt\flib7.lib(expchk.c)
00410160       ToFFormat_
Module: D:\WATCOM/lib386/nt\clib3r.lib(nrealloc.c)
004101b0*      _nrealloc_
004101b0       realloc_
Module: D:\WATCOM/lib386/nt\clib3r.lib(setenvp.c)
00410230       __setenvp_
004102f0       __freeenvp_
Module: D:\WATCOM/lib386/nt\clib3r.lib(ustrlen.c)
0041033d       wcslen_
Module: D:\WATCOM/lib386/nt\clib3r.lib(memcpy.c)
00410350       memcpy_
Module: D:\WATCOM/lib386/nt\clib3r.lib(mem.c)
00410370       __MemAllocator
00410420       __MemFree
Module: D:\WATCOM/lib386/nt\clib3r.lib(conutwnt.c)
00410570*      __NTRealKey_
00410620*      __NTConsoleInput_
00410630       __NTConsoleOutput_
Module: D:\WATCOM/lib386/nt\clib3r.lib(fclex387.c)
00410640       _ClearFPE_
Module: D:\WATCOM/lib386/nt\clib3r.lib(ljmphdl.c)
004181b4       ___longjmp_handler
Module: D:\WATCOM/lib386/nt\clib3r.lib(mbterm.c)
00410660       _mbterm_
Module: D:\WATCOM/lib386/nt\clib3r.lib(mbsnextc.c)
004106a0       _mbsnextc_
Module: D:\WATCOM/lib386/nt\clib3r.lib(mbcupper.c)
004106e0       _mbctoupper_
Module: D:\WATCOM/lib386/nt\clib3r.lib(alphabet.c)
0041732c       ___Alphabet
Module: D:\WATCOM/lib386/nt\clib3r.lib(nmemneed.c)
00410710       __nmemneed_
Module: D:\WATCOM/lib386/nt\clib3r.lib(grownear.c)
00410880       __ExpandDGROUP_
Module: D:\WATCOM/lib386/nt\clib3r.lib(isattwnt.c)
004108a0       isatty_
Module: D:\WATCOM/lib386/nt\clib3r.lib(strncpy.c)
004108c0       strncpy_
Module: D:\WATCOM/lib386/nt\clib3r.lib(mktime.c)
00410900       mktime_
Module: D:\WATCOM/lib386/nt\clib3r.lib(mbschr.c)
00410990       _mbschr_
Module: D:\WATCOM/lib386/nt\clib3r.lib(mbisdbcs.c)
00419870       ___IsDBCS
Module: D:\WATCOM/lib386/nt\clib3r.lib(mbislead.c)
004109f0*      _ismbblead_
00419874       ___MBCSIsTable
Module: D:\WATCOM/lib386/nt\clib3r.lib(_clsewnt.c)
00410a10       __close_
Module: D:\WATCOM/lib386/nt\clib3r.lib(ntfio.c)
00410a70*      __GetNTCreateAttr_
00410ab0       __GetNTAccessAttr_
00410ae0       __GetNTShareAttr_
Module: D:\WATCOM/lib386/nt\clib3r.lib(umaskval.c)
004181b8       ___umaskval
Module: D:\WATCOM/lib386/nt\clib3r.lib(__lseek.c)
00410b40       __lseek_
Module: D:\WATCOM/lib386/nt\flib7.lib(intarith.c)
00410b80       AddIOFlo_
00410b90*      SubIOFlo_
00410ba0       MulIOFlo_
Module: D:\WATCOM/lib386\math387r.lib(strtod.c)
004110c3+      __Strtold_
0041122a       strtod_
Module: D:\WATCOM/lib386\math387r.lib(ldcvt.c)
0041144d       _LDScale10x_
004119f4       __LDcvt_
Module: D:\WATCOM/lib386\math387r.lib(pow87e.c)
00411e41       __pow87_err_
Module: D:\WATCOM/lib386/nt\clib3r.lib(chipd32.asm)
00411fdf       __fdiv_fpr
004124a1*      __fdiv_chk
004124b4*      __fdiv_m32
00412501*      __fdiv_m64
0041254e*      __fdiv_m32r
0041259b*      __fdiv_m64r
Module: D:\WATCOM/lib386/nt\clib3r.lib(abort.c)
004125fd*      abort_
0041260f       __terminate_
00418264       ___abort
Module: D:\WATCOM/lib386/nt\clib3r.lib(cntrl87.c)
00412630       _control87_
Module: D:\WATCOM/lib386/nt\clib3r.lib(mthread.c)
00412810+      __CloseSemaphore_
00412850+      __AccessIOB_
00412860+      __ReleaseIOB_
00412870+      __AccessFileH_
00412880+      __ReleaseFileH_
00412890+      __AccessNHeap_
004128a0+      __ReleaseNHeap_
004128b0+      __AccessFHeap_
004128c0+      __ReleaseFHeap_
004128d0+      __AccessTDList_
004128e0+      __ReleaseTDList_
004128f0+      __AccessFList_
00412900+      __AccessSemaphore_
00412960+      __ReleaseFList_
00412970+      __ReleaseSemaphore_
004129a0+      __MultipleThread_
004129f0+      __AllocInitThreadData_
00412a40*      __FreeInitThreadData_
00412a50       __NTThreadInit_
00412ac0       __NTAddThread_
00412b10       __NTRemoveThread_
00412ba0       __InitMultipleThread_
00418268+      ___AccessSema4
0041826c+      ___ReleaseSema4
00418270+      ___CloseSema4
Module: D:\WATCOM/lib386/nt\clib3r.lib(xmsgwnt.c)
00412d60+      __exit_with_msg_
00412dc0       __fatal_runtime_error_
Module: D:\WATCOM/lib386/nt\clib3r.lib(calloc.c)
00412de0       calloc_
Module: D:\WATCOM/lib386/nt\clib3r.lib(register.c)
00412e10       __initthread_
00412e20*      _beginthread_
00412e30       _endthread_
00412e40*      __RegisterThreadData_
Module: D:\WATCOM/lib386/nt\clib3r.lib(fclose.c)
00412e90+      __doclose_
00412f30       __shutdown_stream_
00412f50*      fclose_
0041a0e4+      ___RmTmpFileFn
Module: D:\WATCOM/lib386/nt\clib3r.lib(freefp.c)
00412fa0       __freefp_
00412ff0       __purgefp_
Module: D:\WATCOM/lib386/nt\clib3r.lib(argcv.c)
0041a0e8       __argc
0041a0ec       __argv
0041a0f0       ___argv
0041a0f4       ___argc
Module: D:\WATCOM/lib386/nt\clib3r.lib(nmsize.c)
00413020       _nmsize_
00413020*      _msize_
Module: D:\WATCOM/lib386/nt\clib3r.lib(nexpand.c)
00413030       _nexpand_
00413030*      _expand_
00413070+      __HeapManager_expand_
Module: D:\WATCOM/lib386/nt\clib3r.lib(dofilstr.c)
00413250       __ParsePosixHandleStr_
Module: D:\WATCOM/lib386/nt\clib3r.lib(clearenv.c)
00413370       clearenv_
Module: D:\WATCOM/lib386/nt\clib3r.lib(mbconv.c)
00413400       _mbvtop_
Module: D:\WATCOM/lib386/nt\clib3r.lib(amblksiz.c)
00418280       __amblksiz
Module: D:\WATCOM/lib386/nt\clib3r.lib(heapen.c)
00413420*      _heapenable_
00418284       ___heap_enabled
Module: D:\WATCOM/lib386/nt\clib3r.lib(nheapmin.c)
00413450       _nheapshrink_
00413450*      _nheapmin_
00413450*      _heapmin_
00413450       _heapshrink_
Module: D:\WATCOM/lib386/nt\clib3r.lib(locmktim.c)
00413540       __local_mktime_
Module: D:\WATCOM/lib386/nt\clib3r.lib(gmtime.c)
004136c0       __brktime_
004137c0+      _gmtime_
004137e0*      gmtime_
Module: D:\WATCOM/lib386/nt\clib3r.lib(tzset.c)
00418288       ___start_dst
004182ac       ___end_dst
004183d4*      _tzname
004183dc       _timezone
004183e0       _daylight
004183e4       ___dst_adjust
00413850*      __DontCacheOSTZ_
00413860*      __CacheOSTZ_
00413d40+      __parse_tz_
00414130       tzset_
Module: D:\WATCOM/lib386/nt\clib3r.lib(timeutil.c)
004142a0       __isindst_
Module: D:\WATCOM/lib386/nt\clib3r.lib(mbclen.c)
004145d0       _mbclen_
Module: D:\WATCOM/lib386/nt\clib3r.lib(mbccmp.c)
00414600       _mbccmp_
Module: D:\WATCOM/lib386/nt\clib3r.lib(mbinit.c)
00414675       __mbinit_
004183ec       ___MBCodePage
Module: D:\WATCOM/lib386\math387r.lib(bufld386)
00414764       __ZBuf2LD
Module: D:\WATCOM/lib386\math387r.lib(inf_nan.c)
00414807*      ___f_infinity
0041480b*      ___f_posqnan
0041480f       ___d_infinity
00414817       ___d_posqnan
0041481f*      ___ld_infinity
00414827*      ___ld_posqnan
Module: D:\WATCOM/lib386/nt\clib3r.lib(hugeval.c)
00414830       __HugeValue
Module: D:\WATCOM/lib386\math387r.lib(ldclass.c)
00414838       __LDClass_
00414888*      _FLClass_
Module: D:\WATCOM/lib386/nt\clib3r.lib(trdalloc.c)
004148a0       __FiniThreadProcessing_
Module: D:\WATCOM/lib386/nt\clib3r.lib(thredwnt.c)
00414960       __CBeginThread_
00414a00       __CEndThread_
Module: D:\WATCOM/lib386/nt\clib3r.lib(flush.c)
00414a40       __flush_
Module: D:\WATCOM/lib386/nt\clib3r.lib(initargv.c)
00414b40       __Init_Argv_
00414b90+      _getargv_
00414d30       __Fini_Argv_
Module: D:\WATCOM/lib386/nt\clib3r.lib(strtol.c)
00414f60*      strtoul_
00414f70       strtol_
Module: D:\WATCOM/lib386/nt\clib3r.lib(putenv.c)
00414f80       putenv_
00415210       __putenv_
Module: D:\WATCOM/lib386/nt\clib3r.lib(leapyear.c)
00415380       __leapyear_
00417354       ___diyr
0041736e       ___dilyr
Module: D:\WATCOM/lib386/nt\clib3r.lib(wcstombs.c)
004153c0       wcstombs_
Module: D:\WATCOM/lib386/nt\clib3r.lib(fsync.c)
00415460       fsync_
Module: D:\WATCOM/lib386/nt\clib3r.lib(qwrit.c)
004154b0       __qwrite_
Module: D:\WATCOM/lib386/nt\clib3r.lib(histsplt.c)
0041a0fc       ___historical_splitparms
Module: D:\WATCOM/lib386/nt\clib3r.lib(mbslen.c)
00415590       _mbslen_
Module: D:\WATCOM/lib386/nt\clib3r.lib(mbstowcs.c)
004155c0       mbstowcs_
Module: D:\WATCOM/lib386/nt\clib3r.lib(uputenv.c)
00415640*      _wputenv_
00415860       __wputenv_
Module: D:\WATCOM/lib386/nt\clib3r.lib(wctomb.c)
00415960       wctomb_
Module: D:\WATCOM/lib386/nt\clib3r.lib(mbtowc.c)
004159a0       mbtowc_
Module: D:\WATCOM/lib386/nt\clib3r.lib(ustrchr.c)
00415a30       wcschr_
Module: D:\WATCOM/lib386/nt\clib3r.lib(setenvar.c)
00415a50       __lib_SetEnvironmentVariableW_
Module: D:\WATCOM/lib386/nt\clib3r.lib(crtwenv.c)
00415b40       __create_wide_environment_
Module: D:\WATCOM/lib386/nt\clib3r.lib(utoupper.c)
00415ba8       towupper_


                        +----------------------+
                        |   Imported Symbols   |
                        +----------------------+

Symbol                              Module
======                              ======

_MessageBoxA@16                     USER32.DLL
_GetEnvironmentStringsA@0           KERNEL32.DLL
_GetVersion@0                       KERNEL32.DLL
_GetModuleFileNameA@12              KERNEL32.DLL
_GetCommandLineA@0                  KERNEL32.DLL
_GetCommandLineW@0                  KERNEL32.DLL
_FreeEnvironmentStringsA@4          KERNEL32.DLL
_GetModuleHandleA@4                 KERNEL32.DLL
_ExitProcess@4                      KERNEL32.DLL
_RtlUnwind@16                       KERNEL32.DLL
_GetFullPathNameA@16                KERNEL32.DLL
_GetFileType@4                      KERNEL32.DLL
_GetFileInformationByHandle@8       KERNEL32.DLL
_GetFileTime@16                     KERNEL32.DLL
_GetFileSize@8                      KERNEL32.DLL
_CreateFileA@28                     KERNEL32.DLL
_CloseHandle@4                      KERNEL32.DLL
_GetLastError@0                     KERNEL32.DLL
_GetDriveTypeA@4                    KERNEL32.DLL
_FindFirstFileA@8                   KERNEL32.DLL
_FindClose@4                        KERNEL32.DLL
_SetFilePointer@16                  KERNEL32.DLL
_WriteFile@20                       KERNEL32.DLL
_GetCurrentThreadId@0               KERNEL32.DLL
_SetStdHandle@8                     KERNEL32.DLL
_CreateEventA@16                    KERNEL32.DLL
_GetStdHandle@4                     KERNEL32.DLL
_GetModuleFileNameW@12              KERNEL32.DLL
_MultiByteToWideChar@24             KERNEL32.DLL
_LoadLibraryA@4                     KERNEL32.DLL
_GetProcAddress@8                   KERNEL32.DLL
_SetUnhandledExceptionFilter@4      KERNEL32.DLL
_UnhandledExceptionFilter@4         KERNEL32.DLL
_VirtualQuery@12                    KERNEL32.DLL
_GetFileAttributesA@4               KERNEL32.DLL
_GetCurrentDirectoryA@8             KERNEL32.DLL
_FileTimeToLocalFileTime@8          KERNEL32.DLL
_FileTimeToDosDateTime@12           KERNEL32.DLL
_DosDateTimeToFileTime@12           KERNEL32.DLL
_LocalFileTimeToFileTime@8          KERNEL32.DLL
_FindNextFileA@8                    KERNEL32.DLL
_FormatMessageA@28                  KERNEL32.DLL
_DeleteFileA@4                      KERNEL32.DLL
_SetEndOfFile@4                     KERNEL32.DLL
_ReadFile@20                        KERNEL32.DLL
_SetConsoleCtrlHandler@8            KERNEL32.DLL
_TlsGetValue@4                      KERNEL32.DLL
_TlsSetValue@8                      KERNEL32.DLL
_CharUpperA@4                       USER32.DLL
_VirtualAlloc@16                    KERNEL32.DLL
_InitializeCriticalSection@4        KERNEL32.DLL
_DeleteCriticalSection@4            KERNEL32.DLL
_LeaveCriticalSection@4             KERNEL32.DLL
_EnterCriticalSection@4             KERNEL32.DLL
_SetLastError@4                     KERNEL32.DLL
_TlsAlloc@0                         KERNEL32.DLL
_TlsFree@4                          KERNEL32.DLL
_VirtualFree@12                     KERNEL32.DLL
_GetTimeZoneInformation@4           KERNEL32.DLL
_GetACP@0                           KERNEL32.DLL
_GetOEMCP@0                         KERNEL32.DLL
_GetCPInfo@8                        KERNEL32.DLL
_CreateThread@24                    KERNEL32.DLL
_ResumeThread@4                     KERNEL32.DLL
_ExitThread@4                       KERNEL32.DLL
_SetEnvironmentVariableA@8          KERNEL32.DLL
_FlushFileBuffers@4                 KERNEL32.DLL
_WideCharToMultiByte@32             KERNEL32.DLL
_SetEnvironmentVariableW@8          KERNEL32.DLL


                        +--------------------+
                        |   Libraries Used   |
                        +--------------------+

D:\WATCOM/lib386/nt\kernel32.lib
D:\WATCOM/lib386/nt\user32.lib
D:\WATCOM/lib386/nt\flib7.lib
D:\WATCOM/lib386\math387r.lib
D:\WATCOM/lib386/nt\clib3r.lib
D:\WATCOM/lib386/nt\emu387.lib


                        +-----------------------+
                        |   Linker Statistics   |
                        +-----------------------+

Stack size:  00010000 (65536.)
Memory size:  000285dc (165340.)
Entry point address: 00402d64
Link time: 00:00.34
