Open Watcom Linker Version 1.9
Portions Copyright (c) 1985-2002 Sybase, Inc. All Rights Reserved.
Created on:       20/11/16 15:33:41
Executable Image: 2.exe
creating a Windows NT character-mode executable


                        +------------+
                        |   Groups   |
                        +------------+

Group                           Address              Size
=====                           =======              ====

.idata                          00416000             00000786
DGROUP                          00417000             00013100



                        +--------------+
                        |   Segments   |
                        +--------------+

Segment                Class          Group          Address         Size
=======                =====          =====          =======         ====

BEGTEXT                CODE           AUTO           00401000        00000007
_TEXT                  CODE           AUTO           00401010        00014178
TRANSFER CODE          CODE           AUTO           00415188        0000019e
.idata                 .idata         .idata         00416000        00000786
_NULL                  BEGDATA        DGROUP         00417000        00000004
_AFTERNULL             BEGDATA        DGROUP         00417004        00000000
CONST                  DATA           DGROUP         00417010        000001e0
_DATA                  DATA           DGROUP         004171f0        000010a0
CONST2                 DATA           DGROUP         00418290        00000000
XIB                    DATA           DGROUP         00418290        00000000
XI                     DATA           DGROUP         00418290        0000004e
XIE                    DATA           DGROUP         004182de        00000000
YIB                    DATA           DGROUP         004182de        00000000
YI                     DATA           DGROUP         004182de        00000030
YIE                    DATA           DGROUP         0041830e        00000000
TIB                    DATA           DGROUP         0041830e        00000000
TI                     DATA           DGROUP         0041830e        00000000
TIE                    DATA           DGROUP         0041830e        00000000
DATA                   DATA           DGROUP         0041830e        00000000
DATA32                 DATA           DGROUP         00418310        0000011c
VAR                    VAR            DGROUP         00419000        00000008
CONST32                CONST          DGROUP         00419008        00000000
_BSS                   BSS            DGROUP         00419010        000010f0
BSS32                  BSS            DGROUP         0041a100        00000000
STACK                  STACK          DGROUP         0041a100        00010000


                        +----------------+
                        |   Memory Map   |
                        +----------------+

* = unreferenced symbol
+ = symbol only referenced locally

Address        Symbol
=======        ======

Module: 2.obj(D:\WATCOM\2\2.for)
00401010+      F
00401041+      G
0040106d+      FX
004010ac+      FXX
00401111+      GX
00401146+      GXX
00401175+      NEWTON
0040124c+      EL
00401287+      ELM
004012ea       FMAIN
00419000+      VAR
Module: D:\WATCOM/lib386\math387r.lib(exp87)
00401763*      exp_
004016fc*      __@DEXP1
00401704       IF@EXP
00401704*      IF@DEXP
00401706       __@DEXP
Module: D:\WATCOM/lib386/nt\flib7.lib(setunit.c)
00401770       RT@SetUnit
Module: D:\WATCOM/lib386/nt\flib7.lib(setfile.c)
004017b0       RT@SetFile
Module: D:\WATCOM/lib386/nt\flib7.lib(exopen.c)
00401f00       RT@IOOpen
00417248+      _AccModTab
00417258+      _FormTab
00417264+      _OpStatTab
00417278+      _BlnkTab
00417284+      _RecFmTab
00417294+      _CCtrlTab
004172a0+      _ActionTab
004172b0+      _ShareTab
Module: D:\WATCOM/lib386/nt\flib7.lib(setfmt.c)
00401f20       RT@SetFmt
Module: D:\WATCOM/lib386/nt\flib7.lib(cowrite)
00401f40       RT@IOWrite
00401f4f*      RT@OutLOG1
00401f61*      RT@OutLOG4
00401f6f*      RT@OutINT1
00401f81*      RT@OutINT2
00401f91*      RT@OutINT4
00401fa0       RT@OutREAL
00401fb0*      RT@OutDBLE
00401fc0*      RT@OutXTND
00401fd0*      RT@OutCPLX
00401fe6*      RT@OutDBCX
00401ffc*      RT@OutXTCX
00402012       RT@OutCHAR
00402017*      RT@OutSTR
0040201c*      RT@PrtArr
00402021*      RT@PrtChArr
Module: D:\WATCOM/lib386/nt\flib7.lib(cortns)
004172c8*      _FRT_SaveESP
00402031*      SwitchToGen
0040204f       SwitchToRT
0040206d       RdWrCommon
00402111       IOType_
0040212f       IOChar
0040214a       IOStr
0040215f       IOArr
0040217a       IOChArr
0040219c       RT@EndIO
Module: D:\WATCOM/lib386/nt\flib7.lib(coread)
004021a6       RT@IORead
004021b5*      RT@InpLOG1
004021c4*      RT@InpLOG4
004021d3*      RT@InpINT1
004021e2*      RT@InpINT2
004021f1       RT@InpINT4
00402200*      RT@InpREAL
0040220f*      RT@InpDBLE
0040221e*      RT@InpXTND
0040222d*      RT@InpCPLX
0040223c*      RT@InpDBCX
0040224b*      RT@InpXTCX
0040225a*      RT@InpCHAR
0040225f*      RT@InpSTR
00402264*      RT@InpArr
00402269*      RT@InpChArr
Module: D:\WATCOM/lib386\math387r.lib(fchop87)
00402270       __CHP
Module: D:\WATCOM/lib386/nt\flib7.lib(exclose.c)
00402380       RT@IOClose
Module: D:\WATCOM/lib386/nt\flib7.lib(pause.c)
004023b0       RT@Pause
004172f8*      LG@PAUSE_HOOK
Module: D:\WATCOM/lib386/nt\clib3r.lib(cstrtwnt)
004023f4       _cstart_
004023f4*      mainCRTStartup
Module: D:\WATCOM/lib386/nt\clib3r.lib(_8087)
004172fc       __8087
004172fd       __real87
Module: D:\WATCOM/lib386/nt\emu387.lib(386)
00402450       __init_387_emulator
00402451*      __fini_387_emulator
Module: D:\WATCOM/lib386/nt\flib7.lib(initeng.c)
00419010       __init_english
Module: D:\WATCOM/lib386/nt\flib7.lib(initerr.c)
00419014       __init_error
Module: D:\WATCOM/lib386\math387r.lib(math87e.c)
00402460       __math87_err_
Module: D:\WATCOM/lib386/nt\flib7.lib(setiocb.c)
004024d0       RT@SetIOCB
Module: D:\WATCOM/lib386/nt\flib7.lib(rdata.c)
00419020       _IORslt
00419030       _FmtBuff
00419034*      _Fmt_revert
00419038*      _Fmt_start
0041903c*      _Fmt_paren_level
00419040*      _Fmt_charptr
00419044*      _FmtEmStruct
00419048       _IOTypeRtn
0041904c*      _Fmt_end
00419050*      _Fmt_rep_spec
00419054       _FmtRoutine
00419058       _IOCB
0041905c       _Files
00419060*      _Fmt_delimited
Module: D:\WATCOM/lib386/nt\flib7.lib(rtutls.c)
00402580       FindFtnFile_
00402670       RChkAlloc_
004026a0       F_Connect_
00402720       ConnectFile_
00402730       GetFileInfo_
00402820       DiscoFile_
00402890*      ChkFileName_
004028c0+      ChkLogFile_
00402900       ChkIOOperation_
00402940       GetIOErr_
00402950       ChkIOErr_
00402970       ChkUnitId_
004029b0*      ChkConnected_
004029d0       SetEOF_
00402a00       ClearEOF_
00402a40       SysEOF_
00402a70       IsFixed_
00402a80       IsCarriage_
00402a90*      ChkRecordStructure_
00402ac0*      ChkSequential_
00402ae0*      ChkExist_
00402b10       StrItem_
Module: D:\WATCOM/lib386/nt\flib7.lib(exutil.c)
00402b90       FindKWord_
00402c20*      ClrBuff_
00417300       _SpecId
Module: D:\WATCOM/lib386/nt\flib7.lib(ioerr.c)
00402c70       IOErr_
Module: D:\WATCOM/lib386/nt\flib7.lib(rtsysutl.c)
00402d00       GetSysIOInfo_
00402d20       GetSysFileInfo_
00402d50       IsDevice_
00402f20       OpenAction_
00402f60*      DfltRecType_
00402f80+      _FileAttrs_
00403040       CloseFile_
004030b0       Scrtched_
004030d0       CloseDeleteFile_
00403120       Errf_
00403140       FPutBuff_
004031b0       FGetBuff_
00403200       SeekFile_
00403220       NoEOF_
00403230       SysClearEOF_
00403240       SameFile_
00403250*      Rewindf_
00403270       SysCreateFile_
004032b0       CheckLogicalRecord_
004032d0       SkipLogicalRecord_
004032f0*      BackSpacef_
00403320*      EndFilef_
00403360       GetIOErrMsg_
004033a0       ReportNExist_
004033c0       ReportEOF_
004033d0       WaitForEnter_
Module: D:\WATCOM/lib386/nt\flib7.lib(runmain.c)
004033e0*      __InitUnit6CC_
004033f0       __DevicesCC_
00403400*      __InitAllowCommaSeparator_
00403410       __AllowCommaSep_
00403420+      _InitIO_
00403490+      CloseAllFiles_
004034d0*      _FiniEx_
004034d0       RunExit_
00403510       RunEntry_
Module: D:\WATCOM/lib386/nt\flib7.lib(rdwr.c)
00403540       DoOpen_
00403570+      _AllocBuffer_
004035b0       IOPrologue_
004037f0       UpdateRecNum_
Module: D:\WATCOM/lib386/nt\flib7.lib(iomain.c)
00403830       __ReleaseIOSys_
00403850       IOMain_
Module: D:\WATCOM/lib386/nt\flib7.lib(rfmtexec.c)
00404330       R_FExec_
Module: D:\WATCOM/lib386/nt\flib7.lib(exwrite.c)
004043d0       DoWrite_
Module: D:\WATCOM/lib386/nt\clib3r.lib(crwdata)
00417370       __osmajor
00417371       __osminor
00417372       __osbuild
00417374       __osver
00417378       __winmajor
0041737c       __winminor
00417380       __winver
0041733c       __LpDllName
00417340       __LpwCmdLine
00417344       __LpwPgmName
00417348       __LpwDllName
00417334       __LpCmdLine
00417338       __LpPgmName
0041732c*      __dynend
00417330       __curbrk
0041734c*      __STACKLOW
00417350       __STACKTOP
00417354       __ASTACKSIZ
00417358       __ASTACKPTR
0041735c*      __cbyte
00417360*      __cbyte2
00417364*      __child
0041736a       __Envptr
0041736e*      __Envseg
00417368       __no87
00417384       ___FPE_handler
Module: D:\WATCOM/lib386/nt\flib7.lib(thrdutil.c)
00404460*      __InitMultiThreadIO_
0041738c       ___SwitchStkLow
Module: D:\WATCOM/lib386/nt\flib7.lib(exread.c)
004044f0       DoRead_
Module: D:\WATCOM/lib386/nt\flib7.lib(rtinit.c)
00417390       ___FAppType
00417394       __ExceptionInit
00417398       __ExceptionFini
00404530*      __InitFThreadData_
00404570+      RTSysFini_
00404580       RTSysInit_
004173a0       __AccessFIO
004173a4       __ReleaseFIO
004173a8       __PartialReleaseFIO
00419068       ___FThreadDataOffset
004182ae*      ___fthread_data_size
Module: D:\WATCOM/lib386/nt\flib7.lib(rterr.c)
004173ac+      _TraceRoutine
00404600       FlushStdUnit_
00404650+      WriteErr_
00404720       ErrHandler_
00404760       RTErr_
004173b8+      LG@ERR_HOOK
Module: D:\WATCOM/lib386/nt\flib7.lib(stdio.c)
004047a0       StdBuffer_
004047c0       StdWrite_
004048a0       StdFlush_
004048d0       StdWriteNL_
Module: D:\WATCOM/lib386/nt\clib3r.lib(main2wnt.c)
00404900       __NTMain
Module: D:\WATCOM/lib386/nt\clib3r.lib(segdefns)
00401003       ___begtext
00417000*      __nullarea
00418290       __Start_XI
004182de       __End_XI
004182de       __Start_YI
0041830e       __End_YI
Module: D:\WATCOM/lib386/nt\clib3r.lib(chk8087.c)
00404980*      _fpreset_
004049c0       __chk8087_
004049d0*      __init_8087_
Module: D:\WATCOM/lib386/nt\flib7.lib(english.c)
00404a20       __UseEnglishCharSet_
Module: D:\WATCOM/lib386/nt\flib7.lib(errincl.c)
00404b30       __InitError_
004177c4+      _PGroupTable
004177c8+      _PErrWord
Module: D:\WATCOM/lib386/nt\flib7.lib(_matherr.c)
00404b50*      __imath2err_
00404b90*      __amath1err_
00404bc0*      __amath2err_
00404bf0       __math2err_
00404d00       __math1err_
00404d10*      __zmath2err_
00404d70*      __qmath2err_
Module: D:\WATCOM/lib386/nt\clib3r.lib(mainwnt.c)
004177cc       ___TlsIndex
004177d0       ___FirstThreadData
004177d4       ___GetThreadPtr
004177d8       __AccessFileH
004177dc       __ReleaseFileH
004177e0       __AccessIOB
004177e4       __ReleaseIOB
004177e8       __AccessNHeap
004177ec       __AccessFHeap
004177f0       __ReleaseNHeap
00404df0*      __threadid_
00404e10+      __sig_null_rtn_
00404e20+      __NTInit_
00405000+      __NTFini_
00405060       __NTMainInit_
004050c0       __exit_
004177f4       __ReleaseFHeap
004177f8       __AccessTDList
004177fc       __ReleaseTDList
00417800       __AccessFList
00417804       __ReleaseFList
00417808       __ThreadExitRtn
0041780c       ___sig_init_rtn
00417810       ___sig_fini_rtn
00417814       ___process_fini
00419078       ___Is_DLL
Module: D:\WATCOM/lib386/nt\flib7.lib(ioinit.c)
00405120       IOSysInit_
Module: D:\WATCOM/lib386/nt\flib7.lib(fdutil.c)
00405150       LocFile_
00405160       LocUnit_
00405190       ExtractInfo_
Module: D:\WATCOM/lib386/nt\flib7.lib(rstdio.c)
004052c0       _InitStandardInput_
004052f0       _InitStandardOutput_
Module: D:\WATCOM/lib386/nt\flib7.lib(rmemmgr.c)
00405320       RMemAlloc_
00405330       RMemFree_
Module: D:\WATCOM/lib386/nt\clib3r.lib(memset.c)
00405340       memset_
Module: D:\WATCOM/lib386/nt\flib7.lib(deffname.c)
0041781c       _DefFName
Module: D:\WATCOM/lib386/nt\flib7.lib(stracc.c)
00405360       TrimStr_
004053a0       GetStr_
Module: D:\WATCOM/lib386/nt\flib7.lib(spawn.c)
004053d0       Spawn_
00405430       Suicide_
Module: D:\WATCOM/lib386/nt\clib3r.lib(memicmp.c)
00405470       memicmp_
Module: D:\WATCOM/lib386/nt\flib7.lib(blderr.c)
00405530       Substitute_
004056f0       ErrCodOrg_
Module: D:\WATCOM/lib386/nt\clib3r.lib(accsswnt.c)
00405700       access_
Module: D:\WATCOM/lib386/nt\clib3r.lib(fullpath.c)
00405740+      _sys_fullpath_
004057c0       _fullpath_
Module: D:\WATCOM/lib386/nt\clib3r.lib(fstatwnt.c)
00405830       fstat_
Module: D:\WATCOM/lib386/nt\flib7.lib(poserr.c)
00405b90       Errorf_
00405bb0*      EOFile_
00405bd0       ErrorMsg_
00405c10       FSetTrunc_
00405c20       FSetSysErr_
00405c40       FSetErr_
00405c60       FSetEof_
00405c80       IOOk_
Module: D:\WATCOM/lib386/nt\clib3r.lib(statwnt.c)
00405da5       stat_
Module: D:\WATCOM/lib386/nt\flib7.lib(posopen.c)
00405fe0       InitStd_
004060a0       SetIOBufferSize_
004060c0+      _AllocFile_
004061b0       Openf_
004062a0       Closef_
Module: D:\WATCOM/lib386/nt\flib7.lib(posdat.c)
00417a0c       _FStdIn
00417a10       _FStdOut
00417a14       _FStdErr
Module: D:\WATCOM/lib386/nt\flib7.lib(posflush.c)
00406320       FlushBuffer_
Module: D:\WATCOM/lib386/nt\flib7.lib(posdel.c)
004063d0       Scratchf_
Module: D:\WATCOM/lib386/nt\clib3r.lib(nodefwin.c)
00417a18*      __WindowsIsWindowedHandle
00417a1c*      __WindowsRemoveWindowedHandle
00417a20*      __WindowsNewWindow
00417a24*      __WindowsCloseWindow
00417a28*      __WindowsSetAbout
00417a2c*      __WindowsSetAppTitle
00417a30*      __WindowsSetConTitle
00417a34*      __WindowsDestroyOnClose
00417a38*      __WindowsYieldControl
00417a3c*      __WindowsShutDown
00417a40*      __WindowsStdin
00417a44       __WindowsStdout
00417a48*      __WindowsKbhit
00417a4c*      __WindowsGetch
00417a50*      __WindowsGetche
00417a54*      __WindowsPutch
004063f0*      _dwShutDown_
004063f0*      _dwYield_
004063f0*      _dwSetConTitle_
004063f0*      _dwSetAppTitle_
004063f0*      _dwSetAboutDlg_
004063f0       _dwDeleteOnClose_
00417a58*      __WindowsExitRtn
00419694*      __init_default_win
Module: D:\WATCOM/lib386/nt\flib7.lib(posput.c)
00406400       FPutRec_
00406440       ChopFile_
00406490*      PutRec_
004065b0       writebytes_
00406630       SysWrite_
Module: D:\WATCOM/lib386/nt\flib7.lib(posget.c)
00406770       readbytes_
00406840       SysRead_
00406cb0       FGetRec_
00406ce0*      GetRec_
00406d00       GetStdChar_
00406d50       FCheckLogical_
00406dd0       FSkipLogical_
00406ea0*      FGetVarRecLen_
Module: D:\WATCOM/lib386/nt\flib7.lib(posseek.c)
00406f90       FSeekRec_
00406fd0       CurrFileOffset_
00406fd0       FGetFilePos_
00406ff0       SysSeek_
004071e0*      FSeekAbs_
Module: D:\WATCOM/lib386/nt\clib3r.lib(stricmp.c)
004071f0       stricmp_
Module: D:\WATCOM/lib386/nt\flib7.lib(posrew.c)
00407230       FRewind_
Module: D:\WATCOM/lib386/nt\flib7.lib(posback.c)
004072a0       FBackspace_
Module: D:\WATCOM/lib386/nt\flib7.lib(postrunc.c)
00407380       FTruncate_
Module: D:\WATCOM/lib386/nt\clib3r.lib(errno.c)
004073a0       __get_errno_ptr_
004073b0*      __get_doserrno_ptr_
Module: D:\WATCOM/lib386/nt\flib7.lib(sdfile.c)
00417a5c*      _FFCtrlSeq
00417a5e*      _SkipCtrlSeq
00417a60       _NormalCtrlSeq
00417a62       _SDTermIn
00417a66       _SDTermOut
00417a6a*      _SDPrtName
Module: D:\WATCOM/lib386/nt\flib7.lib(wrutils.c)
004073c0       F_SendData_
00407420*      SendLine_
00407430       SendEOR_
004074c0*      SendInt_
004074f0       SendStr_
00407510+      SendWSLStr_
00407530       SendChar_
00407550       Drop_
00407710       IOItemResult_
Module: D:\WATCOM/lib386/nt\flib7.lib(rfmtutil.c)
004077c0       R_ChkType_
004077f0       R_NewRec_
00407830       R_ChkIType_
00407860       R_ChkFType_
00407890       R_ChkRecLen_
004078b0+      GetLen_
004078f0       R_FOStr_
00407900*      FOString_
00407970       R_FIStr_
00407a30       R_FOLog_
00407a80       R_FILog_
00407b60       R_FIFloat_
00407d50       GetReal_
00407e60       R_FOF_
00407ee0       R_FOE_
00408020+      FmtH2B_
00408110       R_FIHex_
00408290       R_FOHex_
004082a0*      FOHex_
004083a0       R_FIInt_
004084b0       R_FOInt_
00408710       R_FOG_
00408990+      ChkBuffLen_
Module: D:\WATCOM/lib386/nt\flib7.lib(arrayio.c)
00408a50       ArrayIOType_
Module: D:\WATCOM/lib386/nt\flib7.lib(unfmtout.c)
00408bb0       UnFmtOut_
Module: D:\WATCOM/lib386/nt\flib7.lib(freeout.c)
00409000       FreeOut_
00417a70+      _OutRtn
Module: D:\WATCOM/lib386/nt\flib7.lib(unfmtin.c)
004090e0       UnFmtIn_
00409180+      NextUnFmtRec_
Module: D:\WATCOM/lib386/nt\flib7.lib(freein.c)
00409560+      GetNum_
00409760       FreeIn_
00409770*      DoFreeIn_
004097a0+      BumpComma_
004097d0+      Blanks_
004097f0+      CheckEor_
Module: D:\WATCOM/lib386/nt\flib7.lib(rttraps.c)
00409ef0       __EnableF77RTExceptionHandling_
00409f00       R_TrapInit_
00409f90       R_TrapFini_
00409fa0*      __InitExceptionVectors_
Module: D:\WATCOM/lib386/nt\flib7.lib(errrtns.c)
00419698       ___ErrorFini
0041969c       ___ErrorInit
004196a0       ___BldErrMsg
Module: D:\WATCOM/lib386/nt\clib3r.lib(atexit.c)
00409fc0       atexit_
Module: D:\WATCOM/lib386/nt\clib3r.lib(regdata.c)
0040a020       __RegisterThreadDataSize_
Module: D:\WATCOM/lib386/nt\flib7.lib(errutil.c)
0040a050       BldErrCode_
0040a0b0*      MsgFormat_
0040a0e0*      MsgBuffer_
00417aa4+      _PGrpCodes
Module: D:\WATCOM/lib386/nt\clib3r.lib(enterdb.c)
0040a110       __EnterWVIDEO_
00417aa8       ___WD_Present
Module: D:\WATCOM/lib386/nt\clib3r.lib(iob.c)
00417aac       ___iob
00417cb4       __fmode
00419728       ___OpenStreams
0041972c       ___ClosedStreams
Module: D:\WATCOM/lib386/nt\clib3r.lib(setmd.c)
0040a140       setmode_
Module: D:\WATCOM/lib386/nt\clib3r.lib(write.c)
0040a480       write_
Module: D:\WATCOM/lib386/nt\clib3r.lib(initrtns.c)
0040a6f0       __InitRtns
0040a740       __FiniRtns
Module: D:\WATCOM/lib386/nt\clib3r.lib(mthrdini.c)
0040a7a0       __InitThreadData_
00417cb8       ___ThreadDataSize
Module: D:\WATCOM/lib386/nt\clib3r.lib(cmain386.c)
0040a7d0       __CMain
Module: D:\WATCOM/lib386/nt\clib3r.lib(dosseg)
00001234       __DOSseg__
Module: D:\WATCOM/lib386/nt\clib3r.lib(8087cw.c)
00417cbc       __8087cw
Module: D:\WATCOM/lib386/nt\clib3r.lib(save8087.c)
00417cc0       ___Save8087
00417cc4       ___Rest8087
Module: D:\WATCOM/lib386/nt\clib3r.lib(init8087)
0040a814       __x87id
Module: D:\WATCOM/lib386/nt\flib7.lib(csetinfo.c)
00419730       _CharSetInfo
Module: D:\WATCOM/lib386/nt\flib7.lib(errmsg.c)
0040ab80       _GroupTable
0040ac30       _ErrWord
Module: D:\WATCOM/lib386/nt\clib3r.lib(hdlman.c)
00417cc8+      ___NHandles
00417ccc+      ___OSHandles
00417cd0+      ___FakeHandles
0040b260+      __growPOSIXHandles_
0040b300       __allocPOSIXHandle_
0040b3c0       __freePOSIXHandle_
0040b3e0       __getOSHandle_
0040b3f0       __setOSHandle_
0040b440+      __NTGetFakeHandle_
0040b4b0       __initPOSIXHandles_
0040b590*      __set_handles_
0040b5a0*      _grow_handles_
Module: D:\WATCOM/lib386/nt\clib3r.lib(environ.c)
00419744       ___env_mask
00419748       _environ
0041974c       __wenviron
Module: D:\WATCOM/lib386/nt\clib3r.lib(getmodfn.c)
0040b5e0       __lib_GetModuleFileNameW_
Module: D:\WATCOM/lib386/nt\clib3r.lib(strdup.c)
0040b680       __clib_strdup_
Module: D:\WATCOM/lib386/nt\clib3r.lib(istable.c)
0040b6c0       __IsTable
Module: D:\WATCOM/lib386/nt\clib3r.lib(ustrdup.c)
0040b7c1       __clib_wcsdup_
Module: D:\WATCOM/lib386/nt\clib3r.lib(nfree.c)
0040b7f0       _nfree_
0040b7f0       free_
00419750       ___MiniHeapFreeRover
Module: D:\WATCOM/lib386/nt\clib3r.lib(excptwnt.c)
0040bf60+      ___ReportException@4
0040c3b0       __DefaultExceptionHandler_
0040c3f0+      ___ExceptionFilter
0040c600       __NewExceptionFilter_
0040c630       __DoneExceptionFilter_
00417cdc       ___oscode_check_func
00417ce0       ___raise_func
00419754*      _sw
00419758       ___ExceptionHandled
00419759+      ___ReportInvoked
Module: D:\WATCOM/lib386/nt\clib3r.lib(stklmwnt.c)
0040c670       __init_stack_limits_
Module: D:\WATCOM/lib386/nt\clib3r.lib(getenv.c)
0040c6e0       getenv_
Module: D:\WATCOM/lib386/nt\clib3r.lib(ltoa.c)
0040c770       ultoa_
0040c7c0       ltoa_
Module: D:\WATCOM/lib386/nt\clib3r.lib(nmalloc.c)
0040c7f0       _nmalloc_
0040c7f0       malloc_
00417cf8       ___nheapbeg
00417cfc       ___MiniHeapRover
00417d00       ___LargestSizeB4MiniHeapRover
Module: D:\WATCOM/lib386/nt\clib3r.lib(__stos)
0040c8f0       __STOSB
0040c927*      __STOSD
Module: D:\WATCOM/lib386/nt\clib3r.lib(setjmp)
0040c994       _setjmp_
0040c9cd       longjmp_
Module: D:\WATCOM/lib386/nt\clib3r.lib(exit.c)
0040ca55+      __null_int23_exit_
0040ca56       exit_
0040caa6*      _exit_
00417d04+      ___int23_exit
00417d08+      ___FPE_handler_exit
Module: D:\WATCOM/lib386/nt\clib3r.lib(memmove.c)
0040cac0       memmove_
Module: D:\WATCOM/lib386/nt\clib3r.lib(itoa.c)
0040cb20       utoa_
0040cb70       itoa_
Module: D:\WATCOM/lib386/nt\clib3r.lib(fgtattr.c)
0040cba0       __fixed_GetFileAttributesA_
Module: D:\WATCOM/lib386/nt\clib3r.lib(dosret.c)
0040cc40*      _dosretax_
0040cc50*      _dosret0_
0040cc60       __set_errno_dos_
0040cc90*      __set_errno_dos_reterr_
0040cca0       __set_errno_nt_
0040ccb0*      __set_errno_nt_reterr_
Module: D:\WATCOM/lib386/nt\clib3r.lib(seterrno.c)
0040ccc4       __set_errno_
0040ccd2*      __set_EDOM_
0040cce0       __set_ERANGE_
0040ccee*      __set_EINVAL_
0040cd01       __set_doserrno_
Module: D:\WATCOM/lib386/nt\clib3r.lib(gtcwdwnt.c)
0040cd10       getcwd_
Module: D:\WATCOM/lib386/nt\clib3r.lib(iomode.c)
0040cda0       __GetIOMode_
0040cdc0       __SetIOMode_nogrow_
00417e10       ___NFiles
00417e14       ___init_mode
00417e64       ___io_mode
Module: D:\WATCOM/lib386/nt\clib3r.lib(iomodtty.c)
0040cde0       __ChkTTYIOMode_
0040ce20       __IOMode_
Module: D:\WATCOM/lib386/nt\clib3r.lib(ntdirinf.c)
0040ce40       __MakeDOSDT_
0040ce70*      __FromDOSDT_
0040cea0*      __GetNTDirInfo_
0040cee0*      __NTFindNextFileWithAttr_
Module: D:\WATCOM/lib386/nt\clib3r.lib(d2ttime.c)
0040cf40       _d2ttime_
Module: D:\WATCOM/lib386/nt\clib3r.lib(strerror.c)
0040d2e0       strerror_
0040d300*      _strerror_
0040d3d0*      _doserror_
00417e68+      __sys_errlist
00417f0c+      __sys_nerr
Module: D:\WATCOM/lib386/nt\clib3r.lib(_strcmp)
0040d400       strcmp_
Module: D:\WATCOM/lib386/nt\clib3r.lib(mbspbrk.c)
0040d540       _mbspbrk_
Module: D:\WATCOM/lib386/nt\clib3r.lib(mbsinc.c)
0040d590       _mbsinc_
Module: D:\WATCOM/lib386/nt\clib3r.lib(tolower.c)
0040d5c0       tolower_
Module: D:\WATCOM/lib386/nt\clib3r.lib(stiomode.c)
0040d5d0       __grow_iomode_
0040d6a0+      __shrink_iomode_
0040d6e0       __SetIOMode_
Module: D:\WATCOM/lib386/nt\clib3r.lib(close.c)
0040d750       close_
Module: D:\WATCOM/lib386/nt\clib3r.lib(openwnt.c)
0040d970*      open_
0040d990       sopen_
Module: D:\WATCOM/lib386/nt\clib3r.lib(lseek.c)
0040d9c0       lseek_
Module: D:\WATCOM/lib386/nt\flib7.lib(poscc.c)
0040da10*      __LineFeedWithFormFeed_
0040da20       FSetCC_
Module: D:\WATCOM/lib386/nt\clib3r.lib(unlnkwnt.c)
0040da80       unlink_
Module: D:\WATCOM/lib386/nt\clib3r.lib(chsizwnt.c)
0040db00       chsize_
Module: D:\WATCOM/lib386/nt\clib3r.lib(read.c)
0040dbf0       read_
Module: D:\WATCOM/lib386/nt\flib7.lib(ifile.c)
0040dd80       SendIFBuff_
0040ddb0       NextIFBuff_
Module: D:\WATCOM/lib386/nt\flib7.lib(cctrl.c)
0040dde0       CheckCCtrl_
Module: D:\WATCOM/lib386/nt\flib7.lib(rdutils.c)
0040de50       NextRec_
Module: D:\WATCOM/lib386/nt\flib7.lib(undefcg.c)
0040dff0       OutLogCG_
0040e000       OutIntCG_
0040e040+      FmtRealCG_
0040e070+      FmtDoubleCG_
0040e0a0+      FmtExtendedCG_
0040e0d0+      UndefIntCG_
0040e0d0+      UndefLogCG_
0040e0d0+      UndefExtendedCG_
0040e0d0+      UndefDoubleCG_
0040e0d0+      UndefRealCG_
0040e0e0+      GetRealCG_
00417f18       _FmtRealRtn
00417f1c       _FmtDoubleRtn
00417f20       _FmtExtendedRtn
00417f24       _SendStrRtn
00417f28       _UndefRealRtn
00417f2c       _UndefDoubleRtn
00417f30       _UndefExtendedRtn
00417f34       _UndefLogRtn
00417f38       _UndefIntRtn
00417f3c       _GetRealRtn
Module: D:\WATCOM/lib386/nt\flib7.lib(rfmtlog.c)
0040e100       R_FmtLog_
Module: D:\WATCOM/lib386/nt\clib3r.lib(toupper.c)
0040e130       toupper_
Module: D:\WATCOM/lib386/nt\flib7.lib(fmtcnvt.c)
0040e140       FmtS2I_
0040e270       FmtS2F_
Module: D:\WATCOM/lib386/nt\flib7.lib(fmtrtns.c)
0040e640       R_F2E_
0040e7b0       R_F2F_
0040e940       SetMaxPrec_
Module: D:\WATCOM/lib386/nt\flib7.lib(flt86.c)
0040e950       _P1d100
0040e958       _P1d_99
Module: D:\WATCOM/lib386\math387r.lib(pow87)
0040eab9*      pow_
0040e960       IF@DPOW
0040e960*      IF@POW
Module: D:\WATCOM/lib386/nt\flib7.lib(hexcnv.c)
0040eae0       Hex_
0040eb00*      HSToB_
0040eb70       BToHS_
Module: D:\WATCOM/lib386/nt\clib3r.lib(strupr.c)
0040ebc0       strupr_
Module: D:\WATCOM/lib386/nt\flib7.lib(unfmtutl.c)
0040ebe0       _SizeVars
Module: D:\WATCOM/lib386/nt\flib7.lib(chrutils.c)
0040ebf0       JmpBlanks_
Module: D:\WATCOM/lib386/nt\clib3r.lib(signlwnt.c)
00417f40+      __SignalTable
0040ec10+      __SetSignalFunc_
0040ec60+      __GetSignalFunc_
0040ec90+      __GetSignalOSCode_
0040ecc0+      __CheckSignalExCode_
0040ee00+      __sigabort_
0040ee10       __sigfpe_handler_
0040ee60       signal_
0040eef0+      raise_
0040ef60+      __SigInit_
0040efb0+      __SigFini_
0040eff0+      __sig_init_
Module: D:\WATCOM/lib386/nt\flib7.lib(fptraps.c)
0040f0d0*      __MaskDefaultFPE_
0040f0f0       FPTrapInit_
0040f120       FPTrapFini_
Module: D:\WATCOM/lib386/nt\clib3r.lib(trdlist.c)
0040f190       __GetThreadData_
0040f1e0       __ReallocThreadData_
0040f2d0       __AddThreadData_
0040f350       __RemoveThreadData_
0040f3b0       __ResizeThreadDataList_
0040f3e0       __FreeThreadDataList_
0040f410*      __ActiveThreads_
Module: D:\WATCOM/lib386/nt\flib7.lib(errgrp.c)
0040f430       _GrpCodes
Module: D:\WATCOM/lib386/nt\clib3r.lib(initfile.c)
0040f4f0       __InitFiles_
Module: D:\WATCOM/lib386/nt\clib3r.lib(ioexit.c)
0040f5f0*      fcloseall_
0040f600       __full_io_exit_
Module: D:\WATCOM/lib386/nt\clib3r.lib(stackwnt.c)
0040f610       stackavail_
Module: D:\WATCOM/lib386/nt\clib3r.lib(stk)
0040f621*      __CHK
0040f631*      __STK
0040f650       __STKOVERFLOW_
0040f660*      __GRO
0040f680*      __alloca_probe
Module: D:\WATCOM/lib386/nt\clib3r.lib(cinit.c)
0040f6a0       __CommonInit_
Module: D:\WATCOM/lib386/nt\clib3r.lib(___argc.c)
00419864       ____Argc
00419868       ____Argv
Module: D:\WATCOM/lib386/nt\flib7.lib(rtmain.c)
0040f6b0       main_
Module: D:\WATCOM/lib386/nt\clib3r.lib(nrealloc.c)
0040f6d0*      _nrealloc_
0040f6d0       realloc_
Module: D:\WATCOM/lib386/nt\clib3r.lib(setenvp.c)
0040f750       __setenvp_
0040f810       __freeenvp_
Module: D:\WATCOM/lib386/nt\clib3r.lib(ustrlen.c)
0040f85d       wcslen_
Module: D:\WATCOM/lib386/nt\clib3r.lib(memcpy.c)
0040f870       memcpy_
Module: D:\WATCOM/lib386/nt\clib3r.lib(mem.c)
0040f890       __MemAllocator
0040f940       __MemFree
Module: D:\WATCOM/lib386/nt\clib3r.lib(conutwnt.c)
0040fa90*      __NTRealKey_
0040fb40*      __NTConsoleInput_
0040fb50       __NTConsoleOutput_
Module: D:\WATCOM/lib386/nt\clib3r.lib(fclex387.c)
0040fb60       _ClearFPE_
Module: D:\WATCOM/lib386/nt\clib3r.lib(mbterm.c)
0040fb70       _mbterm_
Module: D:\WATCOM/lib386/nt\clib3r.lib(mbsnextc.c)
0040fbb0       _mbsnextc_
Module: D:\WATCOM/lib386/nt\clib3r.lib(mbcupper.c)
0040fbf0       _mbctoupper_
Module: D:\WATCOM/lib386/nt\clib3r.lib(alphabet.c)
0041718c       ___Alphabet
Module: D:\WATCOM/lib386/nt\clib3r.lib(nmemneed.c)
0040fc20       __nmemneed_
Module: D:\WATCOM/lib386/nt\clib3r.lib(grownear.c)
0040fd90       __ExpandDGROUP_
Module: D:\WATCOM/lib386/nt\clib3r.lib(ljmphdl.c)
00417fc4       ___longjmp_handler
Module: D:\WATCOM/lib386/nt\clib3r.lib(isattwnt.c)
0040fdc0       isatty_
Module: D:\WATCOM/lib386/nt\clib3r.lib(strncpy.c)
0040fde0       strncpy_
Module: D:\WATCOM/lib386/nt\clib3r.lib(mktime.c)
0040fe20       mktime_
Module: D:\WATCOM/lib386/nt\clib3r.lib(mbschr.c)
0040feb0       _mbschr_
Module: D:\WATCOM/lib386/nt\clib3r.lib(mbisdbcs.c)
00419870       ___IsDBCS
Module: D:\WATCOM/lib386/nt\clib3r.lib(mbislead.c)
0040ff10*      _ismbblead_
00419874       ___MBCSIsTable
Module: D:\WATCOM/lib386/nt\clib3r.lib(_clsewnt.c)
0040ff30       __close_
Module: D:\WATCOM/lib386/nt\clib3r.lib(ntfio.c)
0040ff90*      __GetNTCreateAttr_
0040ffd0       __GetNTAccessAttr_
00410000       __GetNTShareAttr_
Module: D:\WATCOM/lib386/nt\clib3r.lib(umaskval.c)
00417fc8       ___umaskval
Module: D:\WATCOM/lib386/nt\clib3r.lib(__lseek.c)
00410060       __lseek_
Module: D:\WATCOM/lib386/nt\flib7.lib(expchk.c)
004100a0       ToFFormat_
Module: D:\WATCOM/lib386/nt\flib7.lib(intarith.c)
004100f0       AddIOFlo_
00410100*      SubIOFlo_
00410110       MulIOFlo_
Module: D:\WATCOM/lib386\math387r.lib(strtod.c)
00410633+      __Strtold_
0041079a       strtod_
Module: D:\WATCOM/lib386\math387r.lib(ldcvt.c)
004109bd       _LDScale10x_
00410f64       __LDcvt_
Module: D:\WATCOM/lib386/nt\clib3r.lib(chipvar)
00418074       ___chipbug
00418074       __chipbug
Module: D:\WATCOM/lib386\math387r.lib(pow87e.c)
004113b4       __pow87_err_
Module: D:\WATCOM/lib386/nt\clib3r.lib(chipd32.asm)
00411553       __fdiv_fpr
00411a15*      __fdiv_chk
00411a28*      __fdiv_m32
00411a75*      __fdiv_m64
00411ac2*      __fdiv_m32r
00411b0f*      __fdiv_m64r
Module: D:\WATCOM/lib386/nt\clib3r.lib(abort.c)
00411b71*      abort_
00411b83       __terminate_
00418078       ___abort
Module: D:\WATCOM/lib386/nt\clib3r.lib(cntrl87.c)
00411ba0       _control87_
Module: D:\WATCOM/lib386/nt\clib3r.lib(mthread.c)
00411d80+      __CloseSemaphore_
00411dc0+      __AccessIOB_
00411dd0+      __ReleaseIOB_
00411de0+      __AccessFileH_
00411df0+      __ReleaseFileH_
00411e00+      __AccessNHeap_
00411e10+      __ReleaseNHeap_
00411e20+      __AccessFHeap_
00411e30+      __ReleaseFHeap_
00411e40+      __AccessTDList_
00411e50+      __ReleaseTDList_
00411e60+      __AccessFList_
00411e70+      __AccessSemaphore_
00411ed0+      __ReleaseFList_
00411ee0+      __ReleaseSemaphore_
00411f10+      __MultipleThread_
00411f60+      __AllocInitThreadData_
00411fb0*      __FreeInitThreadData_
00411fc0       __NTThreadInit_
00412030       __NTAddThread_
00412080       __NTRemoveThread_
00412110       __InitMultipleThread_
0041807c+      ___AccessSema4
00418080+      ___ReleaseSema4
00418084+      ___CloseSema4
Module: D:\WATCOM/lib386/nt\clib3r.lib(xmsgwnt.c)
004122d0+      __exit_with_msg_
00412330       __fatal_runtime_error_
Module: D:\WATCOM/lib386/nt\clib3r.lib(calloc.c)
00412350       calloc_
Module: D:\WATCOM/lib386/nt\clib3r.lib(register.c)
00412380       __initthread_
00412390*      _beginthread_
004123a0       _endthread_
004123b0*      __RegisterThreadData_
Module: D:\WATCOM/lib386/nt\clib3r.lib(fclose.c)
00412400+      __doclose_
004124a0       __shutdown_stream_
004124c0*      fclose_
0041a0e4+      ___RmTmpFileFn
Module: D:\WATCOM/lib386/nt\clib3r.lib(freefp.c)
00412510       __freefp_
00412560       __purgefp_
Module: D:\WATCOM/lib386/nt\clib3r.lib(argcv.c)
0041a0e8       __argc
0041a0ec       __argv
0041a0f0       ___argv
0041a0f4       ___argc
Module: D:\WATCOM/lib386/nt\clib3r.lib(nmsize.c)
00412590       _nmsize_
00412590*      _msize_
Module: D:\WATCOM/lib386/nt\clib3r.lib(nexpand.c)
004125a0       _nexpand_
004125a0*      _expand_
004125e0+      __HeapManager_expand_
Module: D:\WATCOM/lib386/nt\clib3r.lib(dofilstr.c)
004127c0       __ParsePosixHandleStr_
Module: D:\WATCOM/lib386/nt\clib3r.lib(clearenv.c)
004128e0       clearenv_
Module: D:\WATCOM/lib386/nt\clib3r.lib(mbconv.c)
00412970       _mbvtop_
Module: D:\WATCOM/lib386/nt\clib3r.lib(amblksiz.c)
00418094       __amblksiz
Module: D:\WATCOM/lib386/nt\clib3r.lib(heapen.c)
00412990*      _heapenable_
00418098       ___heap_enabled
Module: D:\WATCOM/lib386/nt\clib3r.lib(nheapmin.c)
004129c0       _nheapshrink_
004129c0*      _nheapmin_
004129c0*      _heapmin_
004129c0       _heapshrink_
Module: D:\WATCOM/lib386/nt\clib3r.lib(locmktim.c)
00412ab0       __local_mktime_
Module: D:\WATCOM/lib386/nt\clib3r.lib(gmtime.c)
00412c30       __brktime_
00412d30+      _gmtime_
00412d50*      gmtime_
Module: D:\WATCOM/lib386/nt\clib3r.lib(tzset.c)
0041809c       ___start_dst
004180c0       ___end_dst
004181e8*      _tzname
004181f0       _timezone
004181f4       _daylight
004181f8       ___dst_adjust
00412dc0*      __DontCacheOSTZ_
00412dd0*      __CacheOSTZ_
004132b0+      __parse_tz_
004136a0       tzset_
Module: D:\WATCOM/lib386/nt\clib3r.lib(timeutil.c)
00413810       __isindst_
Module: D:\WATCOM/lib386/nt\clib3r.lib(mbclen.c)
00413b40       _mbclen_
Module: D:\WATCOM/lib386/nt\clib3r.lib(mbccmp.c)
00413b70       _mbccmp_
Module: D:\WATCOM/lib386/nt\clib3r.lib(mbinit.c)
00413be5       __mbinit_
00418200       ___MBCodePage
Module: D:\WATCOM/lib386\math387r.lib(bufld386)
00413cd4       __ZBuf2LD
Module: D:\WATCOM/lib386\math387r.lib(inf_nan.c)
00413d77*      ___f_infinity
00413d7b*      ___f_posqnan
00413d7f       ___d_infinity
00413d87       ___d_posqnan
00413d8f*      ___ld_infinity
00413d97*      ___ld_posqnan
Module: D:\WATCOM/lib386/nt\clib3r.lib(hugeval.c)
00413da0       __HugeValue
Module: D:\WATCOM/lib386\math387r.lib(ldclass.c)
00413da8       __LDClass_
00413df8*      _FLClass_
Module: D:\WATCOM/lib386/nt\clib3r.lib(chipbug.c)
00413e10       __verify_pentium_fdiv_bug_
Module: D:\WATCOM/lib386/nt\clib3r.lib(trdalloc.c)
00413e70       __FiniThreadProcessing_
Module: D:\WATCOM/lib386/nt\clib3r.lib(thredwnt.c)
00413f30       __CBeginThread_
00413fd0       __CEndThread_
Module: D:\WATCOM/lib386/nt\clib3r.lib(flush.c)
00414010       __flush_
Module: D:\WATCOM/lib386/nt\clib3r.lib(initargv.c)
00414110       __Init_Argv_
00414160+      _getargv_
00414300       __Fini_Argv_
Module: D:\WATCOM/lib386/nt\clib3r.lib(strtol.c)
00414530*      strtoul_
00414540       strtol_
Module: D:\WATCOM/lib386/nt\clib3r.lib(putenv.c)
00414550       putenv_
004147e0       __putenv_
Module: D:\WATCOM/lib386/nt\clib3r.lib(leapyear.c)
00414950       __leapyear_
004171bc       ___diyr
004171d6       ___dilyr
Module: D:\WATCOM/lib386/nt\clib3r.lib(wcstombs.c)
00414990       wcstombs_
Module: D:\WATCOM/lib386/nt\clib3r.lib(fsync.c)
00414a30       fsync_
Module: D:\WATCOM/lib386/nt\clib3r.lib(qwrit.c)
00414a80       __qwrite_
Module: D:\WATCOM/lib386/nt\clib3r.lib(histsplt.c)
0041a0fc       ___historical_splitparms
Module: D:\WATCOM/lib386/nt\clib3r.lib(mbslen.c)
00414b60       _mbslen_
Module: D:\WATCOM/lib386/nt\clib3r.lib(mbstowcs.c)
00414b90       mbstowcs_
Module: D:\WATCOM/lib386/nt\clib3r.lib(uputenv.c)
00414c10*      _wputenv_
00414e30       __wputenv_
Module: D:\WATCOM/lib386/nt\clib3r.lib(wctomb.c)
00414f30       wctomb_
Module: D:\WATCOM/lib386/nt\clib3r.lib(mbtowc.c)
00414f70       mbtowc_
Module: D:\WATCOM/lib386/nt\clib3r.lib(ustrchr.c)
00415000       wcschr_
Module: D:\WATCOM/lib386/nt\clib3r.lib(setenvar.c)
00415020       __lib_SetEnvironmentVariableW_
Module: D:\WATCOM/lib386/nt\clib3r.lib(crtwenv.c)
00415110       __create_wide_environment_
Module: D:\WATCOM/lib386/nt\clib3r.lib(utoupper.c)
00415178       towupper_


                        +----------------------+
                        |   Imported Symbols   |
                        +----------------------+

Symbol                              Module
======                              ======

_MessageBoxA@16                     USER32.DLL
_GetEnvironmentStringsA@0           KERNEL32.DLL
_GetVersion@0                       KERNEL32.DLL
_GetModuleFileNameA@12              KERNEL32.DLL
_GetCommandLineA@0                  KERNEL32.DLL
_GetCommandLineW@0                  KERNEL32.DLL
_FreeEnvironmentStringsA@4          KERNEL32.DLL
_GetModuleHandleA@4                 KERNEL32.DLL
_ExitProcess@4                      KERNEL32.DLL
_RtlUnwind@16                       KERNEL32.DLL
_GetFullPathNameA@16                KERNEL32.DLL
_GetFileType@4                      KERNEL32.DLL
_GetFileInformationByHandle@8       KERNEL32.DLL
_GetFileTime@16                     KERNEL32.DLL
_GetFileSize@8                      KERNEL32.DLL
_CreateFileA@28                     KERNEL32.DLL
_CloseHandle@4                      KERNEL32.DLL
_GetLastError@0                     KERNEL32.DLL
_GetDriveTypeA@4                    KERNEL32.DLL
_FindFirstFileA@8                   KERNEL32.DLL
_FindClose@4                        KERNEL32.DLL
_SetFilePointer@16                  KERNEL32.DLL
_WriteFile@20                       KERNEL32.DLL
_GetCurrentThreadId@0               KERNEL32.DLL
_SetStdHandle@8                     KERNEL32.DLL
_CreateEventA@16                    KERNEL32.DLL
_GetStdHandle@4                     KERNEL32.DLL
_GetModuleFileNameW@12              KERNEL32.DLL
_MultiByteToWideChar@24             KERNEL32.DLL
_LoadLibraryA@4                     KERNEL32.DLL
_GetProcAddress@8                   KERNEL32.DLL
_SetUnhandledExceptionFilter@4      KERNEL32.DLL
_UnhandledExceptionFilter@4         KERNEL32.DLL
_VirtualQuery@12                    KERNEL32.DLL
_GetFileAttributesA@4               KERNEL32.DLL
_GetCurrentDirectoryA@8             KERNEL32.DLL
_FileTimeToLocalFileTime@8          KERNEL32.DLL
_FileTimeToDosDateTime@12           KERNEL32.DLL
_DosDateTimeToFileTime@12           KERNEL32.DLL
_LocalFileTimeToFileTime@8          KERNEL32.DLL
_FindNextFileA@8                    KERNEL32.DLL
_FormatMessageA@28                  KERNEL32.DLL
_DeleteFileA@4                      KERNEL32.DLL
_SetEndOfFile@4                     KERNEL32.DLL
_ReadFile@20                        KERNEL32.DLL
_SetConsoleCtrlHandler@8            KERNEL32.DLL
_TlsGetValue@4                      KERNEL32.DLL
_TlsSetValue@8                      KERNEL32.DLL
_CharUpperA@4                       USER32.DLL
_VirtualAlloc@16                    KERNEL32.DLL
_InitializeCriticalSection@4        KERNEL32.DLL
_DeleteCriticalSection@4            KERNEL32.DLL
_LeaveCriticalSection@4             KERNEL32.DLL
_EnterCriticalSection@4             KERNEL32.DLL
_SetLastError@4                     KERNEL32.DLL
_TlsAlloc@0                         KERNEL32.DLL
_TlsFree@4                          KERNEL32.DLL
_VirtualFree@12                     KERNEL32.DLL
_GetTimeZoneInformation@4           KERNEL32.DLL
_GetACP@0                           KERNEL32.DLL
_GetOEMCP@0                         KERNEL32.DLL
_GetCPInfo@8                        KERNEL32.DLL
_CreateThread@24                    KERNEL32.DLL
_ResumeThread@4                     KERNEL32.DLL
_ExitThread@4                       KERNEL32.DLL
_SetEnvironmentVariableA@8          KERNEL32.DLL
_FlushFileBuffers@4                 KERNEL32.DLL
_WideCharToMultiByte@32             KERNEL32.DLL
_SetEnvironmentVariableW@8          KERNEL32.DLL


                        +--------------------+
                        |   Libraries Used   |
                        +--------------------+

D:\WATCOM/lib386/nt\kernel32.lib
D:\WATCOM/lib386/nt\user32.lib
D:\WATCOM/lib386/nt\flib7.lib
D:\WATCOM/lib386\math387r.lib
D:\WATCOM/lib386/nt\clib3r.lib
D:\WATCOM/lib386/nt\emu387.lib


                        +-----------------------+
                        |   Linker Statistics   |
                        +-----------------------+

Stack size:  00010000 (65536.)
Memory size:  00027bac (162732.)
Entry point address: 004023f4
Link time: 00:00.72
