Open Watcom Linker Version 1.9
Portions Copyright (c) 1985-2002 Sybase, Inc. All Rights Reserved.
Created on:       20/12/07 18:57:58
Executable Image: 2.exe
creating a Windows NT character-mode executable


                        +------------+
                        |   Groups   |
                        +------------+

Group                           Address              Size
=====                           =======              ====

.idata                          00416000             00000786
DGROUP                          00417000             00013110



                        +--------------+
                        |   Segments   |
                        +--------------+

Segment                Class          Group          Address         Size
=======                =====          =====          =======         ====

BEGTEXT                CODE           AUTO           00401000        00000007
_TEXT                  CODE           AUTO           00401010        00014cd8
TRANSFER CODE          CODE           AUTO           00415ce8        0000019e
.idata                 .idata         .idata         00416000        00000786
_NULL                  BEGDATA        DGROUP         00417000        00000004
_AFTERNULL             BEGDATA        DGROUP         00417004        00000000
CONST                  DATA           DGROUP         00417010        00000324
_DATA                  DATA           DGROUP         00417340        000010b0
CONST2                 DATA           DGROUP         004183f0        00000000
XIB                    DATA           DGROUP         004183f0        00000000
XI                     DATA           DGROUP         004183f0        0000004e
XIE                    DATA           DGROUP         0041843e        00000000
YIB                    DATA           DGROUP         0041843e        00000000
YI                     DATA           DGROUP         0041843e        00000030
YIE                    DATA           DGROUP         0041846e        00000000
TIB                    DATA           DGROUP         0041846e        00000000
TI                     DATA           DGROUP         0041846e        00000000
TIE                    DATA           DGROUP         0041846e        00000000
DATA                   DATA           DGROUP         0041846e        00000000
DATA32                 DATA           DGROUP         00418470        0000011c
VAR                    VAR            DGROUP         00419000        00000020
CONST32                CONST          DGROUP         00419020        00000000
_BSS                   BSS            DGROUP         00419020        000010f0
BSS32                  BSS            DGROUP         0041a110        00000000
STACK                  STACK          DGROUP         0041a110        00010000


                        +----------------+
                        |   Memory Map   |
                        +----------------+

* = unreferenced symbol
+ = symbol only referenced locally

Address        Symbol
=======        ======

Module: 2.obj(D:\WATCOM\2\2.for)
00401010+      F
00401041+      G
0040106d+      FX
0040110c+      GX
00401147+      FXX
00401212+      GXX
0040124d+      NEWTON
00401327+      RUNGEKUTTA
0040141f+      AD3
004014b8+      AD4
0040157d+      ADU3
00401614+      ADU4
004016d7       FMAIN
00419000+      VAR
Module: D:\WATCOM/lib386\math387r.lib(exp87)
004022bf*      exp_
00402258*      __@DEXP1
00402260*      IF@EXP
00402260       IF@DEXP
00402262       __@DEXP
Module: D:\WATCOM/lib386/nt\flib7.lib(setunit.c)
004022d0       RT@SetUnit
Module: D:\WATCOM/lib386/nt\flib7.lib(setfile.c)
00402310       RT@SetFile
Module: D:\WATCOM/lib386/nt\flib7.lib(exopen.c)
00402a60       RT@IOOpen
004173a8+      _AccModTab
004173b8+      _FormTab
004173c4+      _OpStatTab
004173d8+      _BlnkTab
004173e4+      _RecFmTab
004173f4+      _CCtrlTab
00417400+      _ActionTab
00417410+      _ShareTab
Module: D:\WATCOM/lib386/nt\flib7.lib(setfmt.c)
00402a80       RT@SetFmt
Module: D:\WATCOM/lib386/nt\flib7.lib(cowrite)
00402aa0       RT@IOWrite
00402aaf*      RT@OutLOG1
00402ac1*      RT@OutLOG4
00402acf*      RT@OutINT1
00402ae1*      RT@OutINT2
00402af1*      RT@OutINT4
00402b00*      RT@OutREAL
00402b10       RT@OutDBLE
00402b20*      RT@OutXTND
00402b30*      RT@OutCPLX
00402b46*      RT@OutDBCX
00402b5c*      RT@OutXTCX
00402b72       RT@OutCHAR
00402b77*      RT@OutSTR
00402b7c*      RT@PrtArr
00402b81*      RT@PrtChArr
Module: D:\WATCOM/lib386/nt\flib7.lib(cortns)
00417428*      _FRT_SaveESP
00402b91*      SwitchToGen
00402baf       SwitchToRT
00402bcd       RdWrCommon
00402c71       IOType_
00402c8f       IOChar
00402caa       IOStr
00402cbf       IOArr
00402cda       IOChArr
00402cfc       RT@EndIO
Module: D:\WATCOM/lib386/nt\flib7.lib(coread)
00402d06       RT@IORead
00402d15*      RT@InpLOG1
00402d24*      RT@InpLOG4
00402d33*      RT@InpINT1
00402d42*      RT@InpINT2
00402d51       RT@InpINT4
00402d60*      RT@InpREAL
00402d6f*      RT@InpDBLE
00402d7e*      RT@InpXTND
00402d8d*      RT@InpCPLX
00402d9c*      RT@InpDBCX
00402dab*      RT@InpXTCX
00402dba*      RT@InpCHAR
00402dbf*      RT@InpSTR
00402dc4*      RT@InpArr
00402dc9*      RT@InpChArr
Module: D:\WATCOM/lib386\math387r.lib(fchop87)
00402dd0       __CHP
Module: D:\WATCOM/lib386/nt\flib7.lib(exclose.c)
00402ee0       RT@IOClose
Module: D:\WATCOM/lib386/nt\flib7.lib(pause.c)
00402f10       RT@Pause
00417458*      LG@PAUSE_HOOK
Module: D:\WATCOM/lib386/nt\clib3r.lib(cstrtwnt)
00402f54       _cstart_
00402f54*      mainCRTStartup
Module: D:\WATCOM/lib386/nt\clib3r.lib(_8087)
0041745c       __8087
0041745d       __real87
Module: D:\WATCOM/lib386/nt\emu387.lib(386)
00402fb0       __init_387_emulator
00402fb1*      __fini_387_emulator
Module: D:\WATCOM/lib386/nt\flib7.lib(initeng.c)
00419020       __init_english
Module: D:\WATCOM/lib386/nt\flib7.lib(initerr.c)
00419024       __init_error
Module: D:\WATCOM/lib386\math387r.lib(math87e.c)
00402fc0       __math87_err_
Module: D:\WATCOM/lib386/nt\flib7.lib(setiocb.c)
00403030       RT@SetIOCB
Module: D:\WATCOM/lib386/nt\flib7.lib(rdata.c)
00419030       _IORslt
00419040       _FmtBuff
00419044*      _Fmt_revert
00419048*      _Fmt_start
0041904c*      _Fmt_paren_level
00419050*      _Fmt_charptr
00419054*      _FmtEmStruct
00419058       _IOTypeRtn
0041905c*      _Fmt_end
00419060*      _Fmt_rep_spec
00419064       _FmtRoutine
00419068       _IOCB
0041906c       _Files
00419070*      _Fmt_delimited
Module: D:\WATCOM/lib386/nt\flib7.lib(rtutls.c)
004030e0       FindFtnFile_
004031d0       RChkAlloc_
00403200       F_Connect_
00403280       ConnectFile_
00403290       GetFileInfo_
00403380       DiscoFile_
004033f0*      ChkFileName_
00403420+      ChkLogFile_
00403460       ChkIOOperation_
004034a0       GetIOErr_
004034b0       ChkIOErr_
004034d0       ChkUnitId_
00403510*      ChkConnected_
00403530       SetEOF_
00403560       ClearEOF_
004035a0       SysEOF_
004035d0       IsFixed_
004035e0       IsCarriage_
004035f0*      ChkRecordStructure_
00403620*      ChkSequential_
00403640*      ChkExist_
00403670       StrItem_
Module: D:\WATCOM/lib386/nt\flib7.lib(exutil.c)
004036f0       FindKWord_
00403780*      ClrBuff_
00417460       _SpecId
Module: D:\WATCOM/lib386/nt\flib7.lib(ioerr.c)
004037d0       IOErr_
Module: D:\WATCOM/lib386/nt\flib7.lib(rtsysutl.c)
00403860       GetSysIOInfo_
00403880       GetSysFileInfo_
004038b0       IsDevice_
00403a80       OpenAction_
00403ac0*      DfltRecType_
00403ae0+      _FileAttrs_
00403ba0       CloseFile_
00403c10       Scrtched_
00403c30       CloseDeleteFile_
00403c80       Errf_
00403ca0       FPutBuff_
00403d10       FGetBuff_
00403d60       SeekFile_
00403d80       NoEOF_
00403d90       SysClearEOF_
00403da0       SameFile_
00403db0*      Rewindf_
00403dd0       SysCreateFile_
00403e10       CheckLogicalRecord_
00403e30       SkipLogicalRecord_
00403e50*      BackSpacef_
00403e80*      EndFilef_
00403ec0       GetIOErrMsg_
00403f00       ReportNExist_
00403f20       ReportEOF_
00403f30       WaitForEnter_
Module: D:\WATCOM/lib386/nt\flib7.lib(runmain.c)
00403f40*      __InitUnit6CC_
00403f50       __DevicesCC_
00403f60*      __InitAllowCommaSeparator_
00403f70       __AllowCommaSep_
00403f80+      _InitIO_
00403ff0+      CloseAllFiles_
00404030*      _FiniEx_
00404030       RunExit_
00404070       RunEntry_
Module: D:\WATCOM/lib386/nt\flib7.lib(rdwr.c)
004040a0       DoOpen_
004040d0+      _AllocBuffer_
00404110       IOPrologue_
00404350       UpdateRecNum_
Module: D:\WATCOM/lib386/nt\flib7.lib(iomain.c)
00404390       __ReleaseIOSys_
004043b0       IOMain_
Module: D:\WATCOM/lib386/nt\flib7.lib(rfmtexec.c)
00404e90       R_FExec_
Module: D:\WATCOM/lib386/nt\flib7.lib(exwrite.c)
00404f30       DoWrite_
Module: D:\WATCOM/lib386/nt\clib3r.lib(crwdata)
004174d0       __osmajor
004174d1       __osminor
004174d2       __osbuild
004174d4       __osver
004174d8       __winmajor
004174dc       __winminor
004174e0       __winver
0041749c       __LpDllName
004174a0       __LpwCmdLine
004174a4       __LpwPgmName
004174a8       __LpwDllName
00417494       __LpCmdLine
00417498       __LpPgmName
0041748c*      __dynend
00417490       __curbrk
004174ac*      __STACKLOW
004174b0       __STACKTOP
004174b4       __ASTACKSIZ
004174b8       __ASTACKPTR
004174bc*      __cbyte
004174c0*      __cbyte2
004174c4*      __child
004174ca       __Envptr
004174ce*      __Envseg
004174c8       __no87
004174e4       ___FPE_handler
Module: D:\WATCOM/lib386/nt\flib7.lib(thrdutil.c)
00404fc0*      __InitMultiThreadIO_
004174ec       ___SwitchStkLow
Module: D:\WATCOM/lib386/nt\flib7.lib(exread.c)
00405050       DoRead_
Module: D:\WATCOM/lib386/nt\flib7.lib(rtinit.c)
004174f0       ___FAppType
004174f4       __ExceptionInit
004174f8       __ExceptionFini
00405090*      __InitFThreadData_
004050d0+      RTSysFini_
004050e0       RTSysInit_
00417500       __AccessFIO
00417504       __ReleaseFIO
00417508       __PartialReleaseFIO
00419078       ___FThreadDataOffset
0041840e*      ___fthread_data_size
Module: D:\WATCOM/lib386/nt\flib7.lib(rterr.c)
0041750c+      _TraceRoutine
00405160       FlushStdUnit_
004051b0+      WriteErr_
00405280       ErrHandler_
004052c0       RTErr_
00417518+      LG@ERR_HOOK
Module: D:\WATCOM/lib386/nt\flib7.lib(stdio.c)
00405300       StdBuffer_
00405320       StdWrite_
00405400       StdFlush_
00405430       StdWriteNL_
Module: D:\WATCOM/lib386/nt\clib3r.lib(main2wnt.c)
00405460       __NTMain
Module: D:\WATCOM/lib386/nt\clib3r.lib(segdefns)
00401003       ___begtext
00417000*      __nullarea
004183f0       __Start_XI
0041843e       __End_XI
0041843e       __Start_YI
0041846e       __End_YI
Module: D:\WATCOM/lib386/nt\clib3r.lib(chk8087.c)
004054e0*      _fpreset_
00405520       __chk8087_
00405530*      __init_8087_
Module: D:\WATCOM/lib386/nt\flib7.lib(english.c)
00405580       __UseEnglishCharSet_
Module: D:\WATCOM/lib386/nt\flib7.lib(errincl.c)
00405690       __InitError_
00417924+      _PGroupTable
00417928+      _PErrWord
Module: D:\WATCOM/lib386/nt\flib7.lib(_matherr.c)
004056b0*      __imath2err_
004056f0*      __amath1err_
00405720*      __amath2err_
00405750       __math2err_
00405860       __math1err_
00405870*      __zmath2err_
004058d0*      __qmath2err_
Module: D:\WATCOM/lib386/nt\clib3r.lib(mainwnt.c)
0041792c       ___TlsIndex
00417930       ___FirstThreadData
00417934       ___GetThreadPtr
00417938       __AccessFileH
0041793c       __ReleaseFileH
00417940       __AccessIOB
00417944       __ReleaseIOB
00417948       __AccessNHeap
0041794c       __AccessFHeap
00417950       __ReleaseNHeap
00405950*      __threadid_
00405970+      __sig_null_rtn_
00405980+      __NTInit_
00405b60+      __NTFini_
00405bc0       __NTMainInit_
00405c20       __exit_
00417954       __ReleaseFHeap
00417958       __AccessTDList
0041795c       __ReleaseTDList
00417960       __AccessFList
00417964       __ReleaseFList
00417968       __ThreadExitRtn
0041796c       ___sig_init_rtn
00417970       ___sig_fini_rtn
00417974       ___process_fini
00419088       ___Is_DLL
Module: D:\WATCOM/lib386/nt\flib7.lib(ioinit.c)
00405c80       IOSysInit_
Module: D:\WATCOM/lib386/nt\flib7.lib(fdutil.c)
00405cb0       LocFile_
00405cc0       LocUnit_
00405cf0       ExtractInfo_
Module: D:\WATCOM/lib386/nt\flib7.lib(rstdio.c)
00405e20       _InitStandardInput_
00405e50       _InitStandardOutput_
Module: D:\WATCOM/lib386/nt\flib7.lib(rmemmgr.c)
00405e80       RMemAlloc_
00405e90       RMemFree_
Module: D:\WATCOM/lib386/nt\clib3r.lib(memset.c)
00405ea0       memset_
Module: D:\WATCOM/lib386/nt\flib7.lib(deffname.c)
0041797c       _DefFName
Module: D:\WATCOM/lib386/nt\flib7.lib(stracc.c)
00405ec0       TrimStr_
00405f00       GetStr_
Module: D:\WATCOM/lib386/nt\flib7.lib(spawn.c)
00405f30       Spawn_
00405f90       Suicide_
Module: D:\WATCOM/lib386/nt\clib3r.lib(memicmp.c)
00405fd0       memicmp_
Module: D:\WATCOM/lib386/nt\flib7.lib(blderr.c)
00406090       Substitute_
00406250       ErrCodOrg_
Module: D:\WATCOM/lib386/nt\clib3r.lib(accsswnt.c)
00406260       access_
Module: D:\WATCOM/lib386/nt\clib3r.lib(fullpath.c)
004062a0+      _sys_fullpath_
00406320       _fullpath_
Module: D:\WATCOM/lib386/nt\clib3r.lib(fstatwnt.c)
00406390       fstat_
Module: D:\WATCOM/lib386/nt\flib7.lib(poserr.c)
004066f0       Errorf_
00406710*      EOFile_
00406730       ErrorMsg_
00406770       FSetTrunc_
00406780       FSetSysErr_
004067a0       FSetErr_
004067c0       FSetEof_
004067e0       IOOk_
Module: D:\WATCOM/lib386/nt\clib3r.lib(statwnt.c)
00406905       stat_
Module: D:\WATCOM/lib386/nt\flib7.lib(posopen.c)
00406b40       InitStd_
00406c00       SetIOBufferSize_
00406c20+      _AllocFile_
00406d10       Openf_
00406e00       Closef_
Module: D:\WATCOM/lib386/nt\flib7.lib(posdat.c)
00417b6c       _FStdIn
00417b70       _FStdOut
00417b74       _FStdErr
Module: D:\WATCOM/lib386/nt\flib7.lib(posflush.c)
00406e80       FlushBuffer_
Module: D:\WATCOM/lib386/nt\flib7.lib(posdel.c)
00406f30       Scratchf_
Module: D:\WATCOM/lib386/nt\clib3r.lib(nodefwin.c)
00417b78*      __WindowsIsWindowedHandle
00417b7c*      __WindowsRemoveWindowedHandle
00417b80*      __WindowsNewWindow
00417b84*      __WindowsCloseWindow
00417b88*      __WindowsSetAbout
00417b8c*      __WindowsSetAppTitle
00417b90*      __WindowsSetConTitle
00417b94*      __WindowsDestroyOnClose
00417b98*      __WindowsYieldControl
00417b9c*      __WindowsShutDown
00417ba0*      __WindowsStdin
00417ba4       __WindowsStdout
00417ba8*      __WindowsKbhit
00417bac*      __WindowsGetch
00417bb0*      __WindowsGetche
00417bb4*      __WindowsPutch
00406f50*      _dwShutDown_
00406f50*      _dwYield_
00406f50*      _dwSetConTitle_
00406f50*      _dwSetAppTitle_
00406f50*      _dwSetAboutDlg_
00406f50       _dwDeleteOnClose_
00417bb8*      __WindowsExitRtn
004196a4*      __init_default_win
Module: D:\WATCOM/lib386/nt\flib7.lib(posput.c)
00406f60       FPutRec_
00406fa0       ChopFile_
00406ff0*      PutRec_
00407110       writebytes_
00407190       SysWrite_
Module: D:\WATCOM/lib386/nt\flib7.lib(posget.c)
004072d0       readbytes_
004073a0       SysRead_
00407810       FGetRec_
00407840*      GetRec_
00407860       GetStdChar_
004078b0       FCheckLogical_
00407930       FSkipLogical_
00407a00*      FGetVarRecLen_
Module: D:\WATCOM/lib386/nt\flib7.lib(posseek.c)
00407af0       FSeekRec_
00407b30       CurrFileOffset_
00407b30       FGetFilePos_
00407b50       SysSeek_
00407d40*      FSeekAbs_
Module: D:\WATCOM/lib386/nt\clib3r.lib(stricmp.c)
00407d50       stricmp_
Module: D:\WATCOM/lib386/nt\flib7.lib(posrew.c)
00407d90       FRewind_
Module: D:\WATCOM/lib386/nt\flib7.lib(posback.c)
00407e00       FBackspace_
Module: D:\WATCOM/lib386/nt\flib7.lib(postrunc.c)
00407ee0       FTruncate_
Module: D:\WATCOM/lib386/nt\clib3r.lib(errno.c)
00407f00       __get_errno_ptr_
00407f10*      __get_doserrno_ptr_
Module: D:\WATCOM/lib386/nt\flib7.lib(sdfile.c)
00417bbc*      _FFCtrlSeq
00417bbe*      _SkipCtrlSeq
00417bc0       _NormalCtrlSeq
00417bc2       _SDTermIn
00417bc6       _SDTermOut
00417bca*      _SDPrtName
Module: D:\WATCOM/lib386/nt\flib7.lib(wrutils.c)
00407f20       F_SendData_
00407f80*      SendLine_
00407f90       SendEOR_
00408020*      SendInt_
00408050       SendStr_
00408070+      SendWSLStr_
00408090       SendChar_
004080b0       Drop_
00408270       IOItemResult_
Module: D:\WATCOM/lib386/nt\flib7.lib(rfmtutil.c)
00408320       R_ChkType_
00408350       R_NewRec_
00408390       R_ChkIType_
004083c0       R_ChkFType_
004083f0       R_ChkRecLen_
00408410+      GetLen_
00408450       R_FOStr_
00408460*      FOString_
004084d0       R_FIStr_
00408590       R_FOLog_
004085e0       R_FILog_
004086c0       R_FIFloat_
004088b0       GetReal_
004089c0       R_FOF_
00408a40       R_FOE_
00408b80+      FmtH2B_
00408c70       R_FIHex_
00408df0       R_FOHex_
00408e00*      FOHex_
00408f00       R_FIInt_
00409010       R_FOInt_
00409270       R_FOG_
004094f0+      ChkBuffLen_
Module: D:\WATCOM/lib386/nt\flib7.lib(arrayio.c)
004095b0       ArrayIOType_
Module: D:\WATCOM/lib386/nt\flib7.lib(unfmtout.c)
00409710       UnFmtOut_
Module: D:\WATCOM/lib386/nt\flib7.lib(freeout.c)
00409b60       FreeOut_
00417bd0+      _OutRtn
Module: D:\WATCOM/lib386/nt\flib7.lib(unfmtin.c)
00409c40       UnFmtIn_
00409ce0+      NextUnFmtRec_
Module: D:\WATCOM/lib386/nt\flib7.lib(freein.c)
0040a0c0+      GetNum_
0040a2c0       FreeIn_
0040a2d0*      DoFreeIn_
0040a300+      BumpComma_
0040a330+      Blanks_
0040a350+      CheckEor_
Module: D:\WATCOM/lib386/nt\flib7.lib(rttraps.c)
0040aa50       __EnableF77RTExceptionHandling_
0040aa60       R_TrapInit_
0040aaf0       R_TrapFini_
0040ab00*      __InitExceptionVectors_
Module: D:\WATCOM/lib386/nt\flib7.lib(errrtns.c)
004196a8       ___ErrorFini
004196ac       ___ErrorInit
004196b0       ___BldErrMsg
Module: D:\WATCOM/lib386/nt\clib3r.lib(atexit.c)
0040ab20       atexit_
Module: D:\WATCOM/lib386/nt\clib3r.lib(regdata.c)
0040ab80       __RegisterThreadDataSize_
Module: D:\WATCOM/lib386/nt\flib7.lib(errutil.c)
0040abb0       BldErrCode_
0040ac10*      MsgFormat_
0040ac40*      MsgBuffer_
00417c04+      _PGrpCodes
Module: D:\WATCOM/lib386/nt\clib3r.lib(enterdb.c)
0040ac70       __EnterWVIDEO_
00417c08       ___WD_Present
Module: D:\WATCOM/lib386/nt\clib3r.lib(iob.c)
00417c0c       ___iob
00417e14       __fmode
00419738       ___OpenStreams
0041973c       ___ClosedStreams
Module: D:\WATCOM/lib386/nt\clib3r.lib(setmd.c)
0040aca0       setmode_
Module: D:\WATCOM/lib386/nt\clib3r.lib(write.c)
0040afe0       write_
Module: D:\WATCOM/lib386/nt\clib3r.lib(initrtns.c)
0040b250       __InitRtns
0040b2a0       __FiniRtns
Module: D:\WATCOM/lib386/nt\clib3r.lib(mthrdini.c)
0040b300       __InitThreadData_
00417e18       ___ThreadDataSize
Module: D:\WATCOM/lib386/nt\clib3r.lib(cmain386.c)
0040b330       __CMain
Module: D:\WATCOM/lib386/nt\clib3r.lib(dosseg)
00001234       __DOSseg__
Module: D:\WATCOM/lib386/nt\clib3r.lib(8087cw.c)
00417e1c       __8087cw
Module: D:\WATCOM/lib386/nt\clib3r.lib(save8087.c)
00417e20       ___Save8087
00417e24       ___Rest8087
Module: D:\WATCOM/lib386/nt\clib3r.lib(init8087)
0040b374       __x87id
Module: D:\WATCOM/lib386/nt\flib7.lib(csetinfo.c)
00419740       _CharSetInfo
Module: D:\WATCOM/lib386/nt\flib7.lib(errmsg.c)
0040b6e0       _GroupTable
0040b790       _ErrWord
Module: D:\WATCOM/lib386/nt\clib3r.lib(hdlman.c)
00417e28+      ___NHandles
00417e2c+      ___OSHandles
00417e30+      ___FakeHandles
0040bdc0+      __growPOSIXHandles_
0040be60       __allocPOSIXHandle_
0040bf20       __freePOSIXHandle_
0040bf40       __getOSHandle_
0040bf50       __setOSHandle_
0040bfa0+      __NTGetFakeHandle_
0040c010       __initPOSIXHandles_
0040c0f0*      __set_handles_
0040c100*      _grow_handles_
Module: D:\WATCOM/lib386/nt\clib3r.lib(environ.c)
00419754       ___env_mask
00419758       _environ
0041975c       __wenviron
Module: D:\WATCOM/lib386/nt\clib3r.lib(getmodfn.c)
0040c140       __lib_GetModuleFileNameW_
Module: D:\WATCOM/lib386/nt\clib3r.lib(strdup.c)
0040c1e0       __clib_strdup_
Module: D:\WATCOM/lib386/nt\clib3r.lib(istable.c)
0040c220       __IsTable
Module: D:\WATCOM/lib386/nt\clib3r.lib(ustrdup.c)
0040c321       __clib_wcsdup_
Module: D:\WATCOM/lib386/nt\clib3r.lib(nfree.c)
0040c350       _nfree_
0040c350       free_
00419760       ___MiniHeapFreeRover
Module: D:\WATCOM/lib386/nt\clib3r.lib(excptwnt.c)
0040cac0+      ___ReportException@4
0040cf10       __DefaultExceptionHandler_
0040cf50+      ___ExceptionFilter
0040d160       __NewExceptionFilter_
0040d190       __DoneExceptionFilter_
00417e3c       ___oscode_check_func
00417e40       ___raise_func
00419764*      _sw
00419768       ___ExceptionHandled
00419769+      ___ReportInvoked
Module: D:\WATCOM/lib386/nt\clib3r.lib(stklmwnt.c)
0040d1d0       __init_stack_limits_
Module: D:\WATCOM/lib386/nt\clib3r.lib(getenv.c)
0040d240       getenv_
Module: D:\WATCOM/lib386/nt\clib3r.lib(ltoa.c)
0040d2d0       ultoa_
0040d320       ltoa_
Module: D:\WATCOM/lib386/nt\clib3r.lib(nmalloc.c)
0040d350       _nmalloc_
0040d350       malloc_
00417e58       ___nheapbeg
00417e5c       ___MiniHeapRover
00417e60       ___LargestSizeB4MiniHeapRover
Module: D:\WATCOM/lib386/nt\clib3r.lib(__stos)
0040d450       __STOSB
0040d487*      __STOSD
Module: D:\WATCOM/lib386/nt\clib3r.lib(setjmp)
0040d4f4       _setjmp_
0040d52d       longjmp_
Module: D:\WATCOM/lib386/nt\clib3r.lib(exit.c)
0040d5b5+      __null_int23_exit_
0040d5b6       exit_
0040d606*      _exit_
00417e64+      ___int23_exit
00417e68+      ___FPE_handler_exit
Module: D:\WATCOM/lib386/nt\clib3r.lib(memmove.c)
0040d620       memmove_
Module: D:\WATCOM/lib386/nt\clib3r.lib(itoa.c)
0040d680       utoa_
0040d6d0       itoa_
Module: D:\WATCOM/lib386/nt\clib3r.lib(fgtattr.c)
0040d700       __fixed_GetFileAttributesA_
Module: D:\WATCOM/lib386/nt\clib3r.lib(dosret.c)
0040d7a0*      _dosretax_
0040d7b0*      _dosret0_
0040d7c0       __set_errno_dos_
0040d7f0*      __set_errno_dos_reterr_
0040d800       __set_errno_nt_
0040d810*      __set_errno_nt_reterr_
Module: D:\WATCOM/lib386/nt\clib3r.lib(seterrno.c)
0040d824       __set_errno_
0040d832*      __set_EDOM_
0040d840       __set_ERANGE_
0040d84e*      __set_EINVAL_
0040d861       __set_doserrno_
Module: D:\WATCOM/lib386/nt\clib3r.lib(gtcwdwnt.c)
0040d870       getcwd_
Module: D:\WATCOM/lib386/nt\clib3r.lib(iomode.c)
0040d900       __GetIOMode_
0040d920       __SetIOMode_nogrow_
00417f70       ___NFiles
00417f74       ___init_mode
00417fc4       ___io_mode
Module: D:\WATCOM/lib386/nt\clib3r.lib(iomodtty.c)
0040d940       __ChkTTYIOMode_
0040d980       __IOMode_
Module: D:\WATCOM/lib386/nt\clib3r.lib(ntdirinf.c)
0040d9a0       __MakeDOSDT_
0040d9d0*      __FromDOSDT_
0040da00*      __GetNTDirInfo_
0040da40*      __NTFindNextFileWithAttr_
Module: D:\WATCOM/lib386/nt\clib3r.lib(d2ttime.c)
0040daa0       _d2ttime_
Module: D:\WATCOM/lib386/nt\clib3r.lib(strerror.c)
0040de40       strerror_
0040de60*      _strerror_
0040df30*      _doserror_
00417fc8+      __sys_errlist
0041806c+      __sys_nerr
Module: D:\WATCOM/lib386/nt\clib3r.lib(_strcmp)
0040df60       strcmp_
Module: D:\WATCOM/lib386/nt\clib3r.lib(mbspbrk.c)
0040e0a0       _mbspbrk_
Module: D:\WATCOM/lib386/nt\clib3r.lib(mbsinc.c)
0040e0f0       _mbsinc_
Module: D:\WATCOM/lib386/nt\clib3r.lib(tolower.c)
0040e120       tolower_
Module: D:\WATCOM/lib386/nt\clib3r.lib(stiomode.c)
0040e130       __grow_iomode_
0040e200+      __shrink_iomode_
0040e240       __SetIOMode_
Module: D:\WATCOM/lib386/nt\clib3r.lib(close.c)
0040e2b0       close_
Module: D:\WATCOM/lib386/nt\clib3r.lib(openwnt.c)
0040e4d0*      open_
0040e4f0       sopen_
Module: D:\WATCOM/lib386/nt\clib3r.lib(lseek.c)
0040e520       lseek_
Module: D:\WATCOM/lib386/nt\flib7.lib(poscc.c)
0040e570*      __LineFeedWithFormFeed_
0040e580       FSetCC_
Module: D:\WATCOM/lib386/nt\clib3r.lib(unlnkwnt.c)
0040e5e0       unlink_
Module: D:\WATCOM/lib386/nt\clib3r.lib(chsizwnt.c)
0040e660       chsize_
Module: D:\WATCOM/lib386/nt\clib3r.lib(read.c)
0040e750       read_
Module: D:\WATCOM/lib386/nt\flib7.lib(ifile.c)
0040e8e0       SendIFBuff_
0040e910       NextIFBuff_
Module: D:\WATCOM/lib386/nt\flib7.lib(cctrl.c)
0040e940       CheckCCtrl_
Module: D:\WATCOM/lib386/nt\flib7.lib(rdutils.c)
0040e9b0       NextRec_
Module: D:\WATCOM/lib386/nt\flib7.lib(undefcg.c)
0040eb50       OutLogCG_
0040eb60       OutIntCG_
0040eba0+      FmtRealCG_
0040ebd0+      FmtDoubleCG_
0040ec00+      FmtExtendedCG_
0040ec30+      UndefIntCG_
0040ec30+      UndefLogCG_
0040ec30+      UndefExtendedCG_
0040ec30+      UndefDoubleCG_
0040ec30+      UndefRealCG_
0040ec40+      GetRealCG_
00418078       _FmtRealRtn
0041807c       _FmtDoubleRtn
00418080       _FmtExtendedRtn
00418084       _SendStrRtn
00418088       _UndefRealRtn
0041808c       _UndefDoubleRtn
00418090       _UndefExtendedRtn
00418094       _UndefLogRtn
00418098       _UndefIntRtn
0041809c       _GetRealRtn
Module: D:\WATCOM/lib386/nt\flib7.lib(rfmtlog.c)
0040ec60       R_FmtLog_
Module: D:\WATCOM/lib386/nt\clib3r.lib(toupper.c)
0040ec90       toupper_
Module: D:\WATCOM/lib386/nt\flib7.lib(fmtcnvt.c)
0040eca0       FmtS2I_
0040edd0       FmtS2F_
Module: D:\WATCOM/lib386/nt\flib7.lib(fmtrtns.c)
0040f1a0       R_F2E_
0040f310       R_F2F_
0040f4a0       SetMaxPrec_
Module: D:\WATCOM/lib386/nt\flib7.lib(flt86.c)
0040f4b0       _P1d100
0040f4b8       _P1d_99
Module: D:\WATCOM/lib386\math387r.lib(pow87)
0040f619*      pow_
0040f4c0       IF@DPOW
0040f4c0*      IF@POW
Module: D:\WATCOM/lib386/nt\flib7.lib(hexcnv.c)
0040f640       Hex_
0040f660*      HSToB_
0040f6d0       BToHS_
Module: D:\WATCOM/lib386/nt\clib3r.lib(strupr.c)
0040f720       strupr_
Module: D:\WATCOM/lib386/nt\flib7.lib(unfmtutl.c)
0040f740       _SizeVars
Module: D:\WATCOM/lib386/nt\flib7.lib(chrutils.c)
0040f750       JmpBlanks_
Module: D:\WATCOM/lib386/nt\clib3r.lib(signlwnt.c)
004180a0+      __SignalTable
0040f770+      __SetSignalFunc_
0040f7c0+      __GetSignalFunc_
0040f7f0+      __GetSignalOSCode_
0040f820+      __CheckSignalExCode_
0040f960+      __sigabort_
0040f970       __sigfpe_handler_
0040f9c0       signal_
0040fa50+      raise_
0040fac0+      __SigInit_
0040fb10+      __SigFini_
0040fb50+      __sig_init_
Module: D:\WATCOM/lib386/nt\flib7.lib(fptraps.c)
0040fc30*      __MaskDefaultFPE_
0040fc50       FPTrapInit_
0040fc80       FPTrapFini_
Module: D:\WATCOM/lib386/nt\clib3r.lib(trdlist.c)
0040fcf0       __GetThreadData_
0040fd40       __ReallocThreadData_
0040fe30       __AddThreadData_
0040feb0       __RemoveThreadData_
0040ff10       __ResizeThreadDataList_
0040ff40       __FreeThreadDataList_
0040ff70*      __ActiveThreads_
Module: D:\WATCOM/lib386/nt\flib7.lib(errgrp.c)
0040ff90       _GrpCodes
Module: D:\WATCOM/lib386/nt\clib3r.lib(initfile.c)
00410050       __InitFiles_
Module: D:\WATCOM/lib386/nt\clib3r.lib(ioexit.c)
00410150*      fcloseall_
00410160       __full_io_exit_
Module: D:\WATCOM/lib386/nt\clib3r.lib(stackwnt.c)
00410170       stackavail_
Module: D:\WATCOM/lib386/nt\clib3r.lib(stk)
00410181*      __CHK
00410191*      __STK
004101b0       __STKOVERFLOW_
004101c0*      __GRO
004101e0*      __alloca_probe
Module: D:\WATCOM/lib386/nt\clib3r.lib(cinit.c)
00410200       __CommonInit_
Module: D:\WATCOM/lib386/nt\clib3r.lib(___argc.c)
00419874       ____Argc
00419878       ____Argv
Module: D:\WATCOM/lib386/nt\flib7.lib(rtmain.c)
00410210       main_
Module: D:\WATCOM/lib386/nt\clib3r.lib(nrealloc.c)
00410230*      _nrealloc_
00410230       realloc_
Module: D:\WATCOM/lib386/nt\clib3r.lib(setenvp.c)
004102b0       __setenvp_
00410370       __freeenvp_
Module: D:\WATCOM/lib386/nt\clib3r.lib(ustrlen.c)
004103bd       wcslen_
Module: D:\WATCOM/lib386/nt\clib3r.lib(memcpy.c)
004103d0       memcpy_
Module: D:\WATCOM/lib386/nt\clib3r.lib(mem.c)
004103f0       __MemAllocator
004104a0       __MemFree
Module: D:\WATCOM/lib386/nt\clib3r.lib(conutwnt.c)
004105f0*      __NTRealKey_
004106a0*      __NTConsoleInput_
004106b0       __NTConsoleOutput_
Module: D:\WATCOM/lib386/nt\clib3r.lib(fclex387.c)
004106c0       _ClearFPE_
Module: D:\WATCOM/lib386/nt\clib3r.lib(mbterm.c)
004106d0       _mbterm_
Module: D:\WATCOM/lib386/nt\clib3r.lib(mbsnextc.c)
00410710       _mbsnextc_
Module: D:\WATCOM/lib386/nt\clib3r.lib(mbcupper.c)
00410750       _mbctoupper_
Module: D:\WATCOM/lib386/nt\clib3r.lib(alphabet.c)
004172d0       ___Alphabet
Module: D:\WATCOM/lib386/nt\clib3r.lib(nmemneed.c)
00410780       __nmemneed_
Module: D:\WATCOM/lib386/nt\clib3r.lib(grownear.c)
004108f0       __ExpandDGROUP_
Module: D:\WATCOM/lib386/nt\clib3r.lib(ljmphdl.c)
00418124       ___longjmp_handler
Module: D:\WATCOM/lib386/nt\clib3r.lib(isattwnt.c)
00410920       isatty_
Module: D:\WATCOM/lib386/nt\clib3r.lib(strncpy.c)
00410940       strncpy_
Module: D:\WATCOM/lib386/nt\clib3r.lib(mktime.c)
00410980       mktime_
Module: D:\WATCOM/lib386/nt\clib3r.lib(mbschr.c)
00410a10       _mbschr_
Module: D:\WATCOM/lib386/nt\clib3r.lib(mbisdbcs.c)
00419880       ___IsDBCS
Module: D:\WATCOM/lib386/nt\clib3r.lib(mbislead.c)
00410a70*      _ismbblead_
00419884       ___MBCSIsTable
Module: D:\WATCOM/lib386/nt\clib3r.lib(_clsewnt.c)
00410a90       __close_
Module: D:\WATCOM/lib386/nt\clib3r.lib(ntfio.c)
00410af0*      __GetNTCreateAttr_
00410b30       __GetNTAccessAttr_
00410b60       __GetNTShareAttr_
Module: D:\WATCOM/lib386/nt\clib3r.lib(umaskval.c)
00418128       ___umaskval
Module: D:\WATCOM/lib386/nt\clib3r.lib(__lseek.c)
00410bc0       __lseek_
Module: D:\WATCOM/lib386/nt\flib7.lib(expchk.c)
00410c00       ToFFormat_
Module: D:\WATCOM/lib386/nt\flib7.lib(intarith.c)
00410c50       AddIOFlo_
00410c60*      SubIOFlo_
00410c70       MulIOFlo_
Module: D:\WATCOM/lib386\math387r.lib(strtod.c)
00411193+      __Strtold_
004112fa       strtod_
Module: D:\WATCOM/lib386\math387r.lib(ldcvt.c)
0041151d       _LDScale10x_
00411ac4       __LDcvt_
Module: D:\WATCOM/lib386/nt\clib3r.lib(chipvar)
004181d4       ___chipbug
004181d4       __chipbug
Module: D:\WATCOM/lib386\math387r.lib(pow87e.c)
00411f14       __pow87_err_
Module: D:\WATCOM/lib386/nt\clib3r.lib(chipd32.asm)
004120b3       __fdiv_fpr
00412575*      __fdiv_chk
00412588*      __fdiv_m32
004125d5*      __fdiv_m64
00412622*      __fdiv_m32r
0041266f*      __fdiv_m64r
Module: D:\WATCOM/lib386/nt\clib3r.lib(abort.c)
004126d1*      abort_
004126e3       __terminate_
004181d8       ___abort
Module: D:\WATCOM/lib386/nt\clib3r.lib(cntrl87.c)
00412700       _control87_
Module: D:\WATCOM/lib386/nt\clib3r.lib(mthread.c)
004128e0+      __CloseSemaphore_
00412920+      __AccessIOB_
00412930+      __ReleaseIOB_
00412940+      __AccessFileH_
00412950+      __ReleaseFileH_
00412960+      __AccessNHeap_
00412970+      __ReleaseNHeap_
00412980+      __AccessFHeap_
00412990+      __ReleaseFHeap_
004129a0+      __AccessTDList_
004129b0+      __ReleaseTDList_
004129c0+      __AccessFList_
004129d0+      __AccessSemaphore_
00412a30+      __ReleaseFList_
00412a40+      __ReleaseSemaphore_
00412a70+      __MultipleThread_
00412ac0+      __AllocInitThreadData_
00412b10*      __FreeInitThreadData_
00412b20       __NTThreadInit_
00412b90       __NTAddThread_
00412be0       __NTRemoveThread_
00412c70       __InitMultipleThread_
004181dc+      ___AccessSema4
004181e0+      ___ReleaseSema4
004181e4+      ___CloseSema4
Module: D:\WATCOM/lib386/nt\clib3r.lib(xmsgwnt.c)
00412e30+      __exit_with_msg_
00412e90       __fatal_runtime_error_
Module: D:\WATCOM/lib386/nt\clib3r.lib(calloc.c)
00412eb0       calloc_
Module: D:\WATCOM/lib386/nt\clib3r.lib(register.c)
00412ee0       __initthread_
00412ef0*      _beginthread_
00412f00       _endthread_
00412f10*      __RegisterThreadData_
Module: D:\WATCOM/lib386/nt\clib3r.lib(fclose.c)
00412f60+      __doclose_
00413000       __shutdown_stream_
00413020*      fclose_
0041a0f4+      ___RmTmpFileFn
Module: D:\WATCOM/lib386/nt\clib3r.lib(freefp.c)
00413070       __freefp_
004130c0       __purgefp_
Module: D:\WATCOM/lib386/nt\clib3r.lib(argcv.c)
0041a0f8       __argc
0041a0fc       __argv
0041a100       ___argv
0041a104       ___argc
Module: D:\WATCOM/lib386/nt\clib3r.lib(nmsize.c)
004130f0       _nmsize_
004130f0*      _msize_
Module: D:\WATCOM/lib386/nt\clib3r.lib(nexpand.c)
00413100       _nexpand_
00413100*      _expand_
00413140+      __HeapManager_expand_
Module: D:\WATCOM/lib386/nt\clib3r.lib(dofilstr.c)
00413320       __ParsePosixHandleStr_
Module: D:\WATCOM/lib386/nt\clib3r.lib(clearenv.c)
00413440       clearenv_
Module: D:\WATCOM/lib386/nt\clib3r.lib(mbconv.c)
004134d0       _mbvtop_
Module: D:\WATCOM/lib386/nt\clib3r.lib(amblksiz.c)
004181f4       __amblksiz
Module: D:\WATCOM/lib386/nt\clib3r.lib(heapen.c)
004134f0*      _heapenable_
004181f8       ___heap_enabled
Module: D:\WATCOM/lib386/nt\clib3r.lib(nheapmin.c)
00413520       _nheapshrink_
00413520*      _nheapmin_
00413520*      _heapmin_
00413520       _heapshrink_
Module: D:\WATCOM/lib386/nt\clib3r.lib(locmktim.c)
00413610       __local_mktime_
Module: D:\WATCOM/lib386/nt\clib3r.lib(gmtime.c)
00413790       __brktime_
00413890+      _gmtime_
004138b0*      gmtime_
Module: D:\WATCOM/lib386/nt\clib3r.lib(tzset.c)
004181fc       ___start_dst
00418220       ___end_dst
00418348*      _tzname
00418350       _timezone
00418354       _daylight
00418358       ___dst_adjust
00413920*      __DontCacheOSTZ_
00413930*      __CacheOSTZ_
00413e10+      __parse_tz_
00414200       tzset_
Module: D:\WATCOM/lib386/nt\clib3r.lib(timeutil.c)
00414370       __isindst_
Module: D:\WATCOM/lib386/nt\clib3r.lib(mbclen.c)
004146a0       _mbclen_
Module: D:\WATCOM/lib386/nt\clib3r.lib(mbccmp.c)
004146d0       _mbccmp_
Module: D:\WATCOM/lib386/nt\clib3r.lib(mbinit.c)
00414745       __mbinit_
00418360       ___MBCodePage
Module: D:\WATCOM/lib386\math387r.lib(bufld386)
00414834       __ZBuf2LD
Module: D:\WATCOM/lib386\math387r.lib(inf_nan.c)
004148d7*      ___f_infinity
004148db*      ___f_posqnan
004148df       ___d_infinity
004148e7       ___d_posqnan
004148ef*      ___ld_infinity
004148f7*      ___ld_posqnan
Module: D:\WATCOM/lib386/nt\clib3r.lib(hugeval.c)
00414900       __HugeValue
Module: D:\WATCOM/lib386\math387r.lib(ldclass.c)
00414908       __LDClass_
00414958*      _FLClass_
Module: D:\WATCOM/lib386/nt\clib3r.lib(chipbug.c)
00414970       __verify_pentium_fdiv_bug_
Module: D:\WATCOM/lib386/nt\clib3r.lib(trdalloc.c)
004149d0       __FiniThreadProcessing_
Module: D:\WATCOM/lib386/nt\clib3r.lib(thredwnt.c)
00414a90       __CBeginThread_
00414b30       __CEndThread_
Module: D:\WATCOM/lib386/nt\clib3r.lib(flush.c)
00414b70       __flush_
Module: D:\WATCOM/lib386/nt\clib3r.lib(initargv.c)
00414c70       __Init_Argv_
00414cc0+      _getargv_
00414e60       __Fini_Argv_
Module: D:\WATCOM/lib386/nt\clib3r.lib(strtol.c)
00415090*      strtoul_
004150a0       strtol_
Module: D:\WATCOM/lib386/nt\clib3r.lib(putenv.c)
004150b0       putenv_
00415340       __putenv_
Module: D:\WATCOM/lib386/nt\clib3r.lib(leapyear.c)
004154b0       __leapyear_
00417300       ___diyr
0041731a       ___dilyr
Module: D:\WATCOM/lib386/nt\clib3r.lib(wcstombs.c)
004154f0       wcstombs_
Module: D:\WATCOM/lib386/nt\clib3r.lib(fsync.c)
00415590       fsync_
Module: D:\WATCOM/lib386/nt\clib3r.lib(qwrit.c)
004155e0       __qwrite_
Module: D:\WATCOM/lib386/nt\clib3r.lib(histsplt.c)
0041a10c       ___historical_splitparms
Module: D:\WATCOM/lib386/nt\clib3r.lib(mbslen.c)
004156c0       _mbslen_
Module: D:\WATCOM/lib386/nt\clib3r.lib(mbstowcs.c)
004156f0       mbstowcs_
Module: D:\WATCOM/lib386/nt\clib3r.lib(uputenv.c)
00415770*      _wputenv_
00415990       __wputenv_
Module: D:\WATCOM/lib386/nt\clib3r.lib(wctomb.c)
00415a90       wctomb_
Module: D:\WATCOM/lib386/nt\clib3r.lib(mbtowc.c)
00415ad0       mbtowc_
Module: D:\WATCOM/lib386/nt\clib3r.lib(ustrchr.c)
00415b60       wcschr_
Module: D:\WATCOM/lib386/nt\clib3r.lib(setenvar.c)
00415b80       __lib_SetEnvironmentVariableW_
Module: D:\WATCOM/lib386/nt\clib3r.lib(crtwenv.c)
00415c70       __create_wide_environment_
Module: D:\WATCOM/lib386/nt\clib3r.lib(utoupper.c)
00415cd8       towupper_


                        +----------------------+
                        |   Imported Symbols   |
                        +----------------------+

Symbol                              Module
======                              ======

_MessageBoxA@16                     USER32.DLL
_GetEnvironmentStringsA@0           KERNEL32.DLL
_GetVersion@0                       KERNEL32.DLL
_GetModuleFileNameA@12              KERNEL32.DLL
_GetCommandLineA@0                  KERNEL32.DLL
_GetCommandLineW@0                  KERNEL32.DLL
_FreeEnvironmentStringsA@4          KERNEL32.DLL
_GetModuleHandleA@4                 KERNEL32.DLL
_ExitProcess@4                      KERNEL32.DLL
_RtlUnwind@16                       KERNEL32.DLL
_GetFullPathNameA@16                KERNEL32.DLL
_GetFileType@4                      KERNEL32.DLL
_GetFileInformationByHandle@8       KERNEL32.DLL
_GetFileTime@16                     KERNEL32.DLL
_GetFileSize@8                      KERNEL32.DLL
_CreateFileA@28                     KERNEL32.DLL
_CloseHandle@4                      KERNEL32.DLL
_GetLastError@0                     KERNEL32.DLL
_GetDriveTypeA@4                    KERNEL32.DLL
_FindFirstFileA@8                   KERNEL32.DLL
_FindClose@4                        KERNEL32.DLL
_SetFilePointer@16                  KERNEL32.DLL
_WriteFile@20                       KERNEL32.DLL
_GetCurrentThreadId@0               KERNEL32.DLL
_SetStdHandle@8                     KERNEL32.DLL
_CreateEventA@16                    KERNEL32.DLL
_GetStdHandle@4                     KERNEL32.DLL
_GetModuleFileNameW@12              KERNEL32.DLL
_MultiByteToWideChar@24             KERNEL32.DLL
_LoadLibraryA@4                     KERNEL32.DLL
_GetProcAddress@8                   KERNEL32.DLL
_SetUnhandledExceptionFilter@4      KERNEL32.DLL
_UnhandledExceptionFilter@4         KERNEL32.DLL
_VirtualQuery@12                    KERNEL32.DLL
_GetFileAttributesA@4               KERNEL32.DLL
_GetCurrentDirectoryA@8             KERNEL32.DLL
_FileTimeToLocalFileTime@8          KERNEL32.DLL
_FileTimeToDosDateTime@12           KERNEL32.DLL
_DosDateTimeToFileTime@12           KERNEL32.DLL
_LocalFileTimeToFileTime@8          KERNEL32.DLL
_FindNextFileA@8                    KERNEL32.DLL
_FormatMessageA@28                  KERNEL32.DLL
_DeleteFileA@4                      KERNEL32.DLL
_SetEndOfFile@4                     KERNEL32.DLL
_ReadFile@20                        KERNEL32.DLL
_SetConsoleCtrlHandler@8            KERNEL32.DLL
_TlsGetValue@4                      KERNEL32.DLL
_TlsSetValue@8                      KERNEL32.DLL
_CharUpperA@4                       USER32.DLL
_VirtualAlloc@16                    KERNEL32.DLL
_InitializeCriticalSection@4        KERNEL32.DLL
_DeleteCriticalSection@4            KERNEL32.DLL
_LeaveCriticalSection@4             KERNEL32.DLL
_EnterCriticalSection@4             KERNEL32.DLL
_SetLastError@4                     KERNEL32.DLL
_TlsAlloc@0                         KERNEL32.DLL
_TlsFree@4                          KERNEL32.DLL
_VirtualFree@12                     KERNEL32.DLL
_GetTimeZoneInformation@4           KERNEL32.DLL
_GetACP@0                           KERNEL32.DLL
_GetOEMCP@0                         KERNEL32.DLL
_GetCPInfo@8                        KERNEL32.DLL
_CreateThread@24                    KERNEL32.DLL
_ResumeThread@4                     KERNEL32.DLL
_ExitThread@4                       KERNEL32.DLL
_SetEnvironmentVariableA@8          KERNEL32.DLL
_FlushFileBuffers@4                 KERNEL32.DLL
_WideCharToMultiByte@32             KERNEL32.DLL
_SetEnvironmentVariableW@8          KERNEL32.DLL


                        +--------------------+
                        |   Libraries Used   |
                        +--------------------+

D:\WATCOM/lib386/nt\kernel32.lib
D:\WATCOM/lib386/nt\user32.lib
D:\WATCOM/lib386/nt\flib7.lib
D:\WATCOM/lib386\math387r.lib
D:\WATCOM/lib386/nt\clib3r.lib
D:\WATCOM/lib386/nt\emu387.lib


                        +-----------------------+
                        |   Linker Statistics   |
                        +-----------------------+

Stack size:  00010000 (65536.)
Memory size:  0002871c (165660.)
Entry point address: 00402f54
Link time: 00:00.88
